trcKernelPort.c:160:10:prvTraceGetQueueNumber	16	static
trcKernelPort.c:166:9:prvTraceGetQueueType	16	static
trcKernelPort.c:173:10:prvTraceGetTaskNumberLow16	16	static
trcKernelPort.c:178:10:prvTraceGetTaskNumberHigh16	16	static
trcKernelPort.c:183:6:prvTraceSetTaskNumberLow16	16	static
trcKernelPort.c:188:6:prvTraceSetTaskNumberHigh16	16	static
trcKernelPort.c:193:10:prvTraceGetQueueNumberLow16	16	static
trcKernelPort.c:198:10:prvTraceGetQueueNumberHigh16	16	static
trcKernelPort.c:203:6:prvTraceSetQueueNumberLow16	16	static
trcKernelPort.c:208:6:prvTraceSetQueueNumberHigh16	16	static
trcKernelPort.c:792:6:vTraceSetQueueName	16	static
trcKernelPort.c:805:6:vTraceSetSemaphoreName	16	static
trcKernelPort.c:818:6:vTraceSetMutexName	16	static
trcKernelPort.c:868:7:prvTraceGetCurrentTaskHandle	8	static
trcKernelPort.c:907:6:vTraceEnable	16	static
trcKernelPort.c:963:6:vTraceInitObjectPropertyTable	4	static
trcKernelPort.c:1006:6:vTraceInitObjectHandleStack	4	static
trcKernelPort.c:1030:13:pszTraceGetErrorNotEnoughHandles	16	static
