Archive member included to satisfy reference by file (symbol)

/home/agustinoli/Documents/MCUXpresso/workspace/CMSISv2p00_LPC17xx/Debug/libCMSISv2p00_LPC17xx.a(system_LPC17xx.o)
                              ./src/cr_startup_lpc175x_6x_bkp.o (SystemInit)
/usr/local/mcuxpressoide-11.1.0_3209/ide/plugins/com.nxp.mcuxpresso.tools.linux_11.1.0.201909161352/tools/bin/../lib/gcc/arm-none-eabi/8.3.1/../../../../arm-none-eabi/lib/thumb/v7-m/nofp/libcr_c.a(memcpy.o)
                              ./src/queue.o (memcpy)
/usr/local/mcuxpressoide-11.1.0_3209/ide/plugins/com.nxp.mcuxpresso.tools.linux_11.1.0.201909161352/tools/bin/../lib/gcc/arm-none-eabi/8.3.1/../../../../arm-none-eabi/lib/thumb/v7-m/nofp/libcr_c.a(memset.o)
                              ./src/tasks.o (memset)
/usr/local/mcuxpressoide-11.1.0_3209/ide/plugins/com.nxp.mcuxpresso.tools.linux_11.1.0.201909161352/tools/bin/../lib/gcc/arm-none-eabi/8.3.1/../../../../arm-none-eabi/lib/thumb/v7-m/nofp/libcr_c.a(__weak__main.o)
                              ./src/cr_startup_lpc175x_6x_bkp.o (__main)
/usr/local/mcuxpressoide-11.1.0_3209/ide/plugins/com.nxp.mcuxpresso.tools.linux_11.1.0.201909161352/tools/bin/../lib/gcc/arm-none-eabi/8.3.1/../../../../arm-none-eabi/lib/thumb/v7-m/nofp/libcr_c.a(fpprintf.o)
                              ./src/tasks.o (sprintf)
/usr/local/mcuxpressoide-11.1.0_3209/ide/plugins/com.nxp.mcuxpresso.tools.linux_11.1.0.201909161352/tools/bin/../lib/gcc/arm-none-eabi/8.3.1/../../../../arm-none-eabi/lib/thumb/v7-m/nofp/libcr_c.a(printf.o)
                              /usr/local/mcuxpressoide-11.1.0_3209/ide/plugins/com.nxp.mcuxpresso.tools.linux_11.1.0.201909161352/tools/bin/../lib/gcc/arm-none-eabi/8.3.1/../../../../arm-none-eabi/lib/thumb/v7-m/nofp/libcr_c.a(fpprintf.o) (__vfprintf)
/usr/local/mcuxpressoide-11.1.0_3209/ide/plugins/com.nxp.mcuxpresso.tools.linux_11.1.0.201909161352/tools/bin/../lib/gcc/arm-none-eabi/8.3.1/../../../../arm-none-eabi/lib/thumb/v7-m/nofp/libcr_c.a(stdlib.o)
                              ./src/tp4_olivaarias.o (rand)
/usr/local/mcuxpressoide-11.1.0_3209/ide/plugins/com.nxp.mcuxpresso.tools.linux_11.1.0.201909161352/tools/bin/../lib/gcc/arm-none-eabi/8.3.1/../../../../arm-none-eabi/lib/thumb/v7-m/nofp/libcr_c.a(strcpy.o)
                              ./src/tasks.o (strcpy)
/usr/local/mcuxpressoide-11.1.0_3209/ide/plugins/com.nxp.mcuxpresso.tools.linux_11.1.0.201909161352/tools/bin/../lib/gcc/arm-none-eabi/8.3.1/../../../../arm-none-eabi/lib/thumb/v7-m/nofp/libcr_c.a(strlen.o)
                              ./src/tasks.o (strlen)
/usr/local/mcuxpressoide-11.1.0_3209/ide/plugins/com.nxp.mcuxpresso.tools.linux_11.1.0.201909161352/tools/bin/../lib/gcc/arm-none-eabi/8.3.1/../../../../arm-none-eabi/lib/thumb/v7-m/nofp/libcr_c.a(strncmp.o)
                              ./src/trcSnapshotRecorder.o (strncmp)
/usr/local/mcuxpressoide-11.1.0_3209/ide/plugins/com.nxp.mcuxpresso.tools.linux_11.1.0.201909161352/tools/bin/../lib/gcc/arm-none-eabi/8.3.1/../../../../arm-none-eabi/lib/thumb/v7-m/nofp/libcr_c.a(_deferredlazyseek.o)
                              /usr/local/mcuxpressoide-11.1.0_3209/ide/plugins/com.nxp.mcuxpresso.tools.linux_11.1.0.201909161352/tools/bin/../lib/gcc/arm-none-eabi/8.3.1/../../../../arm-none-eabi/lib/thumb/v7-m/nofp/libcr_c.a(fpprintf.o) (__flsbuf)
/usr/local/mcuxpressoide-11.1.0_3209/ide/plugins/com.nxp.mcuxpresso.tools.linux_11.1.0.201909161352/tools/bin/../lib/gcc/arm-none-eabi/8.3.1/../../../../arm-none-eabi/lib/thumb/v7-m/nofp/libcr_c.a(_fflush.o)
                              /usr/local/mcuxpressoide-11.1.0_3209/ide/plugins/com.nxp.mcuxpresso.tools.linux_11.1.0.201909161352/tools/bin/../lib/gcc/arm-none-eabi/8.3.1/../../../../arm-none-eabi/lib/thumb/v7-m/nofp/libcr_c.a(_deferredlazyseek.o) (_fflush)
/usr/local/mcuxpressoide-11.1.0_3209/ide/plugins/com.nxp.mcuxpresso.tools.linux_11.1.0.201909161352/tools/bin/../lib/gcc/arm-none-eabi/8.3.1/../../../../arm-none-eabi/lib/thumb/v7-m/nofp/libcr_c.a(_frexpl.o)
                              /usr/local/mcuxpressoide-11.1.0_3209/ide/plugins/com.nxp.mcuxpresso.tools.linux_11.1.0.201909161352/tools/bin/../lib/gcc/arm-none-eabi/8.3.1/../../../../arm-none-eabi/lib/thumb/v7-m/nofp/libcr_c.a(fpprintf.o) (_frexpl)
/usr/local/mcuxpressoide-11.1.0_3209/ide/plugins/com.nxp.mcuxpresso.tools.linux_11.1.0.201909161352/tools/bin/../lib/gcc/arm-none-eabi/8.3.1/../../../../arm-none-eabi/lib/thumb/v7-m/nofp/libcr_c.a(_ldexpl.o)
                              /usr/local/mcuxpressoide-11.1.0_3209/ide/plugins/com.nxp.mcuxpresso.tools.linux_11.1.0.201909161352/tools/bin/../lib/gcc/arm-none-eabi/8.3.1/../../../../arm-none-eabi/lib/thumb/v7-m/nofp/libcr_c.a(fpprintf.o) (_ldexpl)
/usr/local/mcuxpressoide-11.1.0_3209/ide/plugins/com.nxp.mcuxpresso.tools.linux_11.1.0.201909161352/tools/bin/../lib/gcc/arm-none-eabi/8.3.1/../../../../arm-none-eabi/lib/thumb/v7-m/nofp/libcr_c.a(_writebuf.o)
[...]
Memory Configuration

Name             Origin             Length             Attributes
MFlash512        0x0000000000000000 0x0000000000080000 xr
RamLoc32         0x0000000010000000 0x0000000000008000 xrw
RamAHB32         0x000000002007c000 0x0000000000008000 xrw
*default*        0x0000000000000000 0xffffffffffffffff

Linker script and memory map

LOAD ./src/cr_startup_lpc175x_6x_bkp.o
LOAD ./src/heap_4.o
LOAD ./src/list.o
LOAD ./src/port.o
LOAD ./src/queue.o
LOAD ./src/tasks.o
LOAD ./src/timers.o
LOAD ./src/tp4_olivaarias.o
LOAD ./src/trcKernelPort.o
LOAD ./src/trcSnapshotRecorder.o
LOAD ./src/trcStreamingRecorder.o
LOAD /home/agustinoli/Documents/MCUXpresso/workspace/CMSISv2p00_LPC17xx/Debug/libCMSISv2p00_LPC17xx.a
START GROUP
LOAD /usr/local/mcuxpressoide-11.1.0_3209/ide/plugins/com.nxp.mcuxpresso.tools.linux_11.1.0.201909161352/tools/bin/../lib/gcc/arm-none-eabi/8.3.1/../../../../arm-none-eabi/lib/thumb/v7-m/nofp/libcr_c.a
LOAD /usr/local/mcuxpressoide-11.1.0_3209/ide/plugins/com.nxp.mcuxpresso.tools.linux_11.1.0.201909161352/tools/bin/../lib/gcc/arm-none-eabi/8.3.1/thumb/v7-m/nofp/libcr_eabihelpers.a
LOAD /usr/local/mcuxpressoide-11.1.0_3209/ide/plugins/com.nxp.mcuxpresso.tools.linux_11.1.0.201909161352/tools/bin/../lib/gcc/arm-none-eabi/8.3.1/thumb/v7-m/nofp/libgcc.a
END GROUP
                0x0000000000000000                __base_MFlash512 = 0x0
                0x0000000000000000                __base_Flash = 0x0
                0x0000000000080000                __top_MFlash512 = 0x80000
                0x0000000000080000                __top_Flash = 0x80000
                0x0000000010000000                __base_RamLoc32 = 0x10000000
                0x0000000010000000                __base_RAM = 0x10000000
                0x0000000010008000                __top_RamLoc32 = 0x10008000
                0x0000000010008000                __top_RAM = 0x10008000
                0x000000002007c000                __base_RamAHB32 = 0x2007c000
                0x000000002007c000                __base_RAM2 = 0x2007c000
                0x0000000020084000                __top_RamAHB32 = 0x20084000
                0x0000000020084000                __top_RAM2 = 0x20084000

.text           0x0000000000000000     0x5c74
 FILL mask 0xff
                0x0000000000000000                __vectors_start__ = ABSOLUTE (.)
 *(.isr_vector)
 .isr_vector    0x0000000000000000       0xcc ./src/cr_startup_lpc175x_6x_bkp.o
                0x0000000000000000                g_pfnVectors
                0x00000000000000cc                . = ALIGN (0x4)
                0x00000000000000cc                __section_table_start = .
                0x00000000000000cc                __data_section_table = .
                0x00000000000000cc        0x4 LONG 0x5c74 LOADADDR (.data)
                0x00000000000000d0        0x4 LONG 0x10000000 ADDR (.data)
                0x00000000000000d4        0x4 LONG 0xf8 SIZEOF (.data)
                0x00000000000000d8        0x4 LONG 0x5c74 LOADADDR (.data_RAM2)
                0x00000000000000dc        0x4 LONG 0x2007c000 ADDR (.data_RAM2)
                0x00000000000000e0        0x4 LONG 0x0 SIZEOF (.data_RAM2)
                0x00000000000000e4                __data_section_table_end = .
                0x00000000000000e4                __bss_section_table = .
                0x00000000000000e4        0x4 LONG 0x100000f8 ADDR (.bss)
                0x00000000000000e8        0x4 LONG 0x76c0 SIZEOF (.bss)
                0x00000000000000ec        0x4 LONG 0x2007c000 ADDR (.bss_RAM2)
                0x00000000000000f0        0x4 LONG 0x0 SIZEOF (.bss_RAM2)
                0x00000000000000f4                __bss_section_table_end = .
                0x00000000000000f4                __section_table_end = .
 *(.after_vectors*)
 .after_vectors
                0x00000000000000f4      0x12c ./src/cr_startup_lpc175x_6x_bkp.o
                0x00000000000000f4                data_init
                0x0000000000000136                bss_init
                0x000000000000016c                ResetISR
                0x00000000000001e4                NMI_Handler
                0x00000000000001ea                HardFault_Handler
                0x00000000000001f0                MemManage_Handler
                0x00000000000001f6                BusFault_Handler
                0x00000000000001fc                UsageFault_Handler
                0x0000000000000208                DebugMon_Handler
                0x000000000000021a                TIMER2_IRQHandler
                0x000000000000021a                RIT_IRQHandler
                0x000000000000021a                I2C0_IRQHandler
                0x000000000000021a                USBActivity_IRQHandler
                0x000000000000021a                PWM1_IRQHandler
                0x000000000000021a                I2C1_IRQHandler
                0x000000000000021a                EINT2_IRQHandler
                0x000000000000021a                UART1_IRQHandler
                0x000000000000021a                EINT3_IRQHandler
                0x000000000000021a                CANActivity_IRQHandler
                0x000000000000021a                TIMER3_IRQHandler
                0x000000000000021a                UART0_IRQHandler
                0x000000000000021a                IntDefaultHandler
                0x000000000000021a                PLL0_IRQHandler
                0x000000000000021a                CAN_IRQHandler
                0x000000000000021a                PLL1_IRQHandler
                0x000000000000021a                SSP0_IRQHandler
                0x000000000000021a                I2S_IRQHandler
                0x000000000000021a                I2C2_IRQHandler
                0x000000000000021a                RTC_IRQHandler
                0x000000000000021a                TIMER0_IRQHandler
                0x000000000000021a                SPI_IRQHandler
                0x000000000000021a                EINT1_IRQHandler
                0x000000000000021a                TIMER1_IRQHandler
                0x000000000000021a                UART2_IRQHandler
                0x000000000000021a                ADC_IRQHandler
                0x000000000000021a                SSP1_IRQHandler
                0x000000000000021a                USB_IRQHandler
                0x000000000000021a                BOD_IRQHandler
                0x000000000000021a                WDT_IRQHandler
                0x000000000000021a                QEI_IRQHandler
                0x000000000000021a                EINT0_IRQHandler
                0x000000000000021a                DMA_IRQHandler
                0x000000000000021a                UART3_IRQHandler
                0x000000000000021a                MCPWM_IRQHandler
                0x000000000000021a                ENET_IRQHandler
 *(.text*)
 .text.pvPortMalloc
                0x0000000000000220      0x154 ./src/heap_4.o
                0x0000000000000220                pvPortMalloc
 .text.vPortFree
                0x0000000000000374       0x90 ./src/heap_4.o
                0x0000000000000374                vPortFree
 .text.prvHeapInit
                0x0000000000000404       0xc4 ./src/heap_4.o
 .text.prvInsertBlockIntoFreeList
                0x00000000000004c8       0xb0 ./src/heap_4.o
 .text.vListInitialise
                0x0000000000000578       0x3e ./src/list.o
                0x0000000000000578                vListInitialise
 .text.vListInitialiseItem
                0x00000000000005b6       0x18 ./src/list.o
                0x00000000000005b6                vListInitialiseItem
 .text.vListInsertEnd
                0x00000000000005ce       0x46 ./src/list.o
                0x00000000000005ce                vListInsertEnd
 .text.vListInsert
                0x0000000000000614       0x70 ./src/list.o
                0x0000000000000614                vListInsert
 .text.uxListRemove
                0x0000000000000684       0x52 ./src/list.o
                0x0000000000000684                uxListRemove
 *fill*         0x00000000000006d6        0x2 ff
 .text.pxPortInitialiseStack
                0x00000000000006d8       0x58 ./src/port.o
                0x00000000000006d8                pxPortInitialiseStack
 .text.prvTaskExitError
                0x0000000000000730       0x2e ./src/port.o
 *fill*         0x000000000000075e        0x2 ff
 .text.SVC_Handler
                0x0000000000000760       0x28 ./src/port.o
                0x0000000000000760                SVC_Handler
 .text.prvPortStartFirstTask
                0x0000000000000788       0x20 ./src/port.o
 .text.xPortStartScheduler
                0x00000000000007a8       0x40 ./src/port.o
                0x00000000000007a8                xPortStartScheduler
 .text.vPortEnterCritical
                0x00000000000007e8       0x30 ./src/port.o
                0x00000000000007e8                vPortEnterCritical
 .text.vPortExitCritical
                0x0000000000000818       0x30 ./src/port.o
                0x0000000000000818                vPortExitCritical
 *fill*         0x0000000000000848        0x8 ff
 .text.PendSV_Handler
                0x0000000000000850       0x48 ./src/port.o
                0x0000000000000850                PendSV_Handler
 .text.SysTick_Handler
                0x0000000000000898       0x40 ./src/port.o
                0x0000000000000898                SysTick_Handler
 .text.vPortSetupTimerInterrupt
                0x00000000000008d8       0x34 ./src/port.o
                0x00000000000008d8                vPortSetupTimerInterrupt
 .text.xQueueGenericReset
                0x000000000000090c       0xb4 ./src/queue.o
                0x000000000000090c                xQueueGenericReset
 .text.xQueueGenericCreate
                0x00000000000009c0       0x88 ./src/queue.o
                0x00000000000009c0                xQueueGenericCreate
 .text.prvInitialiseNewQueue
                0x0000000000000a48      0x128 ./src/queue.o
 .text.xQueueGenericSend
                0x0000000000000b70      0x374 ./src/queue.o
                0x0000000000000b70                xQueueGenericSend
 .text.xQueueReceive
                0x0000000000000ee4      0x390 ./src/queue.o
                0x0000000000000ee4                xQueueReceive
 .text.uxQueueGetQueueNumber
                0x0000000000001274       0x16 ./src/queue.o
                0x0000000000001274                uxQueueGetQueueNumber
 .text.vQueueSetQueueNumber
                0x000000000000128a       0x1a ./src/queue.o
                0x000000000000128a                vQueueSetQueueNumber
 .text.ucQueueGetQueueType
                0x00000000000012a4       0x18 ./src/queue.o
                0x00000000000012a4                ucQueueGetQueueType
 .text.prvCopyDataToQueue
                0x00000000000012bc       0xd4 ./src/queue.o
 .text.prvCopyDataFromQueue
                0x0000000000001390       0x4c ./src/queue.o
 .text.prvUnlockQueue
                0x00000000000013dc       0xa4 ./src/queue.o
 .text.prvIsQueueEmpty
                0x0000000000001480       0x2c ./src/queue.o
 .text.prvIsQueueFull
                0x00000000000014ac       0x30 ./src/queue.o
 .text.xTaskCreate
                0x00000000000014dc       0x82 ./src/tasks.o
                0x00000000000014dc                xTaskCreate
 .text.prvInitialiseNewTask
                0x000000000000155e      0x104 ./src/tasks.o
 *fill*         0x0000000000001662        0x2 ff
 .text.prvAddNewTaskToReadyList
                0x0000000000001664      0x1a4 ./src/tasks.o
 .text.vTaskDelayUntil
                0x0000000000001808      0x110 ./src/tasks.o
                0x0000000000001808                vTaskDelayUntil
 .text.vTaskDelay
                0x0000000000001918       0xb8 ./src/tasks.o
                0x0000000000001918                vTaskDelay
 .text.vTaskStartScheduler
                0x00000000000019d0       0xb8 ./src/tasks.o
                0x00000000000019d0                vTaskStartScheduler
 .text.vTaskSuspendAll
                0x0000000000001a88       0x1c ./src/tasks.o
                0x0000000000001a88                vTaskSuspendAll
 .text.xTaskResumeAll
                0x0000000000001aa4      0x144 ./src/tasks.o
                0x0000000000001aa4                xTaskResumeAll
 .text.xTaskGetTickCount
                0x0000000000001be8       0x1c ./src/tasks.o
                0x0000000000001be8                xTaskGetTickCount
 .text.xTaskIncrementTick
                0x0000000000001c04      0x1b4 ./src/tasks.o
                0x0000000000001c04                xTaskIncrementTick
 .text.vTaskSwitchContext
                0x0000000000001db8      0x158 ./src/tasks.o
                0x0000000000001db8                vTaskSwitchContext
 .text.vTaskPlaceOnEventList
                0x0000000000001f10       0x2c ./src/tasks.o
                0x0000000000001f10                vTaskPlaceOnEventList
 .text.xTaskRemoveFromEventList
                0x0000000000001f3c       0xd4 ./src/tasks.o
                0x0000000000001f3c                xTaskRemoveFromEventList
 .text.vTaskInternalSetTimeOutState
                0x0000000000002010       0x2c ./src/tasks.o
                0x0000000000002010                vTaskInternalSetTimeOutState
 .text.xTaskCheckForTimeOut
                0x000000000000203c       0x8c ./src/tasks.o
                0x000000000000203c                xTaskCheckForTimeOut
 .text.vTaskMissedYield
                0x00000000000020c8       0x18 ./src/tasks.o
                0x00000000000020c8                vTaskMissedYield
 .text.uxTaskGetTaskNumber
                0x00000000000020e0       0x2a ./src/tasks.o
                0x00000000000020e0                uxTaskGetTaskNumber
 .text.vTaskSetTaskNumber
                0x000000000000210a       0x24 ./src/tasks.o
                0x000000000000210a                vTaskSetTaskNumber
 .text.prvIdleTask
                0x000000000000212e        0xe ./src/tasks.o
 .text.prvInitialiseTaskLists
                0x000000000000213c       0x80 ./src/tasks.o
 .text.prvCheckTasksWaitingTermination
                0x00000000000021bc       0x58 ./src/tasks.o
 .text.prvDeleteTCB
                0x0000000000002214       0x20 ./src/tasks.o
 .text.prvResetNextTaskUnblockTime
                0x0000000000002234       0x40 ./src/tasks.o
 .text.xTaskGetCurrentTaskHandle
                0x0000000000002274       0x1c ./src/tasks.o
                0x0000000000002274                xTaskGetCurrentTaskHandle
 .text.xTaskPriorityDisinherit
                0x0000000000002290      0x150 ./src/tasks.o
                0x0000000000002290                xTaskPriorityDisinherit
 .text.prvAddCurrentTaskToDelayedList
                0x00000000000023e0       0xcc ./src/tasks.o
 .text.main     0x00000000000024ac       0x90 ./src/tp4_olivaarias.o
                0x00000000000024ac                main
 .text.vProductorTask
                0x000000000000253c       0x8c ./src/tp4_olivaarias.o
 .text.vConsumidorTask
                0x00000000000025c8       0x58 ./src/tp4_olivaarias.o
 .text.vApplicationStackOverflowHook
                0x0000000000002620        0xc ./src/tp4_olivaarias.o
                0x0000000000002620                vApplicationStackOverflowHook
 .text.vApplicationTickHook
                0x000000000000262c        0xc ./src/tp4_olivaarias.o
                0x000000000000262c                vApplicationTickHook
 .text.vConfigureTimerForRunTimeStats
                0x0000000000002638       0x68 ./src/tp4_olivaarias.o
                0x0000000000002638                vConfigureTimerForRunTimeStats
 .text.prvTraceGetQueueNumber
                0x00000000000026a0       0x18 ./src/trcKernelPort.o
                0x00000000000026a0                prvTraceGetQueueNumber
 .text.prvTraceGetQueueType
                0x00000000000026b8       0x18 ./src/trcKernelPort.o
                0x00000000000026b8                prvTraceGetQueueType
 .text.prvTraceGetTaskNumberLow16
                0x00000000000026d0       0x1a ./src/trcKernelPort.o
                0x00000000000026d0                prvTraceGetTaskNumberLow16
 .text.prvTraceGetTaskNumberHigh16
                0x00000000000026ea       0x1c ./src/trcKernelPort.o
                0x00000000000026ea                prvTraceGetTaskNumberHigh16
 .text.prvTraceSetTaskNumberLow16
                0x0000000000002706       0x2c ./src/trcKernelPort.o
                0x0000000000002706                prvTraceSetTaskNumberLow16
 .text.prvTraceSetTaskNumberHigh16
                0x0000000000002732       0x2c ./src/trcKernelPort.o
                0x0000000000002732                prvTraceSetTaskNumberHigh16
 .text.prvTraceGetQueueNumberLow16
                0x000000000000275e       0x1a ./src/trcKernelPort.o
                0x000000000000275e                prvTraceGetQueueNumberLow16
 .text.prvTraceGetQueueNumberHigh16
                0x0000000000002778       0x1c ./src/trcKernelPort.o
                0x0000000000002778                prvTraceGetQueueNumberHigh16
 .text.prvTraceSetQueueNumberLow16
                0x0000000000002794       0x2c ./src/trcKernelPort.o
                0x0000000000002794                prvTraceSetQueueNumberLow16
 .text.prvTraceSetQueueNumberHigh16
                0x00000000000027c0       0x2c ./src/trcKernelPort.o
                0x00000000000027c0                prvTraceSetQueueNumberHigh16
 .text.prvTraceGetCurrentTaskHandle
                0x00000000000027ec        0xe ./src/trcKernelPort.o
                0x00000000000027ec                prvTraceGetCurrentTaskHandle
 *fill*         0x00000000000027fa        0x2 ff
 .text.vTraceEnable
                0x00000000000027fc       0x44 ./src/trcKernelPort.o
                0x00000000000027fc                vTraceEnable
 .text.vTraceInitObjectPropertyTable
                0x0000000000002840      0x198 ./src/trcKernelPort.o
                0x0000000000002840                vTraceInitObjectPropertyTable
 .text.vTraceInitObjectHandleStack
                0x00000000000029d8       0xc4 ./src/trcKernelPort.o
                0x00000000000029d8                vTraceInitObjectHandleStack
 .text.pszTraceGetErrorNotEnoughHandles
                0x0000000000002a9c       0x94 ./src/trcKernelPort.o
                0x0000000000002a9c                pszTraceGetErrorNotEnoughHandles
 .text.uiTraceStart
                0x0000000000002b30       0xdc ./src/trcSnapshotRecorder.o
                0x0000000000002b30                uiTraceStart
 .text.vTraceStart
                0x0000000000002c0c        0xc ./src/trcSnapshotRecorder.o
                0x0000000000002c0c                vTraceStart
 .text.vTraceStop
                0x0000000000002c18       0x30 ./src/trcSnapshotRecorder.o
                0x0000000000002c18                vTraceStop
 .text.writeInt8
                0x0000000000002c48       0x50 ./src/trcSnapshotRecorder.o
 .text.writeInt16
                0x0000000000002c98       0x74 ./src/trcSnapshotRecorder.o
 .text.writeInt32
                0x0000000000002d0c       0x70 ./src/trcSnapshotRecorder.o
 .text.prvTraceUserEventFormat
                0x0000000000002d7c      0x308 ./src/trcSnapshotRecorder.o
 .text.vTracePrintF
                0x0000000000003084       0x2c ./src/trcSnapshotRecorder.o
                0x0000000000003084                vTracePrintF
 .text.vTraceVPrintF
                0x00000000000030b0      0x1a4 ./src/trcSnapshotRecorder.o
                0x00000000000030b0                vTraceVPrintF
 .text.vTracePrint
                0x0000000000003254       0x9c ./src/trcSnapshotRecorder.o
                0x0000000000003254                vTracePrint
 .text.xTraceRegisterString
                0x00000000000032f0       0x48 ./src/trcSnapshotRecorder.o
                0x00000000000032f0                xTraceRegisterString
 .text.prvTraceStoreTaskReady
                0x0000000000003338       0xc8 ./src/trcSnapshotRecorder.o
                0x0000000000003338                prvTraceStoreTaskReady
 .text.vTraceStoreMemMangEvent
                0x0000000000003400      0x118 ./src/trcSnapshotRecorder.o
                0x0000000000003400                vTraceStoreMemMangEvent
 .text.prvTraceStoreKernelCall
                0x0000000000003518       0xf8 ./src/trcSnapshotRecorder.o
                0x0000000000003518                prvTraceStoreKernelCall
 .text.prvTraceStoreKernelCallWithParam
                0x0000000000003610      0x110 ./src/trcSnapshotRecorder.o
                0x0000000000003610                prvTraceStoreKernelCallWithParam
 .text.prvTraceGetParam
                0x0000000000003720       0x78 ./src/trcSnapshotRecorder.o
 .text.prvTraceStoreKernelCallWithNumericParamOnly
                0x0000000000003798       0xc8 ./src/trcSnapshotRecorder.o
                0x0000000000003798                prvTraceStoreKernelCallWithNumericParamOnly
 .text.prvTraceStoreTaskswitch
                0x0000000000003860       0xd8 ./src/trcSnapshotRecorder.o
                0x0000000000003860                prvTraceStoreTaskswitch
 .text.prvTraceSetPriorityProperty
                0x0000000000003938       0x78 ./src/trcSnapshotRecorder.o
                0x0000000000003938                prvTraceSetPriorityProperty
 .text.prvTraceGetPriorityProperty
                0x00000000000039b0       0x7c ./src/trcSnapshotRecorder.o
                0x00000000000039b0                prvTraceGetPriorityProperty
 .text.prvTraceSetObjectState
                0x0000000000003a2c       0x78 ./src/trcSnapshotRecorder.o
                0x0000000000003a2c                prvTraceSetObjectState
 .text.prvTraceGetObjectState
                0x0000000000003aa4       0x78 ./src/trcSnapshotRecorder.o
 .text.prvTraceSetTaskInstanceFinished
                0x0000000000003b1c       0x54 ./src/trcSnapshotRecorder.o
                0x0000000000003b1c                prvTraceSetTaskInstanceFinished
 .text.prvTraceInitTraceData
                0x0000000000003b70      0x22c ./src/trcSnapshotRecorder.o
                0x0000000000003b70                prvTraceInitTraceData
 .text.prvTraceNextFreeEventBufferSlot
                0x0000000000003d9c       0x48 ./src/trcSnapshotRecorder.o
 .text.uiIndexOfObject
                0x0000000000003de4       0xb0 ./src/trcSnapshotRecorder.o
                0x0000000000003de4                uiIndexOfObject
 .text.prvTraceGetObjectHandle
                0x0000000000003e94      0x158 ./src/trcSnapshotRecorder.o
                0x0000000000003e94                prvTraceGetObjectHandle
 .text.prvMarkObjectAsUsed
                0x0000000000003fec       0x3c ./src/trcSnapshotRecorder.o
                0x0000000000003fec                prvMarkObjectAsUsed
 .text.prvStrncpy
                0x0000000000004028       0x4a ./src/trcSnapshotRecorder.o
 *fill*         0x0000000000004072        0x2 ff
 .text.prvTraceSetObjectName
                0x0000000000004074       0xbc ./src/trcSnapshotRecorder.o
                0x0000000000004074                prvTraceSetObjectName
 .text.prvTraceOpenSymbol
                0x0000000000004130       0xa0 ./src/trcSnapshotRecorder.o
 .text.prvTraceError
                0x00000000000041d0       0x58 ./src/trcSnapshotRecorder.o
                0x00000000000041d0                prvTraceError
 .text.prvCheckDataToBeOverwrittenForMultiEntryEvents
                0x0000000000004228      0x114 ./src/trcSnapshotRecorder.o
 .text.prvTraceUpdateCounters
                0x000000000000433c       0x50 ./src/trcSnapshotRecorder.o
 .text.prvTraceGetDTS
                0x000000000000438c      0x1ac ./src/trcSnapshotRecorder.o
 .text.prvTraceLookupSymbolTableEntry
                0x0000000000004538       0xf8 ./src/trcSnapshotRecorder.o
 .text.prvTraceCreateSymbolTableEntry
                0x0000000000004630      0x17c ./src/trcSnapshotRecorder.o
 .text.prvTraceGetChecksum
                0x00000000000047ac       0x8c ./src/trcSnapshotRecorder.o
 .text.prvTraceInitCortexM
                0x0000000000004838       0x6c ./src/trcSnapshotRecorder.o
                0x0000000000004838                prvTraceInitCortexM
 .text.prvTracePortGetTimeStamp
                0x00000000000048a4       0x94 ./src/trcSnapshotRecorder.o
                0x00000000000048a4                prvTracePortGetTimeStamp
 .text.SystemInit
                0x0000000000004938       0xdc /home/agustinoli/Documents/MCUXpresso/workspace/CMSISv2p00_LPC17xx/Debug/libCMSISv2p00_LPC17xx.a(system_LPC17xx.o)
                0x0000000000004938                SystemInit
 .text.memcpy   0x0000000000004a14        0x4 /usr/local/mcuxpressoide-11.1.0_3209/ide/plugins/com.nxp.mcuxpresso.tools.linux_11.1.0.201909161352/tools/bin/../lib/gcc/arm-none-eabi/8.3.1/../../../../arm-none-eabi/lib/thumb/v7-m/nofp/libcr_c.a(memcpy.o)
                0x0000000000004a14                memcpy
 .text.memset   0x0000000000004a18        0x4 /usr/local/mcuxpressoide-11.1.0_3209/ide/plugins/com.nxp.mcuxpresso.tools.linux_11.1.0.201909161352/tools/bin/../lib/gcc/arm-none-eabi/8.3.1/../../../../arm-none-eabi/lib/thumb/v7-m/nofp/libcr_c.a(memset.o)
                0x0000000000004a18                memset
 .text.__weak_main
                0x0000000000004a1c        0x4 /usr/local/mcuxpressoide-11.1.0_3209/ide/plugins/com.nxp.mcuxpresso.tools.linux_11.1.0.201909161352/tools/bin/../lib/gcc/arm-none-eabi/8.3.1/../../../../arm-none-eabi/lib/thumb/v7-m/nofp/libcr_c.a(__weak__main.o)
                0x0000000000004a1c                __main
                0x0000000000004a1c                __weak_main
 .text.rand     0x0000000000004a20       0x48 /usr/local/mcuxpressoide-11.1.0_3209/ide/plugins/com.nxp.mcuxpresso.tools.linux_11.1.0.201909161352/tools/bin/../lib/gcc/arm-none-eabi/8.3.1/../../../../arm-none-eabi/lib/thumb/v7-m/nofp/libcr_c.a(stdlib.o)
                0x0000000000004a20                rand
 .text.srand    0x0000000000004a68       0x40 /usr/local/mcuxpressoide-11.1.0_3209/ide/plugins/com.nxp.mcuxpresso.tools.linux_11.1.0.201909161352/tools/bin/../lib/gcc/arm-none-eabi/8.3.1/../../../../arm-none-eabi/lib/thumb/v7-m/nofp/libcr_c.a(stdlib.o)
                0x0000000000004a68                srand
 .text.strncmp  0x0000000000004aa8       0x56 /usr/local/mcuxpressoide-11.1.0_3209/ide/plugins/com.nxp.mcuxpresso.tools.linux_11.1.0.201909161352/tools/bin/../lib/gcc/arm-none-eabi/8.3.1/../../../../arm-none-eabi/lib/thumb/v7-m/nofp/libcr_c.a(strncmp.o)
                0x0000000000004aa8                strncmp
 .text.__aeabi_d2uiz
                0x0000000000004afe       0x32 /usr/local/mcuxpressoide-11.1.0_3209/ide/plugins/com.nxp.mcuxpresso.tools.linux_11.1.0.201909161352/tools/bin/../lib/gcc/arm-none-eabi/8.3.1/thumb/v7-m/nofp/libcr_eabihelpers.a(double.o)
                0x0000000000004afe                __aeabi_d2uiz
 .text.__aeabi_memcpy
                0x0000000000004b30       0x34 /usr/local/mcuxpressoide-11.1.0_3209/ide/plugins/com.nxp.mcuxpresso.tools.linux_11.1.0.201909161352/tools/bin/../lib/gcc/arm-none-eabi/8.3.1/thumb/v7-m/nofp/libcr_eabihelpers.a(memcpy.o)
                0x0000000000004b30                __aeabi_memcpy
                0x0000000000004b3a                __aeabi_memcpy4
                0x0000000000004b3a                __aeabi_memcpy8
 .text.__aeabi_memset_lowlevel
                0x0000000000004b64       0x32 /usr/local/mcuxpressoide-11.1.0_3209/ide/plugins/com.nxp.mcuxpresso.tools.linux_11.1.0.201909161352/tools/bin/../lib/gcc/arm-none-eabi/8.3.1/thumb/v7-m/nofp/libcr_eabihelpers.a(memcpy.o)
                0x0000000000004b64                __aeabi_lowlevel_memset
 *(.rodata .rodata.* .constdata .constdata.*)
 *fill*         0x0000000000004b96        0x2 ff
 .rodata.vTaskStartScheduler.str1.4
                0x0000000000004b98        0x5 ./src/tasks.o
 *fill*         0x0000000000004b9d        0x3 ff
 .rodata.main.str1.4
                0x0000000000004ba0       0x38 ./src/tp4_olivaarias.o
 .rodata.vProductorTask.str1.4
                0x0000000000004bd8       0x29 ./src/tp4_olivaarias.o
 *fill*         0x0000000000004c01        0x3 ff
 .rodata.vConsumidorTask.str1.4
                0x0000000000004c04       0x2a ./src/tp4_olivaarias.o
 *fill*         0x0000000000004c2e        0x2 ff
 .rodata.vTraceEnable.str1.4
                0x0000000000004c30       0x74 ./src/trcKernelPort.o
 .rodata.pszTraceGetErrorNotEnoughHandles.str1.4
                0x0000000000004ca4      0x2fe ./src/trcKernelPort.o
 *fill*         0x0000000000004fa2        0x2 ff
 .rodata.uiTraceStart.str1.4
                0x0000000000004fa4       0x4e ./src/trcSnapshotRecorder.o
 *fill*         0x0000000000004ff2        0x2 ff
 .rodata.writeInt8.str1.4
                0x0000000000004ff4       0x28 ./src/trcSnapshotRecorder.o
 .rodata.writeInt16.str1.4
                0x000000000000501c       0x29 ./src/trcSnapshotRecorder.o
 *fill*         0x0000000000005045        0x3 ff
 .rodata.writeInt32.str1.4
                0x0000000000005048       0x29 ./src/trcSnapshotRecorder.o
 *fill*         0x0000000000005071        0x3 ff
 .rodata.prvTraceUserEventFormat.str1.4
                0x0000000000005074       0x6d ./src/trcSnapshotRecorder.o
 *fill*         0x00000000000050e1        0x3 ff
 .rodata.vTraceVPrintF.str1.4
                0x00000000000050e4       0x2f ./src/trcSnapshotRecorder.o
 *fill*         0x0000000000005113        0x1 ff
 .rodata.xTraceRegisterString.str1.4
                0x0000000000005114       0x77 ./src/trcSnapshotRecorder.o
 *fill*         0x000000000000518b        0x1 ff
 .rodata.prvTraceStoreTaskReady.str1.4
                0x000000000000518c       0x75 ./src/trcSnapshotRecorder.o
 *fill*         0x0000000000005201        0x3 ff
 .rodata.prvTraceStoreKernelCall.str1.4
                0x0000000000005204       0xfd ./src/trcSnapshotRecorder.o
 *fill*         0x0000000000005301        0x3 ff
 .rodata.prvTraceStoreKernelCallWithParam.str1.4
                0x0000000000005304      0x115 ./src/trcSnapshotRecorder.o
 *fill*         0x0000000000005419        0x3 ff
 .rodata.prvTraceGetParam.str1.4
                0x000000000000541c       0x3c ./src/trcSnapshotRecorder.o
 .rodata.prvTraceStoreKernelCallWithNumericParamOnly.str1.4
                0x0000000000005458       0x8d ./src/trcSnapshotRecorder.o
 *fill*         0x00000000000054e5        0x3 ff
 .rodata.prvTraceStoreTaskswitch.str1.4
                0x00000000000054e8       0x45 ./src/trcSnapshotRecorder.o
 *fill*         0x000000000000552d        0x3 ff
 .rodata.prvTraceSetPriorityProperty.str1.4
                0x0000000000005530       0x8c ./src/trcSnapshotRecorder.o
 .rodata.prvTraceGetPriorityProperty.str1.4
                0x00000000000055bc       0x8c ./src/trcSnapshotRecorder.o
 .rodata.prvTraceSetObjectState.str1.4
                0x0000000000005648       0x7f ./src/trcSnapshotRecorder.o
 *fill*         0x00000000000056c7        0x1 ff
 .rodata.prvTraceGetObjectState.str1.4
                0x00000000000056c8       0x7f ./src/trcSnapshotRecorder.o
 *fill*         0x0000000000005747        0x1 ff
 .rodata.prvTraceSetTaskInstanceFinished.str1.4
                0x0000000000005748       0x48 ./src/trcSnapshotRecorder.o
 .rodata.prvTraceInitTraceData.str1.4
                0x0000000000005790       0x14 ./src/trcSnapshotRecorder.o
 .rodata.prvTraceNextFreeEventBufferSlot.str1.4
                0x00000000000057a4       0x27 ./src/trcSnapshotRecorder.o
 *fill*         0x00000000000057cb        0x1 ff
 .rodata.uiIndexOfObject.str1.4
                0x00000000000057cc       0xc0 ./src/trcSnapshotRecorder.o
 .rodata.prvTraceGetObjectHandle.str1.4
                0x000000000000588c       0x45 ./src/trcSnapshotRecorder.o
 *fill*         0x00000000000058d1        0x3 ff
 .rodata.prvTraceSetObjectName.str1.4
                0x00000000000058d4       0x91 ./src/trcSnapshotRecorder.o
 *fill*         0x0000000000005965        0x3 ff
 .rodata.prvTraceOpenSymbol.str1.4
                0x0000000000005968       0x2f ./src/trcSnapshotRecorder.o
 *fill*         0x0000000000005997        0x1 ff
 .rodata.prvCheckDataToBeOverwrittenForMultiEntryEvents.str1.4
                0x0000000000005998       0x55 ./src/trcSnapshotRecorder.o
 *fill*         0x00000000000059ed        0x3 ff
 .rodata.prvTraceGetDTS.str1.4
                0x00000000000059f0       0x63 ./src/trcSnapshotRecorder.o
 *fill*         0x0000000000005a53        0x1 ff
 .rodata.prvTraceLookupSymbolTableEntry.str1.4
                0x0000000000005a54       0x73 ./src/trcSnapshotRecorder.o
 *fill*         0x0000000000005ac7        0x1 ff
 .rodata.prvTraceCreateSymbolTableEntry.str1.4
                0x0000000000005ac8       0xb9 ./src/trcSnapshotRecorder.o
 *fill*         0x0000000000005b81        0x3 ff
 .rodata.prvTraceGetChecksum.str1.4
                0x0000000000005b84       0x97 ./src/trcSnapshotRecorder.o
 *fill*         0x0000000000005c1b        0x1 ff
 .rodata.prvTraceInitCortexM.str1.4
                0x0000000000005c1c       0x58 ./src/trcSnapshotRecorder.o
                0x0000000000005c74                . = ALIGN (0x4)

.glue_7         0x0000000000005c74        0x0
 .glue_7        0x0000000000005c74        0x0 linker stubs

.glue_7t        0x0000000000005c74        0x0
 .glue_7t       0x0000000000005c74        0x0 linker stubs

.vfp11_veneer   0x0000000000005c74        0x0
 .vfp11_veneer  0x0000000000005c74        0x0 linker stubs

.v4_bx          0x0000000000005c74        0x0
 .v4_bx         0x0000000000005c74        0x0 linker stubs

.iplt           0x0000000000005c74        0x0
 .iplt          0x0000000000005c74        0x0 ./src/cr_startup_lpc175x_6x_bkp.o

.rel.dyn        0x0000000000005c74        0x0
 .rel.iplt      0x0000000000005c74        0x0 ./src/cr_startup_lpc175x_6x_bkp.o

.ARM.extab
 *(.ARM.extab* .gnu.linkonce.armextab.*)
                0x0000000000005c74                __exidx_start = .

.ARM.exidx
 *(.ARM.exidx* .gnu.linkonce.armexidx.*)
                0x0000000000005c74                __exidx_end = .
                0x0000000000005c74                _etext = .

.data_RAM2      0x000000002007c000        0x0 load address 0x0000000000005c74
 FILL mask 0xff
                [!provide]                        PROVIDE (__start_data_RAM2 = .)
                [!provide]                        PROVIDE (__start_data_RamAHB32 = .)
 *(.ramfunc.$RAM2)
 *(.ramfunc.$RamAHB32)
 *(.data.$RAM2)
 *(.data.$RamAHB32)
 *(.data.$RAM2.*)
 *(.data.$RamAHB32.*)
                0x000000002007c000                . = ALIGN (0x4)
                [!provide]                        PROVIDE (__end_data_RAM2 = .)
                [!provide]                        PROVIDE (__end_data_RamAHB32 = .)

.uninit_RESERVED
                0x0000000010000000        0x0
                0x0000000010000000                _start_uninit_RESERVED = .
 *(.bss.$RESERVED*)
                0x0000000010000000                . = ALIGN (0x4)
                0x0000000010000000                _end_uninit_RESERVED = .

.data           0x0000000010000000       0xf8 load address 0x0000000000005c74
 FILL mask 0xff
                0x0000000010000000                _data = .
                [!provide]                        PROVIDE (__start_data_RAM = .)
                [!provide]                        PROVIDE (__start_data_RamLoc32 = .)
 *(vtable)
 *(.ramfunc*)
 *(CodeQuickAccess)
 *(DataQuickAccess)
 *(RamFunction)
 *(.data*)
 .data.uxCriticalNesting
                0x0000000010000000        0x4 ./src/port.o
 .data.TraceQueueClassTable
                0x0000000010000004        0x5 ./src/trcKernelPort.o
                0x0000000010000004                TraceQueueClassTable
 *fill*         0x0000000010000009        0x3 ff
 .data.readyEventsEnabled
                0x000000001000000c        0x4 ./src/trcSnapshotRecorder.o
 .data.CurrentFilterMask
                0x0000000010000010        0x2 ./src/trcSnapshotRecorder.o
                0x0000000010000010                CurrentFilterMask
 .data.CurrentFilterGroup
                0x0000000010000012        0x2 ./src/trcSnapshotRecorder.o
                0x0000000010000012                CurrentFilterGroup
 .data._random_j
                0x0000000010000014        0x4 /usr/local/mcuxpressoide-11.1.0_3209/ide/plugins/com.nxp.mcuxpresso.tools.linux_11.1.0.201909161352/tools/bin/../lib/gcc/arm-none-eabi/8.3.1/../../../../arm-none-eabi/lib/thumb/v7-m/nofp/libcr_c.a(stdlib.o)
 .data._random_k
                0x0000000010000018        0x4 /usr/local/mcuxpressoide-11.1.0_3209/ide/plugins/com.nxp.mcuxpresso.tools.linux_11.1.0.201909161352/tools/bin/../lib/gcc/arm-none-eabi/8.3.1/../../../../arm-none-eabi/lib/thumb/v7-m/nofp/libcr_c.a(stdlib.o)
 .data._random_number_seed
                0x000000001000001c       0xdc /usr/local/mcuxpressoide-11.1.0_3209/ide/plugins/com.nxp.mcuxpresso.tools.linux_11.1.0.201909161352/tools/bin/../lib/gcc/arm-none-eabi/8.3.1/../../../../arm-none-eabi/lib/thumb/v7-m/nofp/libcr_c.a(stdlib.o)
                0x00000000100000f8                . = ALIGN (0x4)
                0x00000000100000f8                _edata = .
                [!provide]                        PROVIDE (__end_data_RAM = .)
                [!provide]                        PROVIDE (__end_data_RamLoc32 = .)

.igot.plt       0x00000000100000f8        0x0 load address 0x0000000000005d6c
 .igot.plt      0x00000000100000f8        0x0 ./src/cr_startup_lpc175x_6x_bkp.o

.bss_RAM2       0x000000002007c000        0x0
                [!provide]                        PROVIDE (__start_bss_RAM2 = .)
                [!provide]                        PROVIDE (__start_bss_RamAHB32 = .)
 *(.bss.$RAM2)
 *(.bss.$RamAHB32)
 *(.bss.$RAM2.*)
 *(.bss.$RamAHB32.*)
                0x000000002007c000                . = ALIGN ((. != 0x0)?0x4:0x1)
                [!provide]                        PROVIDE (__end_bss_RAM2 = .)
                [!provide]                        PROVIDE (__end_bss_RamAHB32 = .)

.bss            0x00000000100000f8     0x76c0
                0x00000000100000f8                _bss = .
                [!provide]                        PROVIDE (__start_bss_RAM = .)
                [!provide]                        PROVIDE (__start_bss_RamLoc32 = .)
 *(.bss*)
 .bss.ucHeap    0x00000000100000f8     0x4c00 ./src/heap_4.o
 .bss.xStart    0x0000000010004cf8        0x8 ./src/heap_4.o
 .bss.pxEnd     0x0000000010004d00        0x4 ./src/heap_4.o
 .bss.xFreeBytesRemaining
                0x0000000010004d04        0x4 ./src/heap_4.o
 .bss.xMinimumEverFreeBytesRemaining
                0x0000000010004d08        0x4 ./src/heap_4.o
 .bss.xNumberOfSuccessfulAllocations
                0x0000000010004d0c        0x4 ./src/heap_4.o
 .bss.xNumberOfSuccessfulFrees
                0x0000000010004d10        0x4 ./src/heap_4.o
 .bss.xBlockAllocatedBit
                0x0000000010004d14        0x4 ./src/heap_4.o
 .bss.pxCurrentTCB
                0x0000000010004d18        0x4 ./src/tasks.o
                0x0000000010004d18                pxCurrentTCB
 .bss.pxReadyTasksLists
                0x0000000010004d1c       0x64 ./src/tasks.o
 .bss.xDelayedTaskList1
                0x0000000010004d80       0x14 ./src/tasks.o
 .bss.xDelayedTaskList2
                0x0000000010004d94       0x14 ./src/tasks.o
 .bss.pxDelayedTaskList
                0x0000000010004da8        0x4 ./src/tasks.o
 .bss.pxOverflowDelayedTaskList
                0x0000000010004dac        0x4 ./src/tasks.o
 .bss.xPendingReadyList
                0x0000000010004db0       0x14 ./src/tasks.o
 .bss.xTasksWaitingTermination
                0x0000000010004dc4       0x14 ./src/tasks.o
 .bss.uxDeletedTasksWaitingCleanUp
                0x0000000010004dd8        0x4 ./src/tasks.o
 .bss.xSuspendedTaskList
                0x0000000010004ddc       0x14 ./src/tasks.o
 .bss.uxCurrentNumberOfTasks
                0x0000000010004df0        0x4 ./src/tasks.o
 .bss.xTickCount
                0x0000000010004df4        0x4 ./src/tasks.o
 .bss.uxTopReadyPriority
                0x0000000010004df8        0x4 ./src/tasks.o
 .bss.xSchedulerRunning
                0x0000000010004dfc        0x4 ./src/tasks.o
 .bss.xPendedTicks
                0x0000000010004e00        0x4 ./src/tasks.o
 .bss.xYieldPending
                0x0000000010004e04        0x4 ./src/tasks.o
 .bss.xNumOfOverflows
                0x0000000010004e08        0x4 ./src/tasks.o
 .bss.uxTaskNumber
                0x0000000010004e0c        0x4 ./src/tasks.o
 .bss.xNextTaskUnblockTime
                0x0000000010004e10        0x4 ./src/tasks.o
 .bss.xIdleTaskHandle
                0x0000000010004e14        0x4 ./src/tasks.o
 .bss.uxSchedulerSuspended
                0x0000000010004e18        0x4 ./src/tasks.o
 .bss.ulTaskSwitchedInTime
                0x0000000010004e1c        0x4 ./src/tasks.o
 .bss.ulTotalRunTime
                0x0000000010004e20        0x4 ./src/tasks.o
 .bss.logger    0x0000000010004e24        0x2 ./src/tp4_olivaarias.o
                0x0000000010004e24                logger
 *fill*         0x0000000010004e26        0x2 
 .bss.xQueue    0x0000000010004e28        0x4 ./src/tp4_olivaarias.o
                0x0000000010004e28                xQueue
 .bss.uiTraceTickCount
                0x0000000010004e2c        0x4 ./src/trcSnapshotRecorder.o
                0x0000000010004e2c                uiTraceTickCount
 .bss.trace_disable_timestamp
                0x0000000010004e30        0x4 ./src/trcSnapshotRecorder.o
                0x0000000010004e30                trace_disable_timestamp
 .bss.last_timestamp
                0x0000000010004e34        0x4 ./src/trcSnapshotRecorder.o
 .bss.uiTraceSystemState
                0x0000000010004e38        0x4 ./src/trcSnapshotRecorder.o
                0x0000000010004e38                uiTraceSystemState
 .bss.recorder_busy
                0x0000000010004e3c        0x4 ./src/trcSnapshotRecorder.o
                0x0000000010004e3c                recorder_busy
 .bss.timestampFrequency
                0x0000000010004e40        0x4 ./src/trcSnapshotRecorder.o
                0x0000000010004e40                timestampFrequency
 .bss.traceErrorMessage
                0x0000000010004e44        0x4 ./src/trcSnapshotRecorder.o
                0x0000000010004e44                traceErrorMessage
 .bss.handle_of_last_logged_task
                0x0000000010004e48        0x1 ./src/trcSnapshotRecorder.o
                0x0000000010004e48                handle_of_last_logged_task
 *fill*         0x0000000010004e49        0x3 
 .bss.vTraceStopHookPtr
                0x0000000010004e4c        0x4 ./src/trcSnapshotRecorder.o
                0x0000000010004e4c                vTraceStopHookPtr
 .bss.heapMemUsage
                0x0000000010004e50        0x4 ./src/trcSnapshotRecorder.o
 .bss.objectHandleStacks
                0x0000000010004e54       0x8e ./src/trcSnapshotRecorder.o
                0x0000000010004e54                objectHandleStacks
 *fill*         0x0000000010004ee2        0x2 
 .bss.init_hwtc_count
                0x0000000010004ee4        0x4 ./src/trcSnapshotRecorder.o
                0x0000000010004ee4                init_hwtc_count
 .bss.RecorderData
                0x0000000010004ee8     0x28b8 ./src/trcSnapshotRecorder.o
                0x0000000010004ee8                RecorderData
 .bss.RecorderDataPtr
                0x00000000100077a0        0x4 ./src/trcSnapshotRecorder.o
                0x00000000100077a0                RecorderDataPtr
 .bss.indexOfHandle.5814
                0x00000000100077a4        0x4 ./src/trcSnapshotRecorder.o
 .bss.idx.5841  0x00000000100077a8        0x2 ./src/trcSnapshotRecorder.o
 *fill*         0x00000000100077aa        0x2 
 .bss.old_timestamp.5877
                0x00000000100077ac        0x4 ./src/trcSnapshotRecorder.o
 .bss.last_hwtc_count.5915
                0x00000000100077b0        0x4 ./src/trcSnapshotRecorder.o
 .bss.last_hwtc_rest.5917
                0x00000000100077b4        0x4 ./src/trcSnapshotRecorder.o
 *(COMMON)
                0x00000000100077b8                . = ALIGN (0x4)
                0x00000000100077b8                _ebss = .
                [!provide]                        PROVIDE (__end_bss_RAM = .)
                [!provide]                        PROVIDE (__end_bss_RamLoc32 = .)
                [!provide]                        PROVIDE (end = .)

.noinit_RAM2    0x000000002007c000        0x0
                [!provide]                        PROVIDE (__start_noinit_RAM2 = .)
                [!provide]                        PROVIDE (__start_noinit_RamAHB32 = .)
 *(.noinit.$RAM2)
 *(.noinit.$RamAHB32)
 *(.noinit.$RAM2.*)
 *(.noinit.$RamAHB32.*)
                0x000000002007c000                . = ALIGN (0x4)
                [!provide]                        PROVIDE (__end_noinit_RAM2 = .)
                [!provide]                        PROVIDE (__end_noinit_RamAHB32 = .)

.noinit         0x00000000100077b8        0x0
                0x00000000100077b8                _noinit = .
                [!provide]                        PROVIDE (__start_noinit_RAM = .)
                [!provide]                        PROVIDE (__start_noinit_RamLoc32 = .)
 *(.noinit*)
                0x00000000100077b8                . = ALIGN (0x4)
                0x00000000100077b8                _end_noinit = .
                [!provide]                        PROVIDE (__end_noinit_RAM = .)
                [!provide]                        PROVIDE (__end_noinit_RamLoc32 = .)
                0x00000000100077b8                PROVIDE (_pvHeapStart = DEFINED (__user_heap_base)?__user_heap_base:.)
                0x0000000010008000                PROVIDE (_vStackTop = DEFINED (__user_stack_top)?__user_stack_top:(__top_RamLoc32 - 0x0))
                0xffffffffefff74de                PROVIDE (__valid_user_code_checksum = (0x0 - ((((((_vStackTop + (ResetISR + 0x1)) + (NMI_Handler + 0x1)) + (HardFault_Handler + 0x1)) + (DEFINED (MemManage_Handler)?MemManage_Handler:0x0 + 0x1)) + (DEFINED (BusFault_Handler)?BusFault_Handler:0x0 + 0x1)) + (DEFINED (UsageFault_Handler)?UsageFault_Handler:0x0 + 0x1))))
                0x0000000000000000                _image_start = LOADADDR (.text)
                0x0000000000005d6c                _image_end = (LOADADDR (.data) + SIZEOF (.data))
                0x0000000000005d6c                _image_size = (_image_end - _image_start)
OUTPUT(tp4_olivaarias.axf elf32-littlearm)

.debug_info     0x0000000000000000     0x98fa
 .debug_info    0x0000000000000000      0x276 ./src/cr_startup_lpc175x_6x_bkp.o
 .debug_info    0x0000000000000276      0xa24 ./src/heap_4.o
 .debug_info    0x0000000000000c9a      0x8da ./src/list.o
 .debug_info    0x0000000000001574      0x903 ./src/port.o
 .debug_info    0x0000000000001e77     0x18d8 ./src/queue.o
 .debug_info    0x000000000000374f     0x2613 ./src/tasks.o
 .debug_info    0x0000000000005d62      0xc03 ./src/tp4_olivaarias.o
 .debug_info    0x0000000000006965      0x9cf ./src/trcKernelPort.o
 .debug_info    0x0000000000007334     0x2249 ./src/trcSnapshotRecorder.o
 .debug_info    0x000000000000957d      0x37d /home/agustinoli/Documents/MCUXpresso/workspace/CMSISv2p00_LPC17xx/Debug/libCMSISv2p00_LPC17xx.a(system_LPC17xx.o)

.debug_abbrev   0x0000000000000000     0x1712
 .debug_abbrev  0x0000000000000000      0x12a ./src/cr_startup_lpc175x_6x_bkp.o
 .debug_abbrev  0x000000000000012a      0x206 ./src/heap_4.o
 .debug_abbrev  0x0000000000000330      0x18e ./src/list.o
 .debug_abbrev  0x00000000000004be      0x28b ./src/port.o
 .debug_abbrev  0x0000000000000749      0x364 ./src/queue.o
 .debug_abbrev  0x0000000000000aad      0x385 ./src/tasks.o
 .debug_abbrev  0x0000000000000e32      0x1f3 ./src/tp4_olivaarias.o
 .debug_abbrev  0x0000000000001025      0x1ed ./src/trcKernelPort.o
 .debug_abbrev  0x0000000000001212      0x3e4 ./src/trcSnapshotRecorder.o
 .debug_abbrev  0x00000000000015f6      0x11c /home/agustinoli/Documents/MCUXpresso/workspace/CMSISv2p00_LPC17xx/Debug/libCMSISv2p00_LPC17xx.a(system_LPC17xx.o)

.debug_aranges  0x0000000000000000      0x7d8
 .debug_aranges
                0x0000000000000000       0x80 ./src/cr_startup_lpc175x_6x_bkp.o
 .debug_aranges
                0x0000000000000080       0x58 ./src/heap_4.o
 .debug_aranges
                0x00000000000000d8       0x40 ./src/list.o
 .debug_aranges
                0x0000000000000118       0x70 ./src/port.o
 .debug_aranges
                0x0000000000000188      0x128 ./src/queue.o
 .debug_aranges
                0x00000000000002b0      0x208 ./src/tasks.o
 .debug_aranges
                0x00000000000004b8       0x58 ./src/tp4_olivaarias.o
 .debug_aranges
                0x0000000000000510       0xa8 ./src/trcKernelPort.o
 .debug_aranges
                0x00000000000005b8      0x1f8 ./src/trcSnapshotRecorder.o
 .debug_aranges
                0x00000000000007b0       0x28 /home/agustinoli/Documents/MCUXpresso/workspace/CMSISv2p00_LPC17xx/Debug/libCMSISv2p00_LPC17xx.a(system_LPC17xx.o)

.debug_ranges   0x0000000000000000      0x738
 .debug_ranges  0x0000000000000000       0x70 ./src/cr_startup_lpc175x_6x_bkp.o
 .debug_ranges  0x0000000000000070       0x48 ./src/heap_4.o
 .debug_ranges  0x00000000000000b8       0x30 ./src/list.o
 .debug_ranges  0x00000000000000e8       0x60 ./src/port.o
 .debug_ranges  0x0000000000000148      0x118 ./src/queue.o
 .debug_ranges  0x0000000000000260      0x1f8 ./src/tasks.o
 .debug_ranges  0x0000000000000458       0x48 ./src/tp4_olivaarias.o
 .debug_ranges  0x00000000000004a0       0x98 ./src/trcKernelPort.o
 .debug_ranges  0x0000000000000538      0x1e8 ./src/trcSnapshotRecorder.o
 .debug_ranges  0x0000000000000720       0x18 /home/agustinoli/Documents/MCUXpresso/workspace/CMSISv2p00_LPC17xx/Debug/libCMSISv2p00_LPC17xx.a(system_LPC17xx.o)

.debug_macro    0x0000000000000000     0x55ae
 .debug_macro   0x0000000000000000       0x1d ./src/cr_startup_lpc175x_6x_bkp.o
 .debug_macro   0x000000000000001d      0xaa2 ./src/cr_startup_lpc175x_6x_bkp.o
 .debug_macro   0x0000000000000abf      0x175 ./src/heap_4.o
 .debug_macro   0x0000000000000c34       0x10 ./src/heap_4.o
 .debug_macro   0x0000000000000c44      0x12e ./src/heap_4.o
 .debug_macro   0x0000000000000d72       0x28 ./src/heap_4.o
 .debug_macro   0x0000000000000d9a      0x5b3 ./src/heap_4.o
 .debug_macro   0x000000000000134d       0x1c ./src/heap_4.o
 .debug_macro   0x0000000000001369       0x2e ./src/heap_4.o
 .debug_macro   0x0000000000001397       0x18 ./src/heap_4.o
 .debug_macro   0x00000000000013af      0x7af ./src/heap_4.o
 .debug_macro   0x0000000000001b5e      0x2c7 ./src/heap_4.o
 .debug_macro   0x0000000000001e25      0x14f ./src/heap_4.o
 .debug_macro   0x0000000000001f74       0x1c ./src/heap_4.o
 .debug_macro   0x0000000000001f90      0x13f ./src/heap_4.o
 .debug_macro   0x00000000000020cf       0x94 ./src/heap_4.o
 .debug_macro   0x0000000000002163       0xdd ./src/heap_4.o
 .debug_macro   0x0000000000002240       0x88 ./src/heap_4.o
 .debug_macro   0x00000000000022c8      0x98c ./src/heap_4.o
 .debug_macro   0x0000000000002c54      0x25e ./src/heap_4.o
 .debug_macro   0x0000000000002eb2      0x15a ./src/heap_4.o
 .debug_macro   0x000000000000300c       0xdd ./src/heap_4.o
 .debug_macro   0x00000000000030e9       0x1c ./src/heap_4.o
 .debug_macro   0x0000000000003105       0x26 ./src/heap_4.o
 .debug_macro   0x000000000000312b      0x3c9 ./src/heap_4.o
 .debug_macro   0x00000000000034f4       0xb5 ./src/heap_4.o
 .debug_macro   0x00000000000035a9       0xaa ./src/heap_4.o
 .debug_macro   0x0000000000003653      0x14e ./src/list.o
 .debug_macro   0x00000000000037a1      0x1eb ./src/port.o
 .debug_macro   0x000000000000398c       0x16 ./src/port.o
 .debug_macro   0x00000000000039a2      0x1bb ./src/queue.o
 .debug_macro   0x0000000000003b5d       0x80 ./src/queue.o
 .debug_macro   0x0000000000003bdd      0x231 ./src/tasks.o
 .debug_macro   0x0000000000003e0e       0x91 ./src/tasks.o
 .debug_macro   0x0000000000003e9f       0x10 ./src/tasks.o
 .debug_macro   0x0000000000003eaf       0x9a ./src/tasks.o
 .debug_macro   0x0000000000003f49      0x16f ./src/tp4_olivaarias.o
 .debug_macro   0x00000000000040b8       0x1c ./src/tp4_olivaarias.o
 .debug_macro   0x00000000000040d4      0x15c ./src/trcKernelPort.o
 .debug_macro   0x0000000000004230      0x156 ./src/trcSnapshotRecorder.o
 .debug_macro   0x0000000000004386      0x155 ./src/trcSnapshotRecorder.o
 .debug_macro   0x00000000000044db      0x4f6 ./src/trcSnapshotRecorder.o
 .debug_macro   0x00000000000049d1       0x16 ./src/trcSnapshotRecorder.o
 .debug_macro   0x00000000000049e7      0x12b /home/agustinoli/Documents/MCUXpresso/workspace/CMSISv2p00_LPC17xx/Debug/libCMSISv2p00_LPC17xx.a(system_LPC17xx.o)
 .debug_macro   0x0000000000004b12      0xa9c /home/agustinoli/Documents/MCUXpresso/workspace/CMSISv2p00_LPC17xx/Debug/libCMSISv2p00_LPC17xx.a(system_LPC17xx.o)

.debug_line     0x0000000000000000     0x6377
 .debug_line    0x0000000000000000      0x164 ./src/cr_startup_lpc175x_6x_bkp.o
 .debug_line    0x0000000000000164      0x62a ./src/heap_4.o
 .debug_line    0x000000000000078e      0x475 ./src/list.o
 .debug_line    0x0000000000000c03      0x517 ./src/port.o
 .debug_line    0x000000000000111a     0x1092 ./src/queue.o
 .debug_line    0x00000000000021ac     0x19d0 ./src/tasks.o
 .debug_line    0x0000000000003b7c      0x4ab ./src/tp4_olivaarias.o
 .debug_line    0x0000000000004027      0x6a4 ./src/trcKernelPort.o
 .debug_line    0x00000000000046cb     0x1878 ./src/trcSnapshotRecorder.o
 .debug_line    0x0000000000005f43      0x434 /home/agustinoli/Documents/MCUXpresso/workspace/CMSISv2p00_LPC17xx/Debug/libCMSISv2p00_LPC17xx.a(system_LPC17xx.o)

.debug_str      0x0000000000000000    0x1bdec
 .debug_str     0x0000000000000000     0x2f84 ./src/cr_startup_lpc175x_6x_bkp.o
                                       0x2fc2 (size before relaxing)
 .debug_str     0x0000000000002f84    0x13f6b ./src/heap_4.o
                                      0x16e37 (size before relaxing)
 .debug_str     0x0000000000016eef      0x119 ./src/list.o
                                      0x16586 (size before relaxing)
 .debug_str     0x0000000000017008      0x64d ./src/port.o
                                      0x17103 (size before relaxing)
 .debug_str     0x0000000000017655      0xf78 ./src/queue.o
                                      0x17bee (size before relaxing)
 .debug_str     0x00000000000185cd     0x200e ./src/tasks.o
                                      0x18e16 (size before relaxing)
 .debug_str     0x000000000001a5db      0x266 ./src/tp4_olivaarias.o
                                      0x174e0 (size before relaxing)
 .debug_str     0x000000000001a841      0x20a ./src/trcKernelPort.o
                                      0x17378 (size before relaxing)
 .debug_str     0x000000000001aa4b      0xf6d ./src/trcSnapshotRecorder.o
                                      0x16c75 (size before relaxing)
 .debug_str     0x000000000001b9b8      0x434 /home/agustinoli/Documents/MCUXpresso/workspace/CMSISv2p00_LPC17xx/Debug/libCMSISv2p00_LPC17xx.a(system_LPC17xx.o)
                                       0x89cf (size before relaxing)

.comment        0x0000000000000000       0x76
 .comment       0x0000000000000000       0x76 ./src/cr_startup_lpc175x_6x_bkp.o
                                         0x77 (size before relaxing)
 .comment       0x0000000000000076       0x77 ./src/heap_4.o
 .comment       0x0000000000000076       0x77 ./src/list.o
 .comment       0x0000000000000076       0x77 ./src/port.o
 .comment       0x0000000000000076       0x77 ./src/queue.o
 .comment       0x0000000000000076       0x77 ./src/tasks.o
 .comment       0x0000000000000076       0x77 ./src/tp4_olivaarias.o
 .comment       0x0000000000000076       0x77 ./src/trcKernelPort.o
 .comment       0x0000000000000076       0x77 ./src/trcSnapshotRecorder.o
 .comment       0x0000000000000076       0x77 /home/agustinoli/Documents/MCUXpresso/workspace/CMSISv2p00_LPC17xx/Debug/libCMSISv2p00_LPC17xx.a(system_LPC17xx.o)
 .comment       0x0000000000000076       0x77 /usr/local/mcuxpressoide-11.1.0_3209/ide/plugins/com.nxp.mcuxpresso.tools.linux_11.1.0.201909161352/tools/bin/../lib/gcc/arm-none-eabi/8.3.1/../../../../arm-none-eabi/lib/thumb/v7-m/nofp/libcr_c.a(memcpy.o)
 .comment       0x0000000000000076       0x77 /usr/local/mcuxpressoide-11.1.0_3209/ide/plugins/com.nxp.mcuxpresso.tools.linux_11.1.0.201909161352/tools/bin/../lib/gcc/arm-none-eabi/8.3.1/../../../../arm-none-eabi/lib/thumb/v7-m/nofp/libcr_c.a(memset.o)
 .comment       0x0000000000000076       0x77 /usr/local/mcuxpressoide-11.1.0_3209/ide/plugins/com.nxp.mcuxpresso.tools.linux_11.1.0.201909161352/tools/bin/../lib/gcc/arm-none-eabi/8.3.1/../../../../arm-none-eabi/lib/thumb/v7-m/nofp/libcr_c.a(__weak__main.o)
 .comment       0x0000000000000076       0x77 /usr/local/mcuxpressoide-11.1.0_3209/ide/plugins/com.nxp.mcuxpresso.tools.linux_11.1.0.201909161352/tools/bin/../lib/gcc/arm-none-eabi/8.3.1/../../../../arm-none-eabi/lib/thumb/v7-m/nofp/libcr_c.a(stdlib.o)
 .comment       0x0000000000000076       0x77 /usr/local/mcuxpressoide-11.1.0_3209/ide/plugins/com.nxp.mcuxpresso.tools.linux_11.1.0.201909161352/tools/bin/../lib/gcc/arm-none-eabi/8.3.1/../../../../arm-none-eabi/lib/thumb/v7-m/nofp/libcr_c.a(strncmp.o)
 .comment       0x0000000000000076       0x77 /usr/local/mcuxpressoide-11.1.0_3209/ide/plugins/com.nxp.mcuxpresso.tools.linux_11.1.0.201909161352/tools/bin/../lib/gcc/arm-none-eabi/8.3.1/thumb/v7-m/nofp/libcr_eabihelpers.a(double.o)

.ARM.attributes
                0x0000000000000000       0x2b
 .ARM.attributes
                0x0000000000000000       0x2d ./src/cr_startup_lpc175x_6x_bkp.o
 .ARM.attributes
                0x000000000000002d       0x2d ./src/heap_4.o
 .ARM.attributes
                0x000000000000005a       0x2d ./src/list.o
 .ARM.attributes
                0x0000000000000087       0x2d ./src/port.o
 .ARM.attributes
                0x00000000000000b4       0x2d ./src/queue.o
 .ARM.attributes
                0x00000000000000e1       0x2d ./src/tasks.o
 .ARM.attributes
                0x000000000000010e       0x2d ./src/tp4_olivaarias.o
 .ARM.attributes
                0x000000000000013b       0x2d ./src/trcKernelPort.o
 .ARM.attributes
                0x0000000000000168       0x2d ./src/trcSnapshotRecorder.o
 .ARM.attributes
                0x0000000000000195       0x2d /home/agustinoli/Documents/MCUXpresso/workspace/CMSISv2p00_LPC17xx/Debug/libCMSISv2p00_LPC17xx.a(system_LPC17xx.o)
 .ARM.attributes
                0x00000000000001c2       0x2d /usr/local/mcuxpressoide-11.1.0_3209/ide/plugins/com.nxp.mcuxpresso.tools.linux_11.1.0.201909161352/tools/bin/../lib/gcc/arm-none-eabi/8.3.1/../../../../arm-none-eabi/lib/thumb/v7-m/nofp/libcr_c.a(memcpy.o)
 .ARM.attributes
                0x00000000000001ef       0x2d /usr/local/mcuxpressoide-11.1.0_3209/ide/plugins/com.nxp.mcuxpresso.tools.linux_11.1.0.201909161352/tools/bin/../lib/gcc/arm-none-eabi/8.3.1/../../../../arm-none-eabi/lib/thumb/v7-m/nofp/libcr_c.a(memset.o)
 .ARM.attributes
                0x000000000000021c       0x2d /usr/local/mcuxpressoide-11.1.0_3209/ide/plugins/com.nxp.mcuxpresso.tools.linux_11.1.0.201909161352/tools/bin/../lib/gcc/arm-none-eabi/8.3.1/../../../../arm-none-eabi/lib/thumb/v7-m/nofp/libcr_c.a(__weak__main.o)
 .ARM.attributes
                0x0000000000000249       0x2d /usr/local/mcuxpressoide-11.1.0_3209/ide/plugins/com.nxp.mcuxpresso.tools.linux_11.1.0.201909161352/tools/bin/../lib/gcc/arm-none-eabi/8.3.1/../../../../arm-none-eabi/lib/thumb/v7-m/nofp/libcr_c.a(stdlib.o)
 .ARM.attributes
                0x0000000000000276       0x2d /usr/local/mcuxpressoide-11.1.0_3209/ide/plugins/com.nxp.mcuxpresso.tools.linux_11.1.0.201909161352/tools/bin/../lib/gcc/arm-none-eabi/8.3.1/../../../../arm-none-eabi/lib/thumb/v7-m/nofp/libcr_c.a(strncmp.o)
 .ARM.attributes
                0x00000000000002a3       0x2d /usr/local/mcuxpressoide-11.1.0_3209/ide/plugins/com.nxp.mcuxpresso.tools.linux_11.1.0.201909161352/tools/bin/../lib/gcc/arm-none-eabi/8.3.1/thumb/v7-m/nofp/libcr_eabihelpers.a(double.o)
 .ARM.attributes
                0x00000000000002d0       0x1b /usr/local/mcuxpressoide-11.1.0_3209/ide/plugins/com.nxp.mcuxpresso.tools.linux_11.1.0.201909161352/tools/bin/../lib/gcc/arm-none-eabi/8.3.1/thumb/v7-m/nofp/libcr_eabihelpers.a(memcpy.o)

.debug_frame    0x0000000000000000     0x1f58
 .debug_frame   0x0000000000000000      0x170 ./src/cr_startup_lpc175x_6x_bkp.o
 .debug_frame   0x0000000000000170      0x12c ./src/heap_4.o
 .debug_frame   0x000000000000029c       0xd8 ./src/list.o
 .debug_frame   0x0000000000000374      0x160 ./src/port.o
 .debug_frame   0x00000000000004d4      0x53c ./src/queue.o
 .debug_frame   0x0000000000000a10      0x900 ./src/tasks.o
 .debug_frame   0x0000000000001310      0x10c ./src/tp4_olivaarias.o
 .debug_frame   0x000000000000141c      0x28c ./src/trcKernelPort.o
 .debug_frame   0x00000000000016a8      0x874 ./src/trcSnapshotRecorder.o
 .debug_frame   0x0000000000001f1c       0x3c /home/agustinoli/Documents/MCUXpresso/workspace/CMSISv2p00_LPC17xx/Debug/libCMSISv2p00_LPC17xx.a(system_LPC17xx.o)

Cross Reference Table

Symbol                                            File
ADC_IRQHandler                                    ./src/cr_startup_lpc175x_6x_bkp.o
BOD_IRQHandler                                    ./src/cr_startup_lpc175x_6x_bkp.o
BusFault_Handler                                  ./src/cr_startup_lpc175x_6x_bkp.o
CANActivity_IRQHandler                            ./src/cr_startup_lpc175x_6x_bkp.o
CAN_IRQHandler                                    ./src/cr_startup_lpc175x_6x_bkp.o
CurrentFilterGroup                                ./src/trcSnapshotRecorder.o
                                                  ./src/tasks.o
                                                  ./src/queue.o
CurrentFilterMask                                 ./src/trcSnapshotRecorder.o
                                                  ./src/tasks.o
                                                  ./src/queue.o
DMA_IRQHandler                                    ./src/cr_startup_lpc175x_6x_bkp.o
DebugMon_Handler                                  ./src/cr_startup_lpc175x_6x_bkp.o
EINT0_IRQHandler                                  ./src/cr_startup_lpc175x_6x_bkp.o
EINT1_IRQHandler                                  ./src/cr_startup_lpc175x_6x_bkp.o
EINT2_IRQHandler                                  ./src/cr_startup_lpc175x_6x_bkp.o
EINT3_IRQHandler                                  ./src/cr_startup_lpc175x_6x_bkp.o
ENET_IRQHandler                                   ./src/cr_startup_lpc175x_6x_bkp.o
HardFault_Handler                                 ./src/cr_startup_lpc175x_6x_bkp.o
I2C0_IRQHandler                                   ./src/cr_startup_lpc175x_6x_bkp.o
I2C1_IRQHandler                                   ./src/cr_startup_lpc175x_6x_bkp.o
I2C2_IRQHandler                                   ./src/cr_startup_lpc175x_6x_bkp.o
I2S_IRQHandler                                    ./src/cr_startup_lpc175x_6x_bkp.o
IntDefaultHandler                                 ./src/cr_startup_lpc175x_6x_bkp.o
MCPWM_IRQHandler                                  ./src/cr_startup_lpc175x_6x_bkp.o
MemManage_Handler                                 ./src/cr_startup_lpc175x_6x_bkp.o
MyWrapper                                         ./src/queue.o
NMI_Handler                                       ./src/cr_startup_lpc175x_6x_bkp.o
PLL0_IRQHandler                                   ./src/cr_startup_lpc175x_6x_bkp.o
PLL1_IRQHandler                                   ./src/cr_startup_lpc175x_6x_bkp.o
PWM1_IRQHandler                                   ./src/cr_startup_lpc175x_6x_bkp.o
PendSV_Handler                                    ./src/port.o
                                                  ./src/cr_startup_lpc175x_6x_bkp.o
QEI_IRQHandler                                    ./src/cr_startup_lpc175x_6x_bkp.o
RIT_IRQHandler                                    ./src/cr_startup_lpc175x_6x_bkp.o
RTC_IRQHandler                                    ./src/cr_startup_lpc175x_6x_bkp.o
RecorderData                                      ./src/trcSnapshotRecorder.o
RecorderDataPtr                                   ./src/trcSnapshotRecorder.o
                                                  ./src/trcKernelPort.o
ResetISR                                          ./src/cr_startup_lpc175x_6x_bkp.o
SPI_IRQHandler                                    ./src/cr_startup_lpc175x_6x_bkp.o
SSP0_IRQHandler                                   ./src/cr_startup_lpc175x_6x_bkp.o
SSP1_IRQHandler                                   ./src/cr_startup_lpc175x_6x_bkp.o
SVC_Handler                                       ./src/port.o
                                                  ./src/cr_startup_lpc175x_6x_bkp.o
SysTick_Handler                                   ./src/port.o
                                                  ./src/cr_startup_lpc175x_6x_bkp.o
SystemCoreClock                                   /home/agustinoli/Documents/MCUXpresso/workspace/CMSISv2p00_LPC17xx/Debug/libCMSISv2p00_LPC17xx.a(system_LPC17xx.o)
SystemCoreClockUpdate                             /home/agustinoli/Documents/MCUXpresso/workspace/CMSISv2p00_LPC17xx/Debug/libCMSISv2p00_LPC17xx.a(system_LPC17xx.o)
SystemInit                                        /home/agustinoli/Documents/MCUXpresso/workspace/CMSISv2p00_LPC17xx/Debug/libCMSISv2p00_LPC17xx.a(system_LPC17xx.o)
                                                  ./src/cr_startup_lpc175x_6x_bkp.o
TIMER0_IRQHandler                                 ./src/cr_startup_lpc175x_6x_bkp.o
TIMER1_IRQHandler                                 ./src/cr_startup_lpc175x_6x_bkp.o
TIMER2_IRQHandler                                 ./src/cr_startup_lpc175x_6x_bkp.o
TIMER3_IRQHandler                                 ./src/cr_startup_lpc175x_6x_bkp.o
TraceQueueClassTable                              ./src/trcKernelPort.o
                                                  ./src/queue.o
UART0_IRQHandler                                  ./src/cr_startup_lpc175x_6x_bkp.o
UART1_IRQHandler                                  ./src/cr_startup_lpc175x_6x_bkp.o
UART2_IRQHandler                                  ./src/cr_startup_lpc175x_6x_bkp.o
UART3_IRQHandler                                  ./src/cr_startup_lpc175x_6x_bkp.o
USBActivity_IRQHandler                            ./src/cr_startup_lpc175x_6x_bkp.o
USB_IRQHandler                                    ./src/cr_startup_lpc175x_6x_bkp.o
UsageFault_Handler                                ./src/cr_startup_lpc175x_6x_bkp.o
WDT_IRQHandler                                    ./src/cr_startup_lpc175x_6x_bkp.o
_Csys_alloc                                       /usr/local/mcuxpressoide-11.1.0_3209/ide/plugins/com.nxp.mcuxpresso.tools.linux_11.1.0.201909161352/tools/bin/../lib/gcc/arm-none-eabi/8.3.1/../../../../arm-none-eabi/lib/thumb/v7-m/nofp/libcr_c.a(alloc.o)
                                                  /usr/local/mcuxpressoide-11.1.0_3209/ide/plugins/com.nxp.mcuxpresso.tools.linux_11.1.0.201909161352/tools/bin/../lib/gcc/arm-none-eabi/8.3.1/../../../../arm-none-eabi/lib/thumb/v7-m/nofp/libcr_c.a(_deferredlazyseek.o)
_Cwritebuf                                        /usr/local/mcuxpressoide-11.1.0_3209/ide/plugins/com.nxp.mcuxpresso.tools.linux_11.1.0.201909161352/tools/bin/../lib/gcc/arm-none-eabi/8.3.1/../../../../arm-none-eabi/lib/thumb/v7-m/nofp/libcr_c.a(_writebuf.o)
                                                  /usr/local/mcuxpressoide-11.1.0_3209/ide/plugins/com.nxp.mcuxpresso.tools.linux_11.1.0.201909161352/tools/bin/../lib/gcc/arm-none-eabi/8.3.1/../../../../arm-none-eabi/lib/thumb/v7-m/nofp/libcr_c.a(_fflush.o)
                                                  /usr/local/mcuxpressoide-11.1.0_3209/ide/plugins/com.nxp.mcuxpresso.tools.linux_11.1.0.201909161352/tools/bin/../lib/gcc/arm-none-eabi/8.3.1/../../../../arm-none-eabi/lib/thumb/v7-m/nofp/libcr_c.a(_deferredlazyseek.o)
__Ciob                                            /usr/local/mcuxpressoide-11.1.0_3209/ide/plugins/com.nxp.mcuxpresso.tools.linux_11.1.0.201909161352/tools/bin/../lib/gcc/arm-none-eabi/8.3.1/../../../../arm-none-eabi/lib/thumb/v7-m/nofp/libcr_c.a(fflush.o)
                                                  /usr/local/mcuxpressoide-11.1.0_3209/ide/plugins/com.nxp.mcuxpresso.tools.linux_11.1.0.201909161352/tools/bin/../lib/gcc/arm-none-eabi/8.3.1/../../../../arm-none-eabi/lib/thumb/v7-m/nofp/libcr_c.a(initio.o)
                                                  /usr/local/mcuxpressoide-11.1.0_3209/ide/plugins/com.nxp.mcuxpresso.tools.linux_11.1.0.201909161352/tools/bin/../lib/gcc/arm-none-eabi/8.3.1/../../../../arm-none-eabi/lib/thumb/v7-m/nofp/libcr_c.a(printf.o)
                                                  /usr/local/mcuxpressoide-11.1.0_3209/ide/plugins/com.nxp.mcuxpresso.tools.linux_11.1.0.201909161352/tools/bin/../lib/gcc/arm-none-eabi/8.3.1/../../../../arm-none-eabi/lib/thumb/v7-m/nofp/libcr_c.a(fpprintf.o)
__aeabi_cdcmpeq                                   /usr/local/mcuxpressoide-11.1.0_3209/ide/plugins/com.nxp.mcuxpresso.tools.linux_11.1.0.201909161352/tools/bin/../lib/gcc/arm-none-eabi/8.3.1/thumb/v7-m/nofp/libcr_eabihelpers.a(double.o)
__aeabi_cdcmple                                   /usr/local/mcuxpressoide-11.1.0_3209/ide/plugins/com.nxp.mcuxpresso.tools.linux_11.1.0.201909161352/tools/bin/../lib/gcc/arm-none-eabi/8.3.1/thumb/v7-m/nofp/libcr_eabihelpers.a(double.o)
__aeabi_cdrcmple                                  /usr/local/mcuxpressoide-11.1.0_3209/ide/plugins/com.nxp.mcuxpresso.tools.linux_11.1.0.201909161352/tools/bin/../lib/gcc/arm-none-eabi/8.3.1/thumb/v7-m/nofp/libcr_eabihelpers.a(double.o)
__aeabi_d2f                                       /usr/local/mcuxpressoide-11.1.0_3209/ide/plugins/com.nxp.mcuxpresso.tools.linux_11.1.0.201909161352/tools/bin/../lib/gcc/arm-none-eabi/8.3.1/thumb/v7-m/nofp/libcr_eabihelpers.a(double.o)
__aeabi_d2iz                                      /usr/local/mcuxpressoide-11.1.0_3209/ide/plugins/com.nxp.mcuxpresso.tools.linux_11.1.0.201909161352/tools/bin/../lib/gcc/arm-none-eabi/8.3.1/thumb/v7-m/nofp/libcr_eabihelpers.a(double.o)
                                                  /usr/local/mcuxpressoide-11.1.0_3209/ide/plugins/com.nxp.mcuxpresso.tools.linux_11.1.0.201909161352/tools/bin/../lib/gcc/arm-none-eabi/8.3.1/../../../../arm-none-eabi/lib/thumb/v7-m/nofp/libcr_c.a(fpprintf.o)
__aeabi_d2lz                                      /usr/local/mcuxpressoide-11.1.0_3209/ide/plugins/com.nxp.mcuxpresso.tools.linux_11.1.0.201909161352/tools/bin/../lib/gcc/arm-none-eabi/8.3.1/thumb/v7-m/nofp/libcr_eabihelpers.a(double.o)
__aeabi_d2uiz                                     /usr/local/mcuxpressoide-11.1.0_3209/ide/plugins/com.nxp.mcuxpresso.tools.linux_11.1.0.201909161352/tools/bin/../lib/gcc/arm-none-eabi/8.3.1/thumb/v7-m/nofp/libcr_eabihelpers.a(double.o)
                                                  ./src/trcSnapshotRecorder.o
__aeabi_d2ulz                                     /usr/local/mcuxpressoide-11.1.0_3209/ide/plugins/com.nxp.mcuxpresso.tools.linux_11.1.0.201909161352/tools/bin/../lib/gcc/arm-none-eabi/8.3.1/thumb/v7-m/nofp/libcr_eabihelpers.a(double.o)
__aeabi_dadd                                      /usr/local/mcuxpressoide-11.1.0_3209/ide/plugins/com.nxp.mcuxpresso.tools.linux_11.1.0.201909161352/tools/bin/../lib/gcc/arm-none-eabi/8.3.1/thumb/v7-m/nofp/libcr_eabihelpers.a(double.o)
                                                  /usr/local/mcuxpressoide-11.1.0_3209/ide/plugins/com.nxp.mcuxpresso.tools.linux_11.1.0.201909161352/tools/bin/../lib/gcc/arm-none-eabi/8.3.1/../../../../arm-none-eabi/lib/thumb/v7-m/nofp/libcr_c.a(fpprintf.o)
__aeabi_dcmpeq                                    /usr/local/mcuxpressoide-11.1.0_3209/ide/plugins/com.nxp.mcuxpresso.tools.linux_11.1.0.201909161352/tools/bin/../lib/gcc/arm-none-eabi/8.3.1/thumb/v7-m/nofp/libcr_eabihelpers.a(double.o)
                                                  /usr/local/mcuxpressoide-11.1.0_3209/ide/plugins/com.nxp.mcuxpresso.tools.linux_11.1.0.201909161352/tools/bin/../lib/gcc/arm-none-eabi/8.3.1/../../../../arm-none-eabi/lib/thumb/v7-m/nofp/libcr_c.a(_ldexpl.o)
                                                  /usr/local/mcuxpressoide-11.1.0_3209/ide/plugins/com.nxp.mcuxpresso.tools.linux_11.1.0.201909161352/tools/bin/../lib/gcc/arm-none-eabi/8.3.1/../../../../arm-none-eabi/lib/thumb/v7-m/nofp/libcr_c.a(_frexpl.o)
                                                  /usr/local/mcuxpressoide-11.1.0_3209/ide/plugins/com.nxp.mcuxpresso.tools.linux_11.1.0.201909161352/tools/bin/../lib/gcc/arm-none-eabi/8.3.1/../../../../arm-none-eabi/lib/thumb/v7-m/nofp/libcr_c.a(fpprintf.o)
__aeabi_dcmpge                                    /usr/local/mcuxpressoide-11.1.0_3209/ide/plugins/com.nxp.mcuxpresso.tools.linux_11.1.0.201909161352/tools/bin/../lib/gcc/arm-none-eabi/8.3.1/thumb/v7-m/nofp/libcr_eabihelpers.a(double.o)
                                                  /usr/local/mcuxpressoide-11.1.0_3209/ide/plugins/com.nxp.mcuxpresso.tools.linux_11.1.0.201909161352/tools/bin/../lib/gcc/arm-none-eabi/8.3.1/../../../../arm-none-eabi/lib/thumb/v7-m/nofp/libcr_c.a(fpprintf.o)
__aeabi_dcmpgt                                    /usr/local/mcuxpressoide-11.1.0_3209/ide/plugins/com.nxp.mcuxpresso.tools.linux_11.1.0.201909161352/tools/bin/../lib/gcc/arm-none-eabi/8.3.1/thumb/v7-m/nofp/libcr_eabihelpers.a(double.o)
__aeabi_dcmple                                    /usr/local/mcuxpressoide-11.1.0_3209/ide/plugins/com.nxp.mcuxpresso.tools.linux_11.1.0.201909161352/tools/bin/../lib/gcc/arm-none-eabi/8.3.1/thumb/v7-m/nofp/libcr_eabihelpers.a(double.o)
                                                  /usr/local/mcuxpressoide-11.1.0_3209/ide/plugins/com.nxp.mcuxpresso.tools.linux_11.1.0.201909161352/tools/bin/../lib/gcc/arm-none-eabi/8.3.1/../../../../arm-none-eabi/lib/thumb/v7-m/nofp/libcr_c.a(fpprintf.o)
__aeabi_dcmplt                                    /usr/local/mcuxpressoide-11.1.0_3209/ide/plugins/com.nxp.mcuxpresso.tools.linux_11.1.0.201909161352/tools/bin/../lib/gcc/arm-none-eabi/8.3.1/thumb/v7-m/nofp/libcr_eabihelpers.a(double.o)
                                                  /usr/local/mcuxpressoide-11.1.0_3209/ide/plugins/com.nxp.mcuxpresso.tools.linux_11.1.0.201909161352/tools/bin/../lib/gcc/arm-none-eabi/8.3.1/../../../../arm-none-eabi/lib/thumb/v7-m/nofp/libcr_c.a(fpprintf.o)
__aeabi_dcmpun                                    /usr/local/mcuxpressoide-11.1.0_3209/ide/plugins/com.nxp.mcuxpresso.tools.linux_11.1.0.201909161352/tools/bin/../lib/gcc/arm-none-eabi/8.3.1/thumb/v7-m/nofp/libcr_eabihelpers.a(double.o)
__aeabi_ddiv                                      /usr/local/mcuxpressoide-11.1.0_3209/ide/plugins/com.nxp.mcuxpresso.tools.linux_11.1.0.201909161352/tools/bin/../lib/gcc/arm-none-eabi/8.3.1/thumb/v7-m/nofp/libcr_eabihelpers.a(double.o)
                                                  /usr/local/mcuxpressoide-11.1.0_3209/ide/plugins/com.nxp.mcuxpresso.tools.linux_11.1.0.201909161352/tools/bin/../lib/gcc/arm-none-eabi/8.3.1/../../../../arm-none-eabi/lib/thumb/v7-m/nofp/libcr_c.a(fpprintf.o)
__aeabi_dmul                                      /usr/local/mcuxpressoide-11.1.0_3209/ide/plugins/com.nxp.mcuxpresso.tools.linux_11.1.0.201909161352/tools/bin/../lib/gcc/arm-none-eabi/8.3.1/thumb/v7-m/nofp/libcr_eabihelpers.a(double.o)
                                                  /usr/local/mcuxpressoide-11.1.0_3209/ide/plugins/com.nxp.mcuxpresso.tools.linux_11.1.0.201909161352/tools/bin/../lib/gcc/arm-none-eabi/8.3.1/../../../../arm-none-eabi/lib/thumb/v7-m/nofp/libcr_c.a(fpprintf.o)
__aeabi_dneg                                      /usr/local/mcuxpressoide-11.1.0_3209/ide/plugins/com.nxp.mcuxpresso.tools.linux_11.1.0.201909161352/tools/bin/../lib/gcc/arm-none-eabi/8.3.1/thumb/v7-m/nofp/libcr_eabihelpers.a(double.o)
__aeabi_drsub                                     /usr/local/mcuxpressoide-11.1.0_3209/ide/plugins/com.nxp.mcuxpresso.tools.linux_11.1.0.201909161352/tools/bin/../lib/gcc/arm-none-eabi/8.3.1/thumb/v7-m/nofp/libcr_eabihelpers.a(double.o)
__aeabi_dsub                                      /usr/local/mcuxpressoide-11.1.0_3209/ide/plugins/com.nxp.mcuxpresso.tools.linux_11.1.0.201909161352/tools/bin/../lib/gcc/arm-none-eabi/8.3.1/thumb/v7-m/nofp/libcr_eabihelpers.a(double.o)
                                                  /usr/local/mcuxpressoide-11.1.0_3209/ide/plugins/com.nxp.mcuxpresso.tools.linux_11.1.0.201909161352/tools/bin/../lib/gcc/arm-none-eabi/8.3.1/../../../../arm-none-eabi/lib/thumb/v7-m/nofp/libcr_c.a(fpprintf.o)
__aeabi_i2d                                       /usr/local/mcuxpressoide-11.1.0_3209/ide/plugins/com.nxp.mcuxpresso.tools.linux_11.1.0.201909161352/tools/bin/../lib/gcc/arm-none-eabi/8.3.1/thumb/v7-m/nofp/libcr_eabihelpers.a(double.o)
                                                  /usr/local/mcuxpressoide-11.1.0_3209/ide/plugins/com.nxp.mcuxpresso.tools.linux_11.1.0.201909161352/tools/bin/../lib/gcc/arm-none-eabi/8.3.1/../../../../arm-none-eabi/lib/thumb/v7-m/nofp/libcr_c.a(fpprintf.o)
__aeabi_idiv0                                     /usr/local/mcuxpressoide-11.1.0_3209/ide/plugins/com.nxp.mcuxpresso.tools.linux_11.1.0.201909161352/tools/bin/../lib/gcc/arm-none-eabi/8.3.1/thumb/v7-m/nofp/libcr_eabihelpers.a(division_idiv0.o)
                                                  /usr/local/mcuxpressoide-11.1.0_3209/ide/plugins/com.nxp.mcuxpresso.tools.linux_11.1.0.201909161352/tools/bin/../lib/gcc/arm-none-eabi/8.3.1/thumb/v7-m/nofp/libcr_eabihelpers.a(division_64.o)
__aeabi_l2d                                       /usr/local/mcuxpressoide-11.1.0_3209/ide/plugins/com.nxp.mcuxpresso.tools.linux_11.1.0.201909161352/tools/bin/../lib/gcc/arm-none-eabi/8.3.1/thumb/v7-m/nofp/libcr_eabihelpers.a(double.o)
__aeabi_ldivmod                                   /usr/local/mcuxpressoide-11.1.0_3209/ide/plugins/com.nxp.mcuxpresso.tools.linux_11.1.0.201909161352/tools/bin/../lib/gcc/arm-none-eabi/8.3.1/thumb/v7-m/nofp/libcr_eabihelpers.a(division_64.o)
                                                  /home/agustinoli/Documents/MCUXpresso/workspace/CMSISv2p00_LPC17xx/Debug/libCMSISv2p00_LPC17xx.a(system_LPC17xx.o)
__aeabi_lowlevel_memset                           /usr/local/mcuxpressoide-11.1.0_3209/ide/plugins/com.nxp.mcuxpresso.tools.linux_11.1.0.201909161352/tools/bin/../lib/gcc/arm-none-eabi/8.3.1/thumb/v7-m/nofp/libcr_eabihelpers.a(memcpy.o)
                                                  /usr/local/mcuxpressoide-11.1.0_3209/ide/plugins/com.nxp.mcuxpresso.tools.linux_11.1.0.201909161352/tools/bin/../lib/gcc/arm-none-eabi/8.3.1/../../../../arm-none-eabi/lib/thumb/v7-m/nofp/libcr_c.a(memset.o)
__aeabi_memclr                                    /usr/local/mcuxpressoide-11.1.0_3209/ide/plugins/com.nxp.mcuxpresso.tools.linux_11.1.0.201909161352/tools/bin/../lib/gcc/arm-none-eabi/8.3.1/thumb/v7-m/nofp/libcr_eabihelpers.a(memcpy.o)
__aeabi_memclr4                                   /usr/local/mcuxpressoide-11.1.0_3209/ide/plugins/com.nxp.mcuxpresso.tools.linux_11.1.0.201909161352/tools/bin/../lib/gcc/arm-none-eabi/8.3.1/thumb/v7-m/nofp/libcr_eabihelpers.a(memcpy.o)
__aeabi_memclr8                                   /usr/local/mcuxpressoide-11.1.0_3209/ide/plugins/com.nxp.mcuxpresso.tools.linux_11.1.0.201909161352/tools/bin/../lib/gcc/arm-none-eabi/8.3.1/thumb/v7-m/nofp/libcr_eabihelpers.a(memcpy.o)
__aeabi_memcpy                                    /usr/local/mcuxpressoide-11.1.0_3209/ide/plugins/com.nxp.mcuxpresso.tools.linux_11.1.0.201909161352/tools/bin/../lib/gcc/arm-none-eabi/8.3.1/thumb/v7-m/nofp/libcr_eabihelpers.a(memcpy.o)
                                                  /usr/local/mcuxpressoide-11.1.0_3209/ide/plugins/com.nxp.mcuxpresso.tools.linux_11.1.0.201909161352/tools/bin/../lib/gcc/arm-none-eabi/8.3.1/../../../../arm-none-eabi/lib/thumb/v7-m/nofp/libcr_c.a(memcpy.o)
__aeabi_memcpy4                                   /usr/local/mcuxpressoide-11.1.0_3209/ide/plugins/com.nxp.mcuxpresso.tools.linux_11.1.0.201909161352/tools/bin/../lib/gcc/arm-none-eabi/8.3.1/thumb/v7-m/nofp/libcr_eabihelpers.a(memcpy.o)
__aeabi_memcpy8                                   /usr/local/mcuxpressoide-11.1.0_3209/ide/plugins/com.nxp.mcuxpresso.tools.linux_11.1.0.201909161352/tools/bin/../lib/gcc/arm-none-eabi/8.3.1/thumb/v7-m/nofp/libcr_eabihelpers.a(memcpy.o)
__aeabi_memmove                                   /usr/local/mcuxpressoide-11.1.0_3209/ide/plugins/com.nxp.mcuxpresso.tools.linux_11.1.0.201909161352/tools/bin/../lib/gcc/arm-none-eabi/8.3.1/thumb/v7-m/nofp/libcr_eabihelpers.a(memcpy.o)
__aeabi_memmove4                                  /usr/local/mcuxpressoide-11.1.0_3209/ide/plugins/com.nxp.mcuxpresso.tools.linux_11.1.0.201909161352/tools/bin/../lib/gcc/arm-none-eabi/8.3.1/thumb/v7-m/nofp/libcr_eabihelpers.a(memcpy.o)
__aeabi_memmove8                                  /usr/local/mcuxpressoide-11.1.0_3209/ide/plugins/com.nxp.mcuxpresso.tools.linux_11.1.0.201909161352/tools/bin/../lib/gcc/arm-none-eabi/8.3.1/thumb/v7-m/nofp/libcr_eabihelpers.a(memcpy.o)
__aeabi_memset                                    /usr/local/mcuxpressoide-11.1.0_3209/ide/plugins/com.nxp.mcuxpresso.tools.linux_11.1.0.201909161352/tools/bin/../lib/gcc/arm-none-eabi/8.3.1/thumb/v7-m/nofp/libcr_eabihelpers.a(memcpy.o)
__aeabi_memset4                                   /usr/local/mcuxpressoide-11.1.0_3209/ide/plugins/com.nxp.mcuxpresso.tools.linux_11.1.0.201909161352/tools/bin/../lib/gcc/arm-none-eabi/8.3.1/thumb/v7-m/nofp/libcr_eabihelpers.a(memcpy.o)
__aeabi_memset8                                   /usr/local/mcuxpressoide-11.1.0_3209/ide/plugins/com.nxp.mcuxpresso.tools.linux_11.1.0.201909161352/tools/bin/../lib/gcc/arm-none-eabi/8.3.1/thumb/v7-m/nofp/libcr_eabihelpers.a(memcpy.o)
__aeabi_ui2d                                      /usr/local/mcuxpressoide-11.1.0_3209/ide/plugins/com.nxp.mcuxpresso.tools.linux_11.1.0.201909161352/tools/bin/../lib/gcc/arm-none-eabi/8.3.1/thumb/v7-m/nofp/libcr_eabihelpers.a(double.o)
__aeabi_ul2d                                      /usr/local/mcuxpressoide-11.1.0_3209/ide/plugins/com.nxp.mcuxpresso.tools.linux_11.1.0.201909161352/tools/bin/../lib/gcc/arm-none-eabi/8.3.1/thumb/v7-m/nofp/libcr_eabihelpers.a(double.o)
__aeabi_uldivmod                                  /usr/local/mcuxpressoide-11.1.0_3209/ide/plugins/com.nxp.mcuxpresso.tools.linux_11.1.0.201909161352/tools/bin/../lib/gcc/arm-none-eabi/8.3.1/thumb/v7-m/nofp/libcr_eabihelpers.a(division_64.o)
                                                  /home/agustinoli/Documents/MCUXpresso/workspace/CMSISv2p00_LPC17xx/Debug/libCMSISv2p00_LPC17xx.a(system_LPC17xx.o)
__bhs_ldivmod1                                    /usr/local/mcuxpressoide-11.1.0_3209/ide/plugins/com.nxp.mcuxpresso.tools.linux_11.1.0.201909161352/tools/bin/../lib/gcc/arm-none-eabi/8.3.1/thumb/v7-m/nofp/libcr_eabihelpers.a(division_64.o)
__bhs_ui2d                                        /usr/local/mcuxpressoide-11.1.0_3209/ide/plugins/com.nxp.mcuxpresso.tools.linux_11.1.0.201909161352/tools/bin/../lib/gcc/arm-none-eabi/8.3.1/thumb/v7-m/nofp/libcr_eabihelpers.a(double.o)
__bhs_ul2d                                        /usr/local/mcuxpressoide-11.1.0_3209/ide/plugins/com.nxp.mcuxpresso.tools.linux_11.1.0.201909161352/tools/bin/../lib/gcc/arm-none-eabi/8.3.1/thumb/v7-m/nofp/libcr_eabihelpers.a(double.o)
__bss_section_table_end                           ./src/cr_startup_lpc175x_6x_bkp.o
__check_heap_overflow                             /usr/local/mcuxpressoide-11.1.0_3209/ide/plugins/com.nxp.mcuxpresso.tools.linux_11.1.0.201909161352/tools/bin/../lib/gcc/arm-none-eabi/8.3.1/../../../../arm-none-eabi/lib/thumb/v7-m/nofp/libcr_c.a(_cr_check_heap.o)
                                                  /usr/local/mcuxpressoide-11.1.0_3209/ide/plugins/com.nxp.mcuxpresso.tools.linux_11.1.0.201909161352/tools/bin/../lib/gcc/arm-none-eabi/8.3.1/../../../../arm-none-eabi/lib/thumb/v7-m/nofp/libcr_c.a(_cr_sbrk.o)
__data_section_table                              ./src/cr_startup_lpc175x_6x_bkp.o
__data_section_table_end                          ./src/cr_startup_lpc175x_6x_bkp.o
__end_of_heap                                     /usr/local/mcuxpressoide-11.1.0_3209/ide/plugins/com.nxp.mcuxpresso.tools.linux_11.1.0.201909161352/tools/bin/../lib/gcc/arm-none-eabi/8.3.1/../../../../arm-none-eabi/lib/thumb/v7-m/nofp/libcr_c.a(__init_alloc.o)
                                                  /usr/local/mcuxpressoide-11.1.0_3209/ide/plugins/com.nxp.mcuxpresso.tools.linux_11.1.0.201909161352/tools/bin/../lib/gcc/arm-none-eabi/8.3.1/../../../../arm-none-eabi/lib/thumb/v7-m/nofp/libcr_c.a(_cr_sbrk.o)
__flsbuf                                          /usr/local/mcuxpressoide-11.1.0_3209/ide/plugins/com.nxp.mcuxpresso.tools.linux_11.1.0.201909161352/tools/bin/../lib/gcc/arm-none-eabi/8.3.1/../../../../arm-none-eabi/lib/thumb/v7-m/nofp/libcr_c.a(_deferredlazyseek.o)
                                                  /usr/local/mcuxpressoide-11.1.0_3209/ide/plugins/com.nxp.mcuxpresso.tools.linux_11.1.0.201909161352/tools/bin/../lib/gcc/arm-none-eabi/8.3.1/../../../../arm-none-eabi/lib/thumb/v7-m/nofp/libcr_c.a(printf.o)
                                                  /usr/local/mcuxpressoide-11.1.0_3209/ide/plugins/com.nxp.mcuxpresso.tools.linux_11.1.0.201909161352/tools/bin/../lib/gcc/arm-none-eabi/8.3.1/../../../../arm-none-eabi/lib/thumb/v7-m/nofp/libcr_c.a(fpprintf.o)
__heaps                                           /usr/local/mcuxpressoide-11.1.0_3209/ide/plugins/com.nxp.mcuxpresso.tools.linux_11.1.0.201909161352/tools/bin/../lib/gcc/arm-none-eabi/8.3.1/../../../../arm-none-eabi/lib/thumb/v7-m/nofp/libcr_c.a(__init_alloc.o)
                                                  /usr/local/mcuxpressoide-11.1.0_3209/ide/plugins/com.nxp.mcuxpresso.tools.linux_11.1.0.201909161352/tools/bin/../lib/gcc/arm-none-eabi/8.3.1/../../../../arm-none-eabi/lib/thumb/v7-m/nofp/libcr_c.a(alloc.o)
__main                                            /usr/local/mcuxpressoide-11.1.0_3209/ide/plugins/com.nxp.mcuxpresso.tools.linux_11.1.0.201909161352/tools/bin/../lib/gcc/arm-none-eabi/8.3.1/../../../../arm-none-eabi/lib/thumb/v7-m/nofp/libcr_c.a(__weak__main.o)
                                                  ./src/cr_startup_lpc175x_6x_bkp.o
__num_Ciob_streams                                /usr/local/mcuxpressoide-11.1.0_3209/ide/plugins/com.nxp.mcuxpresso.tools.linux_11.1.0.201909161352/tools/bin/../lib/gcc/arm-none-eabi/8.3.1/../../../../arm-none-eabi/lib/thumb/v7-m/nofp/libcr_c.a(fflush.o)
                                                  /usr/local/mcuxpressoide-11.1.0_3209/ide/plugins/com.nxp.mcuxpresso.tools.linux_11.1.0.201909161352/tools/bin/../lib/gcc/arm-none-eabi/8.3.1/../../../../arm-none-eabi/lib/thumb/v7-m/nofp/libcr_c.a(initio.o)
__rand                                            /usr/local/mcuxpressoide-11.1.0_3209/ide/plugins/com.nxp.mcuxpresso.tools.linux_11.1.0.201909161352/tools/bin/../lib/gcc/arm-none-eabi/8.3.1/../../../../arm-none-eabi/lib/thumb/v7-m/nofp/libcr_c.a(stdlib.o)
__srand                                           /usr/local/mcuxpressoide-11.1.0_3209/ide/plugins/com.nxp.mcuxpresso.tools.linux_11.1.0.201909161352/tools/bin/../lib/gcc/arm-none-eabi/8.3.1/../../../../arm-none-eabi/lib/thumb/v7-m/nofp/libcr_c.a(stdlib.o)
__sys_appexit                                     /usr/local/mcuxpressoide-11.1.0_3209/ide/plugins/com.nxp.mcuxpresso.tools.linux_11.1.0.201909161352/tools/bin/../lib/gcc/arm-none-eabi/8.3.1/../../../../arm-none-eabi/lib/thumb/v7-m/nofp/libcr_c.a(alloc.o)
                                                  /usr/local/mcuxpressoide-11.1.0_3209/ide/plugins/com.nxp.mcuxpresso.tools.linux_11.1.0.201909161352/tools/bin/../lib/gcc/arm-none-eabi/8.3.1/../../../../arm-none-eabi/lib/thumb/v7-m/nofp/libcr_c.a(stdlib.o)
__sys_close                                       /usr/local/mcuxpressoide-11.1.0_3209/ide/plugins/com.nxp.mcuxpresso.tools.linux_11.1.0.201909161352/tools/bin/../lib/gcc/arm-none-eabi/8.3.1/../../../../arm-none-eabi/lib/thumb/v7-m/nofp/libcr_c.a(fclose.o)
__sys_flen                                        /usr/local/mcuxpressoide-11.1.0_3209/ide/plugins/com.nxp.mcuxpresso.tools.linux_11.1.0.201909161352/tools/bin/../lib/gcc/arm-none-eabi/8.3.1/../../../../arm-none-eabi/lib/thumb/v7-m/nofp/libcr_c.a(fseek.o)
                                                  /usr/local/mcuxpressoide-11.1.0_3209/ide/plugins/com.nxp.mcuxpresso.tools.linux_11.1.0.201909161352/tools/bin/../lib/gcc/arm-none-eabi/8.3.1/../../../../arm-none-eabi/lib/thumb/v7-m/nofp/libcr_c.a(_writebuf.o)
__sys_istty                                       /usr/local/mcuxpressoide-11.1.0_3209/ide/plugins/com.nxp.mcuxpresso.tools.linux_11.1.0.201909161352/tools/bin/../lib/gcc/arm-none-eabi/8.3.1/../../../../arm-none-eabi/lib/thumb/v7-m/nofp/libcr_c.a(fseek.o)
                                                  /usr/local/mcuxpressoide-11.1.0_3209/ide/plugins/com.nxp.mcuxpresso.tools.linux_11.1.0.201909161352/tools/bin/../lib/gcc/arm-none-eabi/8.3.1/../../../../arm-none-eabi/lib/thumb/v7-m/nofp/libcr_c.a(_deferredlazyseek.o)
__sys_remove                                      /usr/local/mcuxpressoide-11.1.0_3209/ide/plugins/com.nxp.mcuxpresso.tools.linux_11.1.0.201909161352/tools/bin/../lib/gcc/arm-none-eabi/8.3.1/../../../../arm-none-eabi/lib/thumb/v7-m/nofp/libcr_c.a(remove.o)
__sys_rename                                      /usr/local/mcuxpressoide-11.1.0_3209/ide/plugins/com.nxp.mcuxpresso.tools.linux_11.1.0.201909161352/tools/bin/../lib/gcc/arm-none-eabi/8.3.1/../../../../arm-none-eabi/lib/thumb/v7-m/nofp/libcr_c.a(remove.o)
__sys_seek                                        /usr/local/mcuxpressoide-11.1.0_3209/ide/plugins/com.nxp.mcuxpresso.tools.linux_11.1.0.201909161352/tools/bin/../lib/gcc/arm-none-eabi/8.3.1/../../../../arm-none-eabi/lib/thumb/v7-m/nofp/libcr_c.a(_writebuf.o)
__sys_tmpnam                                      /usr/local/mcuxpressoide-11.1.0_3209/ide/plugins/com.nxp.mcuxpresso.tools.linux_11.1.0.201909161352/tools/bin/../lib/gcc/arm-none-eabi/8.3.1/../../../../arm-none-eabi/lib/thumb/v7-m/nofp/libcr_c.a(fclose.o)
__sys_write                                       /usr/local/mcuxpressoide-11.1.0_3209/ide/plugins/com.nxp.mcuxpresso.tools.linux_11.1.0.201909161352/tools/bin/../lib/gcc/arm-none-eabi/8.3.1/../../../../arm-none-eabi/lib/thumb/v7-m/nofp/libcr_c.a(alloc.o)
                                                  /usr/local/mcuxpressoide-11.1.0_3209/ide/plugins/com.nxp.mcuxpresso.tools.linux_11.1.0.201909161352/tools/bin/../lib/gcc/arm-none-eabi/8.3.1/../../../../arm-none-eabi/lib/thumb/v7-m/nofp/libcr_c.a(_writebuf.o)
                                                  /usr/local/mcuxpressoide-11.1.0_3209/ide/plugins/com.nxp.mcuxpresso.tools.linux_11.1.0.201909161352/tools/bin/../lib/gcc/arm-none-eabi/8.3.1/../../../../arm-none-eabi/lib/thumb/v7-m/nofp/libcr_c.a(printf.o)
                                                  /usr/local/mcuxpressoide-11.1.0_3209/ide/plugins/com.nxp.mcuxpresso.tools.linux_11.1.0.201909161352/tools/bin/../lib/gcc/arm-none-eabi/8.3.1/../../../../arm-none-eabi/lib/thumb/v7-m/nofp/libcr_c.a(fpprintf.o)
__valid_user_code_checksum                        ./src/cr_startup_lpc175x_6x_bkp.o
__vfprintf                                        /usr/local/mcuxpressoide-11.1.0_3209/ide/plugins/com.nxp.mcuxpresso.tools.linux_11.1.0.201909161352/tools/bin/../lib/gcc/arm-none-eabi/8.3.1/../../../../arm-none-eabi/lib/thumb/v7-m/nofp/libcr_c.a(printf.o)
                                                  /usr/local/mcuxpressoide-11.1.0_3209/ide/plugins/com.nxp.mcuxpresso.tools.linux_11.1.0.201909161352/tools/bin/../lib/gcc/arm-none-eabi/8.3.1/../../../../arm-none-eabi/lib/thumb/v7-m/nofp/libcr_c.a(fpprintf.o)
__weak_main                                       /usr/local/mcuxpressoide-11.1.0_3209/ide/plugins/com.nxp.mcuxpresso.tools.linux_11.1.0.201909161352/tools/bin/../lib/gcc/arm-none-eabi/8.3.1/../../../../arm-none-eabi/lib/thumb/v7-m/nofp/libcr_c.a(__weak__main.o)
_deferredlazyseek                                 /usr/local/mcuxpressoide-11.1.0_3209/ide/plugins/com.nxp.mcuxpresso.tools.linux_11.1.0.201909161352/tools/bin/../lib/gcc/arm-none-eabi/8.3.1/../../../../arm-none-eabi/lib/thumb/v7-m/nofp/libcr_c.a(_deferredlazyseek.o)
                                                  /usr/local/mcuxpressoide-11.1.0_3209/ide/plugins/com.nxp.mcuxpresso.tools.linux_11.1.0.201909161352/tools/bin/../lib/gcc/arm-none-eabi/8.3.1/../../../../arm-none-eabi/lib/thumb/v7-m/nofp/libcr_c.a(_do_fflush.o)
_do_fflush                                        /usr/local/mcuxpressoide-11.1.0_3209/ide/plugins/com.nxp.mcuxpresso.tools.linux_11.1.0.201909161352/tools/bin/../lib/gcc/arm-none-eabi/8.3.1/../../../../arm-none-eabi/lib/thumb/v7-m/nofp/libcr_c.a(_do_fflush.o)
                                                  /usr/local/mcuxpressoide-11.1.0_3209/ide/plugins/com.nxp.mcuxpresso.tools.linux_11.1.0.201909161352/tools/bin/../lib/gcc/arm-none-eabi/8.3.1/../../../../arm-none-eabi/lib/thumb/v7-m/nofp/libcr_c.a(fflush.o)
_exit_init                                        /usr/local/mcuxpressoide-11.1.0_3209/ide/plugins/com.nxp.mcuxpresso.tools.linux_11.1.0.201909161352/tools/bin/../lib/gcc/arm-none-eabi/8.3.1/../../../../arm-none-eabi/lib/thumb/v7-m/nofp/libcr_c.a(stdlib.o)
_exitvector                                       /usr/local/mcuxpressoide-11.1.0_3209/ide/plugins/com.nxp.mcuxpresso.tools.linux_11.1.0.201909161352/tools/bin/../lib/gcc/arm-none-eabi/8.3.1/../../../../arm-none-eabi/lib/thumb/v7-m/nofp/libcr_c.a(stdlib.o)
_fdopen                                           /usr/local/mcuxpressoide-11.1.0_3209/ide/plugins/com.nxp.mcuxpresso.tools.linux_11.1.0.201909161352/tools/bin/../lib/gcc/arm-none-eabi/8.3.1/../../../../arm-none-eabi/lib/thumb/v7-m/nofp/libcr_c.a(_fdopen.o)
                                                  /usr/local/mcuxpressoide-11.1.0_3209/ide/plugins/com.nxp.mcuxpresso.tools.linux_11.1.0.201909161352/tools/bin/../lib/gcc/arm-none-eabi/8.3.1/../../../../arm-none-eabi/lib/thumb/v7-m/nofp/libcr_c.a(initio.o)
_fflush                                           /usr/local/mcuxpressoide-11.1.0_3209/ide/plugins/com.nxp.mcuxpresso.tools.linux_11.1.0.201909161352/tools/bin/../lib/gcc/arm-none-eabi/8.3.1/../../../../arm-none-eabi/lib/thumb/v7-m/nofp/libcr_c.a(_fflush.o)
                                                  /usr/local/mcuxpressoide-11.1.0_3209/ide/plugins/com.nxp.mcuxpresso.tools.linux_11.1.0.201909161352/tools/bin/../lib/gcc/arm-none-eabi/8.3.1/../../../../arm-none-eabi/lib/thumb/v7-m/nofp/libcr_c.a(_do_fflush.o)