Archive member included to satisfy reference by file (symbol)

/home/agustinoli/Documents/MCUXpresso/workspace/CMSISv2p00_LPC17xx/Debug/libCMSISv2p00_LPC17xx.a(system_LPC17xx.o)
                              ./src/cr_startup_lpc175x_6x_bkp.o (SystemInit)
/usr/local/mcuxpressoide-11.1.0_3209/ide/plugins/com.nxp.mcuxpresso.tools.linux_11.1.0.201909161352/tools/bin/../lib/gcc/arm-none-eabi/8.3.1/../../../../arm-none-eabi/lib/thumb/v7-m/nofp/libcr_c.a(memcpy.o)
                              ./src/queue.o (memcpy)
/usr/local/mcuxpressoide-11.1.0_3209/ide/plugins/com.nxp.mcuxpresso.tools.linux_11.1.0.201909161352/tools/bin/../lib/gcc/arm-none-eabi/8.3.1/../../../../arm-none-eabi/lib/thumb/v7-m/nofp/libcr_c.a(memset.o)
                              ./src/tasks.o (memset)
/usr/local/mcuxpressoide-11.1.0_3209/ide/plugins/com.nxp.mcuxpresso.tools.linux_11.1.0.201909161352/tools/bin/../lib/gcc/arm-none-eabi/8.3.1/../../../../arm-none-eabi/lib/thumb/v7-m/nofp/libcr_c.a(__weak__main.o)
                              ./src/cr_startup_lpc175x_6x_bkp.o (__main)
/usr/local/mcuxpressoide-11.1.0_3209/ide/plugins/com.nxp.mcuxpresso.tools.linux_11.1.0.201909161352/tools/bin/../lib/gcc/arm-none-eabi/8.3.1/../../../../arm-none-eabi/lib/thumb/v7-m/nofp/libcr_c.a(fpprintf.o)
                              ./src/tasks.o (sprintf)
/usr/local/mcuxpressoide-11.1.0_3209/ide/plugins/com.nxp.mcuxpresso.tools.linux_11.1.0.201909161352/tools/bin/../lib/gcc/arm-none-eabi/8.3.1/../../../../arm-none-eabi/lib/thumb/v7-m/nofp/libcr_c.a(printf.o)
                              /usr/local/mcuxpressoide-11.1.0_3209/ide/plugins/com.nxp.mcuxpresso.tools.linux_11.1.0.201909161352/tools/bin/../lib/gcc/arm-none-eabi/8.3.1/../../../../arm-none-eabi/lib/thumb/v7-m/nofp/libcr_c.a(fpprintf.o) (__vfprintf)
/usr/local/mcuxpressoide-11.1.0_3209/ide/plugins/com.nxp.mcuxpresso.tools.linux_11.1.0.201909161352/tools/bin/../lib/gcc/arm-none-eabi/8.3.1/../../../../arm-none-eabi/lib/thumb/v7-m/nofp/libcr_c.a(strcpy.o)
                              ./src/tasks.o (strcpy)
/usr/local/mcuxpressoide-11.1.0_3209/ide/plugins/com.nxp.mcuxpresso.tools.linux_11.1.0.201909161352/tools/bin/../lib/gcc/arm-none-eabi/8.3.1/../../../../arm-none-eabi/lib/thumb/v7-m/nofp/libcr_c.a(strlen.o)
                              ./src/tasks.o (strlen)
/usr/local/mcuxpressoide-11.1.0_3209/ide/plugins/com.nxp.mcuxpresso.tools.linux_11.1.0.201909161352/tools/bin/../lib/gcc/arm-none-eabi/8.3.1/../../../../arm-none-eabi/lib/thumb/v7-m/nofp/libcr_c.a(strncmp.o)
                              ./src/trcSnapshotRecorder.o (strncmp)
/usr/local/mcuxpressoide-11.1.0_3209/ide/plugins/com.nxp.mcuxpresso.tools.linux_11.1.0.201909161352/tools/bin/../lib/gcc/arm-none-eabi/8.3.1/../../../../arm-none-eabi/lib/thumb/v7-m/nofp/libcr_c.a(_deferredlazyseek.o)
                              /usr/local/mcuxpressoide-11.1.0_3209/ide/plugins/com.nxp.mcuxpresso.tools.linux_11.1.0.201909161352/tools/bin/../lib/gcc/arm-none-eabi/8.3.1/../../../../arm-none-eabi/lib/thumb/v7-m/nofp/libcr_c.a(fpprintf.o) (__flsbuf)
/usr/local/mcuxpressoide-11.1.0_3209/ide/plugins/com.nxp.mcuxpresso.tools.linux_11.1.0.201909161352/tools/bin/../lib/gcc/arm-none-eabi/8.3.1/../../../../arm-none-eabi/lib/thumb/v7-m/nofp/libcr_c.a(_fflush.o)
                              /usr/local/mcuxpressoide-11.1.0_3209/ide/plugins/com.nxp.mcuxpresso.tools.linux_11.1.0.201909161352/tools/bin/../lib/gcc/arm-none-eabi/8.3.1/../../../../arm-none-eabi/lib/thumb/v7-m/nofp/libcr_c.a(_deferredlazyseek.o) (_fflush)
/usr/local/mcuxpressoide-11.1.0_3209/ide/plugins/com.nxp.mcuxpresso.tools.linux_11.1.0.201909161352/tools/bin/../lib/gcc/arm-none-eabi/8.3.1/../../../../arm-none-eabi/lib/thumb/v7-m/nofp/libcr_c.a(_frexpl.o)
                              /usr/local/mcuxpressoide-11.1.0_3209/ide/plugins/com.nxp.mcuxpresso.tools.linux_11.1.0.201909161352/tools/bin/../lib/gcc/arm-none-eabi/8.3.1/../../../../arm-none-eabi/lib/thumb/v7-m/nofp/libcr_c.a(fpprintf.o) (_frexpl)
/usr/local/mcuxpressoide-11.1.0_3209/ide/plugins/com.nxp.mcuxpresso.tools.linux_11.1.0.201909161352/tools/bin/../lib/gcc/arm-none-eabi/8.3.1/../../../../arm-none-eabi/lib/thumb/v7-m/nofp/libcr_c.a(_ldexpl.o)
                              /usr/local/mcuxpressoide-11.1.0_3209/ide/plugins/com.nxp.mcuxpresso.tools.linux_11.1.0.201909161352/tools/bin/../lib/gcc/arm-none-eabi/8.3.1/../../../../arm-none-eabi/lib/thumb/v7-m/nofp/libcr_c.a(fpprintf.o) (_ldexpl)
/usr/local/mcuxpressoide-11.1.0_3209/ide/plugins/com.nxp.mcuxpresso.tools.linux_11.1.0.201909161352/tools/bin/../lib/gcc/arm-none-eabi/8.3.1/../../../../arm-none-eabi/lib/thumb/v7-m/nofp/libcr_c.a(_writebuf.o)
                              /usr/local/mcuxpressoide-11.1.0_3209/ide/plugins/com.nxp.mcuxpresso.tools.linux_11.1.0.201909161352/tools/bin/../lib/gcc/arm-none-eabi/8.3.1/../../../../arm-none-eabi/lib/thumb/v7-m/nofp/libcr_c.a(_deferredlazyseek.o) (_Cwritebuf)
[...]
Memory Configuration

Name             Origin             Length             Attributes
MFlash512        0x0000000000000000 0x0000000000080000 xr
RamLoc32         0x0000000010000000 0x0000000000008000 xrw
RamAHB32         0x000000002007c000 0x0000000000008000 xrw
*default*        0x0000000000000000 0xffffffffffffffff

Linker script and memory map

LOAD ./src/cr_startup_lpc175x_6x_bkp.o
LOAD ./src/heap_4.o
LOAD ./src/list.o
LOAD ./src/port.o
LOAD ./src/queue.o
LOAD ./src/tasks.o
LOAD ./src/timers.o
LOAD ./src/tp4_olivaarias.o
LOAD ./src/trcKernelPort.o
LOAD ./src/trcSnapshotRecorder.o
LOAD ./src/trcStreamingRecorder.o
LOAD /home/agustinoli/Documents/MCUXpresso/workspace/CMSISv2p00_LPC17xx/Debug/libCMSISv2p00_LPC17xx.a
START GROUP
LOAD /usr/local/mcuxpressoide-11.1.0_3209/ide/plugins/com.nxp.mcuxpresso.tools.linux_11.1.0.201909161352/tools/bin/../lib/gcc/arm-none-eabi/8.3.1/../../../../arm-none-eabi/lib/thumb/v7-m/nofp/libcr_c.a
LOAD /usr/local/mcuxpressoide-11.1.0_3209/ide/plugins/com.nxp.mcuxpresso.tools.linux_11.1.0.201909161352/tools/bin/../lib/gcc/arm-none-eabi/8.3.1/thumb/v7-m/nofp/libcr_eabihelpers.a
LOAD /usr/local/mcuxpressoide-11.1.0_3209/ide/plugins/com.nxp.mcuxpresso.tools.linux_11.1.0.201909161352/tools/bin/../lib/gcc/arm-none-eabi/8.3.1/thumb/v7-m/nofp/libgcc.a
END GROUP
                0x0000000000000000                __base_MFlash512 = 0x0
                0x0000000000000000                __base_Flash = 0x0
                0x0000000000080000                __top_MFlash512 = 0x80000
                0x0000000000080000                __top_Flash = 0x80000
                0x0000000010000000                __base_RamLoc32 = 0x10000000
                0x0000000010000000                __base_RAM = 0x10000000
                0x0000000010008000                __top_RamLoc32 = 0x10008000
                0x0000000010008000                __top_RAM = 0x10008000
                0x000000002007c000                __base_RamAHB32 = 0x2007c000
                0x000000002007c000                __base_RAM2 = 0x2007c000
                0x0000000020084000                __top_RamAHB32 = 0x20084000
                0x0000000020084000                __top_RAM2 = 0x20084000

.text           0x0000000000000000     0x588c
 FILL mask 0xff
                0x0000000000000000                __vectors_start__ = ABSOLUTE (.)
 *(.isr_vector)
 .isr_vector    0x0000000000000000       0xcc ./src/cr_startup_lpc175x_6x_bkp.o
                0x0000000000000000                g_pfnVectors
                0x00000000000000cc                . = ALIGN (0x4)
                0x00000000000000cc                __section_table_start = .
                0x00000000000000cc                __data_section_table = .
                0x00000000000000cc        0x4 LONG 0x588c LOADADDR (.data)
                0x00000000000000d0        0x4 LONG 0x10000000 ADDR (.data)
                0x00000000000000d4        0x4 LONG 0x10 SIZEOF (.data)
                0x00000000000000d8        0x4 LONG 0x588c LOADADDR (.data_RAM2)
                0x00000000000000dc        0x4 LONG 0x2007c000 ADDR (.data_RAM2)
                0x00000000000000e0        0x4 LONG 0x0 SIZEOF (.data_RAM2)
                0x00000000000000e4                __data_section_table_end = .
                0x00000000000000e4                __bss_section_table = .
                0x00000000000000e4        0x4 LONG 0x10000010 ADDR (.bss)
                0x00000000000000e8        0x4 LONG 0x671c SIZEOF (.bss)
                0x00000000000000ec        0x4 LONG 0x2007c000 ADDR (.bss_RAM2)
                0x00000000000000f0        0x4 LONG 0x0 SIZEOF (.bss_RAM2)
                0x00000000000000f4                __bss_section_table_end = .
                0x00000000000000f4                __section_table_end = .
 *(.after_vectors*)
 .after_vectors
                0x00000000000000f4      0x12c ./src/cr_startup_lpc175x_6x_bkp.o
                0x00000000000000f4                data_init
                0x0000000000000136                bss_init
                0x000000000000016c                ResetISR
                0x00000000000001e4                NMI_Handler
                0x00000000000001ea                HardFault_Handler
                0x00000000000001f0                MemManage_Handler
                0x00000000000001f6                BusFault_Handler
                0x00000000000001fc                UsageFault_Handler
                0x0000000000000208                DebugMon_Handler
                0x000000000000021a                TIMER2_IRQHandler
                0x000000000000021a                RIT_IRQHandler
                0x000000000000021a                I2C0_IRQHandler
                0x000000000000021a                USBActivity_IRQHandler
                0x000000000000021a                PWM1_IRQHandler
                0x000000000000021a                I2C1_IRQHandler
                0x000000000000021a                EINT2_IRQHandler
                0x000000000000021a                UART1_IRQHandler
                0x000000000000021a                EINT3_IRQHandler
                0x000000000000021a                CANActivity_IRQHandler
                0x000000000000021a                TIMER3_IRQHandler
                0x000000000000021a                UART0_IRQHandler
                0x000000000000021a                IntDefaultHandler
                0x000000000000021a                PLL0_IRQHandler
                0x000000000000021a                CAN_IRQHandler
                0x000000000000021a                PLL1_IRQHandler
                0x000000000000021a                SSP0_IRQHandler
                0x000000000000021a                I2S_IRQHandler
                0x000000000000021a                I2C2_IRQHandler
                0x000000000000021a                RTC_IRQHandler
                0x000000000000021a                TIMER0_IRQHandler
                0x000000000000021a                SPI_IRQHandler
                0x000000000000021a                EINT1_IRQHandler
                0x000000000000021a                TIMER1_IRQHandler
                0x000000000000021a                UART2_IRQHandler
                0x000000000000021a                ADC_IRQHandler
                0x000000000000021a                SSP1_IRQHandler
                0x000000000000021a                USB_IRQHandler
                0x000000000000021a                BOD_IRQHandler
                0x000000000000021a                WDT_IRQHandler
                0x000000000000021a                QEI_IRQHandler
                0x000000000000021a                EINT0_IRQHandler
                0x000000000000021a                DMA_IRQHandler
                0x000000000000021a                UART3_IRQHandler
                0x000000000000021a                MCPWM_IRQHandler
                0x000000000000021a                ENET_IRQHandler
 *(.text*)
 .text.pvPortMalloc
                0x0000000000000220      0x134 ./src/heap_4.o
                0x0000000000000220                pvPortMalloc
 .text.vPortFree
                0x0000000000000354       0x80 ./src/heap_4.o
                0x0000000000000354                vPortFree
 .text.prvHeapInit
                0x00000000000003d4       0xc4 ./src/heap_4.o
 .text.prvInsertBlockIntoFreeList
                0x0000000000000498       0xb0 ./src/heap_4.o
 .text.vListInitialise
                0x0000000000000548       0x3e ./src/list.o
                0x0000000000000548                vListInitialise
 .text.vListInitialiseItem
                0x0000000000000586       0x18 ./src/list.o
                0x0000000000000586                vListInitialiseItem
 .text.vListInsertEnd
                0x000000000000059e       0x46 ./src/list.o
                0x000000000000059e                vListInsertEnd
 .text.vListInsert
                0x00000000000005e4       0x70 ./src/list.o
                0x00000000000005e4                vListInsert
 .text.uxListRemove
                0x0000000000000654       0x52 ./src/list.o
                0x0000000000000654                uxListRemove
 *fill*         0x00000000000006a6        0x2 ff
 .text.pxPortInitialiseStack
                0x00000000000006a8       0x58 ./src/port.o
                0x00000000000006a8                pxPortInitialiseStack
 .text.prvTaskExitError
                0x0000000000000700       0x2e ./src/port.o
 *fill*         0x000000000000072e        0x2 ff
 .text.SVC_Handler
                0x0000000000000730       0x28 ./src/port.o
                0x0000000000000730                SVC_Handler
 .text.prvPortStartFirstTask
                0x0000000000000758       0x20 ./src/port.o
 .text.xPortStartScheduler
                0x0000000000000778       0x40 ./src/port.o
                0x0000000000000778                xPortStartScheduler
 .text.vPortEnterCritical
                0x00000000000007b8       0x30 ./src/port.o
                0x00000000000007b8                vPortEnterCritical
 .text.vPortExitCritical
                0x00000000000007e8       0x30 ./src/port.o
                0x00000000000007e8                vPortExitCritical
 *fill*         0x0000000000000818        0x8 ff
 .text.PendSV_Handler
                0x0000000000000820       0x48 ./src/port.o
                0x0000000000000820                PendSV_Handler
 .text.SysTick_Handler
                0x0000000000000868       0x40 ./src/port.o
                0x0000000000000868                SysTick_Handler
 .text.vPortSetupTimerInterrupt
                0x00000000000008a8       0x34 ./src/port.o
                0x00000000000008a8                vPortSetupTimerInterrupt
 .text.xQueueGenericReset
                0x00000000000008dc       0xb4 ./src/queue.o
                0x00000000000008dc                xQueueGenericReset
 .text.xQueueGenericCreate
                0x0000000000000990       0x88 ./src/queue.o
                0x0000000000000990                xQueueGenericCreate
 .text.prvInitialiseNewQueue
                0x0000000000000a18      0x128 ./src/queue.o
 .text.xQueueGenericSend
                0x0000000000000b40      0x374 ./src/queue.o
                0x0000000000000b40                xQueueGenericSend
 .text.xQueueReceive
                0x0000000000000eb4      0x390 ./src/queue.o
                0x0000000000000eb4                xQueueReceive
 .text.uxQueueMessagesWaiting
                0x0000000000001244       0x20 ./src/queue.o
                0x0000000000001244                uxQueueMessagesWaiting
 .text.uxQueueGetQueueNumber
                0x0000000000001264       0x16 ./src/queue.o
                0x0000000000001264                uxQueueGetQueueNumber
 .text.vQueueSetQueueNumber
                0x000000000000127a       0x1a ./src/queue.o
                0x000000000000127a                vQueueSetQueueNumber
 .text.ucQueueGetQueueType
                0x0000000000001294       0x18 ./src/queue.o
                0x0000000000001294                ucQueueGetQueueType
 .text.prvCopyDataToQueue
                0x00000000000012ac       0xd4 ./src/queue.o
 .text.prvCopyDataFromQueue
                0x0000000000001380       0x4c ./src/queue.o
 .text.prvUnlockQueue
                0x00000000000013cc       0xa4 ./src/queue.o
 .text.prvIsQueueEmpty
                0x0000000000001470       0x2c ./src/queue.o
 .text.prvIsQueueFull
                0x000000000000149c       0x30 ./src/queue.o
 .text.xTaskCreate
                0x00000000000014cc       0x82 ./src/tasks.o
                0x00000000000014cc                xTaskCreate
 .text.prvInitialiseNewTask
                0x000000000000154e      0x104 ./src/tasks.o
 *fill*         0x0000000000001652        0x2 ff
 .text.prvAddNewTaskToReadyList
                0x0000000000001654      0x17c ./src/tasks.o
 .text.vTaskDelayUntil
                0x00000000000017d0      0x110 ./src/tasks.o
                0x00000000000017d0                vTaskDelayUntil
 .text.vTaskDelay
                0x00000000000018e0       0xb8 ./src/tasks.o
                0x00000000000018e0                vTaskDelay
 .text.vTaskStartScheduler
                0x0000000000001998       0xb8 ./src/tasks.o
                0x0000000000001998                vTaskStartScheduler
 .text.vTaskSuspendAll
                0x0000000000001a50       0x1c ./src/tasks.o
                0x0000000000001a50                vTaskSuspendAll
 .text.xTaskResumeAll
                0x0000000000001a6c      0x11c ./src/tasks.o
                0x0000000000001a6c                xTaskResumeAll
 .text.xTaskGetTickCount
                0x0000000000001b88       0x1c ./src/tasks.o
                0x0000000000001b88                xTaskGetTickCount
 .text.xTaskIncrementTick
                0x0000000000001ba4      0x188 ./src/tasks.o
                0x0000000000001ba4                xTaskIncrementTick
 .text.vTaskSwitchContext
                0x0000000000001d2c      0x158 ./src/tasks.o
                0x0000000000001d2c                vTaskSwitchContext
 .text.vTaskPlaceOnEventList
                0x0000000000001e84       0x2c ./src/tasks.o
                0x0000000000001e84                vTaskPlaceOnEventList
 .text.xTaskRemoveFromEventList
                0x0000000000001eb0       0xa8 ./src/tasks.o
                0x0000000000001eb0                xTaskRemoveFromEventList
 .text.vTaskInternalSetTimeOutState
                0x0000000000001f58       0x2c ./src/tasks.o
                0x0000000000001f58                vTaskInternalSetTimeOutState
 .text.xTaskCheckForTimeOut
                0x0000000000001f84       0x8c ./src/tasks.o
                0x0000000000001f84                xTaskCheckForTimeOut
 .text.vTaskMissedYield
                0x0000000000002010       0x18 ./src/tasks.o
                0x0000000000002010                vTaskMissedYield
 .text.uxTaskGetTaskNumber
                0x0000000000002028       0x2a ./src/tasks.o
                0x0000000000002028                uxTaskGetTaskNumber
 .text.vTaskSetTaskNumber
                0x0000000000002052       0x24 ./src/tasks.o
                0x0000000000002052                vTaskSetTaskNumber
 .text.prvIdleTask
                0x0000000000002076        0xe ./src/tasks.o
 .text.prvInitialiseTaskLists
                0x0000000000002084       0x80 ./src/tasks.o
 .text.prvCheckTasksWaitingTermination
                0x0000000000002104       0x58 ./src/tasks.o
 .text.prvDeleteTCB
                0x000000000000215c       0x20 ./src/tasks.o
 .text.prvResetNextTaskUnblockTime
                0x000000000000217c       0x40 ./src/tasks.o
 .text.xTaskGetCurrentTaskHandle
                0x00000000000021bc       0x1c ./src/tasks.o
                0x00000000000021bc                xTaskGetCurrentTaskHandle
 .text.xTaskPriorityDisinherit
                0x00000000000021d8      0x124 ./src/tasks.o
                0x00000000000021d8                xTaskPriorityDisinherit
 .text.prvAddCurrentTaskToDelayedList
                0x00000000000022fc       0xcc ./src/tasks.o
 .text.main     0x00000000000023c8       0x7c ./src/tp4_olivaarias.o
                0x00000000000023c8                main
 .text.vSenderTask
                0x0000000000002444       0x54 ./src/tp4_olivaarias.o
 .text.vReceiverTask
                0x0000000000002498       0x78 ./src/tp4_olivaarias.o
 .text.vApplicationStackOverflowHook
                0x0000000000002510        0xc ./src/tp4_olivaarias.o
                0x0000000000002510                vApplicationStackOverflowHook
 .text.vApplicationTickHook
                0x000000000000251c        0xc ./src/tp4_olivaarias.o
                0x000000000000251c                vApplicationTickHook
 .text.vConfigureTimerForRunTimeStats
                0x0000000000002528       0x68 ./src/tp4_olivaarias.o
                0x0000000000002528                vConfigureTimerForRunTimeStats
 .text.prvTraceGetQueueNumber
                0x0000000000002590       0x18 ./src/trcKernelPort.o
                0x0000000000002590                prvTraceGetQueueNumber
 .text.prvTraceGetQueueType
                0x00000000000025a8       0x18 ./src/trcKernelPort.o
                0x00000000000025a8                prvTraceGetQueueType
 .text.prvTraceGetTaskNumberLow16
                0x00000000000025c0       0x1a ./src/trcKernelPort.o
                0x00000000000025c0                prvTraceGetTaskNumberLow16
 .text.prvTraceGetTaskNumberHigh16
                0x00000000000025da       0x1c ./src/trcKernelPort.o
                0x00000000000025da                prvTraceGetTaskNumberHigh16
 .text.prvTraceSetTaskNumberLow16
                0x00000000000025f6       0x2c ./src/trcKernelPort.o
                0x00000000000025f6                prvTraceSetTaskNumberLow16
 .text.prvTraceSetTaskNumberHigh16
                0x0000000000002622       0x2c ./src/trcKernelPort.o
                0x0000000000002622                prvTraceSetTaskNumberHigh16
 .text.prvTraceGetQueueNumberLow16
                0x000000000000264e       0x1a ./src/trcKernelPort.o
                0x000000000000264e                prvTraceGetQueueNumberLow16
 .text.prvTraceGetQueueNumberHigh16
                0x0000000000002668       0x1c ./src/trcKernelPort.o
                0x0000000000002668                prvTraceGetQueueNumberHigh16
 .text.prvTraceSetQueueNumberLow16
                0x0000000000002684       0x2c ./src/trcKernelPort.o
                0x0000000000002684                prvTraceSetQueueNumberLow16
 .text.prvTraceSetQueueNumberHigh16
                0x00000000000026b0       0x2c ./src/trcKernelPort.o
                0x00000000000026b0                prvTraceSetQueueNumberHigh16
 .text.prvTraceGetCurrentTaskHandle
                0x00000000000026dc        0xe ./src/trcKernelPort.o
                0x00000000000026dc                prvTraceGetCurrentTaskHandle
 *fill*         0x00000000000026ea        0x2 ff
 .text.vTraceEnable
                0x00000000000026ec       0x44 ./src/trcKernelPort.o
                0x00000000000026ec                vTraceEnable
 .text.vTraceInitObjectPropertyTable
                0x0000000000002730      0x198 ./src/trcKernelPort.o
                0x0000000000002730                vTraceInitObjectPropertyTable
 .text.vTraceInitObjectHandleStack
                0x00000000000028c8       0xc4 ./src/trcKernelPort.o
                0x00000000000028c8                vTraceInitObjectHandleStack
 .text.pszTraceGetErrorNotEnoughHandles
                0x000000000000298c       0x94 ./src/trcKernelPort.o
                0x000000000000298c                pszTraceGetErrorNotEnoughHandles
 .text.uiTraceStart
                0x0000000000002a20       0xdc ./src/trcSnapshotRecorder.o
                0x0000000000002a20                uiTraceStart
 .text.vTraceStart
                0x0000000000002afc        0xc ./src/trcSnapshotRecorder.o
                0x0000000000002afc                vTraceStart
 .text.vTraceStop
                0x0000000000002b08       0x30 ./src/trcSnapshotRecorder.o
                0x0000000000002b08                vTraceStop
 .text.writeInt8
                0x0000000000002b38       0x50 ./src/trcSnapshotRecorder.o
 .text.writeInt16
                0x0000000000002b88       0x74 ./src/trcSnapshotRecorder.o
 .text.writeInt32
                0x0000000000002bfc       0x70 ./src/trcSnapshotRecorder.o
 .text.prvTraceUserEventFormat
                0x0000000000002c6c      0x308 ./src/trcSnapshotRecorder.o
 .text.vTracePrintF
                0x0000000000002f74       0x2c ./src/trcSnapshotRecorder.o
                0x0000000000002f74                vTracePrintF
 .text.vTraceVPrintF
                0x0000000000002fa0      0x1a4 ./src/trcSnapshotRecorder.o
                0x0000000000002fa0                vTraceVPrintF
 .text.vTracePrint
                0x0000000000003144       0x9c ./src/trcSnapshotRecorder.o
                0x0000000000003144                vTracePrint
 .text.xTraceRegisterString
                0x00000000000031e0       0x48 ./src/trcSnapshotRecorder.o
                0x00000000000031e0                xTraceRegisterString
 .text.prvTraceStoreKernelCall
                0x0000000000003228       0xf8 ./src/trcSnapshotRecorder.o
                0x0000000000003228                prvTraceStoreKernelCall
 .text.prvTraceStoreKernelCallWithParam
                0x0000000000003320      0x110 ./src/trcSnapshotRecorder.o
                0x0000000000003320                prvTraceStoreKernelCallWithParam
 .text.prvTraceGetParam
                0x0000000000003430       0x78 ./src/trcSnapshotRecorder.o
 .text.prvTraceStoreKernelCallWithNumericParamOnly
                0x00000000000034a8       0xc8 ./src/trcSnapshotRecorder.o
                0x00000000000034a8                prvTraceStoreKernelCallWithNumericParamOnly
 .text.prvTraceStoreTaskswitch
                0x0000000000003570       0xd8 ./src/trcSnapshotRecorder.o
                0x0000000000003570                prvTraceStoreTaskswitch
 .text.prvTraceSetPriorityProperty
                0x0000000000003648       0x78 ./src/trcSnapshotRecorder.o
                0x0000000000003648                prvTraceSetPriorityProperty
 .text.prvTraceGetPriorityProperty
                0x00000000000036c0       0x7c ./src/trcSnapshotRecorder.o
                0x00000000000036c0                prvTraceGetPriorityProperty
 .text.prvTraceSetObjectState
                0x000000000000373c       0x78 ./src/trcSnapshotRecorder.o
                0x000000000000373c                prvTraceSetObjectState
 .text.prvTraceGetObjectState
                0x00000000000037b4       0x78 ./src/trcSnapshotRecorder.o
 .text.prvTraceSetTaskInstanceFinished
                0x000000000000382c       0x54 ./src/trcSnapshotRecorder.o
                0x000000000000382c                prvTraceSetTaskInstanceFinished
 .text.prvTraceInitTraceData
                0x0000000000003880      0x22c ./src/trcSnapshotRecorder.o
                0x0000000000003880                prvTraceInitTraceData
 .text.prvTraceNextFreeEventBufferSlot
                0x0000000000003aac       0x48 ./src/trcSnapshotRecorder.o
 .text.uiIndexOfObject
                0x0000000000003af4       0xb0 ./src/trcSnapshotRecorder.o
                0x0000000000003af4                uiIndexOfObject
 .text.prvTraceGetObjectHandle
                0x0000000000003ba4      0x158 ./src/trcSnapshotRecorder.o
                0x0000000000003ba4                prvTraceGetObjectHandle
 .text.prvMarkObjectAsUsed
                0x0000000000003cfc       0x3c ./src/trcSnapshotRecorder.o
                0x0000000000003cfc                prvMarkObjectAsUsed
 .text.prvStrncpy
                0x0000000000003d38       0x4a ./src/trcSnapshotRecorder.o
 *fill*         0x0000000000003d82        0x2 ff
 .text.prvTraceSetObjectName
                0x0000000000003d84       0xbc ./src/trcSnapshotRecorder.o
                0x0000000000003d84                prvTraceSetObjectName
 .text.prvTraceOpenSymbol
                0x0000000000003e40       0xa0 ./src/trcSnapshotRecorder.o
 .text.prvTraceError
                0x0000000000003ee0       0x58 ./src/trcSnapshotRecorder.o
                0x0000000000003ee0                prvTraceError
 .text.prvCheckDataToBeOverwrittenForMultiEntryEvents
                0x0000000000003f38      0x114 ./src/trcSnapshotRecorder.o
 .text.prvTraceUpdateCounters
                0x000000000000404c       0x50 ./src/trcSnapshotRecorder.o
 .text.prvTraceGetDTS
                0x000000000000409c      0x1ac ./src/trcSnapshotRecorder.o
 .text.prvTraceLookupSymbolTableEntry
                0x0000000000004248       0xf8 ./src/trcSnapshotRecorder.o
 .text.prvTraceCreateSymbolTableEntry
                0x0000000000004340      0x17c ./src/trcSnapshotRecorder.o
 .text.prvTraceGetChecksum
                0x00000000000044bc       0x8c ./src/trcSnapshotRecorder.o
 .text.prvTraceInitCortexM
                0x0000000000004548       0x6c ./src/trcSnapshotRecorder.o
                0x0000000000004548                prvTraceInitCortexM
 .text.prvTracePortGetTimeStamp
                0x00000000000045b4       0x94 ./src/trcSnapshotRecorder.o
                0x00000000000045b4                prvTracePortGetTimeStamp
 .text.SystemInit
                0x0000000000004648       0xdc /home/agustinoli/Documents/MCUXpresso/workspace/CMSISv2p00_LPC17xx/Debug/libCMSISv2p00_LPC17xx.a(system_LPC17xx.o)
                0x0000000000004648                SystemInit
 .text.memcpy   0x0000000000004724        0x4 /usr/local/mcuxpressoide-11.1.0_3209/ide/plugins/com.nxp.mcuxpresso.tools.linux_11.1.0.201909161352/tools/bin/../lib/gcc/arm-none-eabi/8.3.1/../../../../arm-none-eabi/lib/thumb/v7-m/nofp/libcr_c.a(memcpy.o)
                0x0000000000004724                memcpy
 .text.memset   0x0000000000004728        0x4 /usr/local/mcuxpressoide-11.1.0_3209/ide/plugins/com.nxp.mcuxpresso.tools.linux_11.1.0.201909161352/tools/bin/../lib/gcc/arm-none-eabi/8.3.1/../../../../arm-none-eabi/lib/thumb/v7-m/nofp/libcr_c.a(memset.o)
                0x0000000000004728                memset
 .text.__weak_main
                0x000000000000472c        0x4 /usr/local/mcuxpressoide-11.1.0_3209/ide/plugins/com.nxp.mcuxpresso.tools.linux_11.1.0.201909161352/tools/bin/../lib/gcc/arm-none-eabi/8.3.1/../../../../arm-none-eabi/lib/thumb/v7-m/nofp/libcr_c.a(__weak__main.o)
                0x000000000000472c                __main
                0x000000000000472c                __weak_main
 .text.strncmp  0x0000000000004730       0x56 /usr/local/mcuxpressoide-11.1.0_3209/ide/plugins/com.nxp.mcuxpresso.tools.linux_11.1.0.201909161352/tools/bin/../lib/gcc/arm-none-eabi/8.3.1/../../../../arm-none-eabi/lib/thumb/v7-m/nofp/libcr_c.a(strncmp.o)
                0x0000000000004730                strncmp
 .text.__aeabi_d2uiz
                0x0000000000004786       0x32 /usr/local/mcuxpressoide-11.1.0_3209/ide/plugins/com.nxp.mcuxpresso.tools.linux_11.1.0.201909161352/tools/bin/../lib/gcc/arm-none-eabi/8.3.1/thumb/v7-m/nofp/libcr_eabihelpers.a(double.o)
                0x0000000000004786                __aeabi_d2uiz
 .text.__aeabi_memcpy
                0x00000000000047b8       0x34 /usr/local/mcuxpressoide-11.1.0_3209/ide/plugins/com.nxp.mcuxpresso.tools.linux_11.1.0.201909161352/tools/bin/../lib/gcc/arm-none-eabi/8.3.1/thumb/v7-m/nofp/libcr_eabihelpers.a(memcpy.o)
                0x00000000000047b8                __aeabi_memcpy
                0x00000000000047c2                __aeabi_memcpy4
                0x00000000000047c2                __aeabi_memcpy8
 .text.__aeabi_memset_lowlevel
                0x00000000000047ec       0x32 /usr/local/mcuxpressoide-11.1.0_3209/ide/plugins/com.nxp.mcuxpresso.tools.linux_11.1.0.201909161352/tools/bin/../lib/gcc/arm-none-eabi/8.3.1/thumb/v7-m/nofp/libcr_eabihelpers.a(memcpy.o)
                0x00000000000047ec                __aeabi_lowlevel_memset
 *(.rodata .rodata.* .constdata .constdata.*)
 *fill*         0x000000000000481e        0x2 ff
 .rodata.vTaskStartScheduler.str1.4
                0x0000000000004820        0x5 ./src/tasks.o
 *fill*         0x0000000000004825        0x3 ff
 .rodata.main.str1.4
                0x0000000000004828       0x21 ./src/tp4_olivaarias.o
 *fill*         0x0000000000004849        0x3 ff
 .rodata.vSenderTask.str1.4
                0x000000000000484c       0x1f ./src/tp4_olivaarias.o
 *fill*         0x000000000000486b        0x1 ff
 .rodata.vReceiverTask.str1.4
                0x000000000000486c       0x54 ./src/tp4_olivaarias.o
 .rodata.vTraceEnable.str1.4
                0x00000000000048c0       0x74 ./src/trcKernelPort.o
 .rodata.pszTraceGetErrorNotEnoughHandles.str1.4
                0x0000000000004934      0x2fe ./src/trcKernelPort.o
 *fill*         0x0000000000004c32        0x2 ff
 .rodata.uiTraceStart.str1.4
                0x0000000000004c34       0x4e ./src/trcSnapshotRecorder.o
 *fill*         0x0000000000004c82        0x2 ff
 .rodata.writeInt8.str1.4
                0x0000000000004c84       0x28 ./src/trcSnapshotRecorder.o
 .rodata.writeInt16.str1.4
                0x0000000000004cac       0x29 ./src/trcSnapshotRecorder.o
 *fill*         0x0000000000004cd5        0x3 ff
 .rodata.writeInt32.str1.4
                0x0000000000004cd8       0x29 ./src/trcSnapshotRecorder.o
 *fill*         0x0000000000004d01        0x3 ff
 .rodata.prvTraceUserEventFormat.str1.4
                0x0000000000004d04       0x6d ./src/trcSnapshotRecorder.o
 *fill*         0x0000000000004d71        0x3 ff
 .rodata.vTraceVPrintF.str1.4
                0x0000000000004d74       0x2f ./src/trcSnapshotRecorder.o
 *fill*         0x0000000000004da3        0x1 ff
 .rodata.xTraceRegisterString.str1.4
                0x0000000000004da4       0x77 ./src/trcSnapshotRecorder.o
 *fill*         0x0000000000004e1b        0x1 ff
 .rodata.prvTraceStoreKernelCall.str1.4
                0x0000000000004e1c       0xfd ./src/trcSnapshotRecorder.o
 *fill*         0x0000000000004f19        0x3 ff
 .rodata.prvTraceStoreKernelCallWithParam.str1.4
                0x0000000000004f1c      0x115 ./src/trcSnapshotRecorder.o
 *fill*         0x0000000000005031        0x3 ff
 .rodata.prvTraceGetParam.str1.4
                0x0000000000005034       0x3c ./src/trcSnapshotRecorder.o
 .rodata.prvTraceStoreKernelCallWithNumericParamOnly.str1.4
                0x0000000000005070       0x8d ./src/trcSnapshotRecorder.o
 *fill*         0x00000000000050fd        0x3 ff
 .rodata.prvTraceStoreTaskswitch.str1.4
                0x0000000000005100       0x45 ./src/trcSnapshotRecorder.o
 *fill*         0x0000000000005145        0x3 ff
 .rodata.prvTraceSetPriorityProperty.str1.4
                0x0000000000005148       0x8c ./src/trcSnapshotRecorder.o
 .rodata.prvTraceGetPriorityProperty.str1.4
                0x00000000000051d4       0x8c ./src/trcSnapshotRecorder.o
 .rodata.prvTraceSetObjectState.str1.4
                0x0000000000005260       0x7f ./src/trcSnapshotRecorder.o
 *fill*         0x00000000000052df        0x1 ff
 .rodata.prvTraceGetObjectState.str1.4
                0x00000000000052e0       0x7f ./src/trcSnapshotRecorder.o
 *fill*         0x000000000000535f        0x1 ff
 .rodata.prvTraceSetTaskInstanceFinished.str1.4
                0x0000000000005360       0x48 ./src/trcSnapshotRecorder.o
 .rodata.prvTraceInitTraceData.str1.4
                0x00000000000053a8       0x14 ./src/trcSnapshotRecorder.o
 .rodata.prvTraceNextFreeEventBufferSlot.str1.4
                0x00000000000053bc       0x27 ./src/trcSnapshotRecorder.o
 *fill*         0x00000000000053e3        0x1 ff
 .rodata.uiIndexOfObject.str1.4
                0x00000000000053e4       0xc0 ./src/trcSnapshotRecorder.o
 .rodata.prvTraceGetObjectHandle.str1.4
                0x00000000000054a4       0x45 ./src/trcSnapshotRecorder.o
 *fill*         0x00000000000054e9        0x3 ff
 .rodata.prvTraceSetObjectName.str1.4
                0x00000000000054ec       0x91 ./src/trcSnapshotRecorder.o
 *fill*         0x000000000000557d        0x3 ff
 .rodata.prvTraceOpenSymbol.str1.4
                0x0000000000005580       0x2f ./src/trcSnapshotRecorder.o
 *fill*         0x00000000000055af        0x1 ff
 .rodata.prvCheckDataToBeOverwrittenForMultiEntryEvents.str1.4
                0x00000000000055b0       0x55 ./src/trcSnapshotRecorder.o
 *fill*         0x0000000000005605        0x3 ff
 .rodata.prvTraceGetDTS.str1.4
                0x0000000000005608       0x63 ./src/trcSnapshotRecorder.o
 *fill*         0x000000000000566b        0x1 ff
 .rodata.prvTraceLookupSymbolTableEntry.str1.4
                0x000000000000566c       0x73 ./src/trcSnapshotRecorder.o
 *fill*         0x00000000000056df        0x1 ff
 .rodata.prvTraceCreateSymbolTableEntry.str1.4
                0x00000000000056e0       0xb9 ./src/trcSnapshotRecorder.o
 *fill*         0x0000000000005799        0x3 ff
 .rodata.prvTraceGetChecksum.str1.4
                0x000000000000579c       0x97 ./src/trcSnapshotRecorder.o
 *fill*         0x0000000000005833        0x1 ff
 .rodata.prvTraceInitCortexM.str1.4
                0x0000000000005834       0x58 ./src/trcSnapshotRecorder.o
                0x000000000000588c                . = ALIGN (0x4)

.glue_7         0x000000000000588c        0x0
 .glue_7        0x000000000000588c        0x0 linker stubs

.glue_7t        0x000000000000588c        0x0
 .glue_7t       0x000000000000588c        0x0 linker stubs

.vfp11_veneer   0x000000000000588c        0x0
 .vfp11_veneer  0x000000000000588c        0x0 linker stubs

.v4_bx          0x000000000000588c        0x0
 .v4_bx         0x000000000000588c        0x0 linker stubs

.iplt           0x000000000000588c        0x0
 .iplt          0x000000000000588c        0x0 ./src/cr_startup_lpc175x_6x_bkp.o

.rel.dyn        0x000000000000588c        0x0
 .rel.iplt      0x000000000000588c        0x0 ./src/cr_startup_lpc175x_6x_bkp.o

.ARM.extab
 *(.ARM.extab* .gnu.linkonce.armextab.*)
                0x000000000000588c                __exidx_start = .

.ARM.exidx
 *(.ARM.exidx* .gnu.linkonce.armexidx.*)
                0x000000000000588c                __exidx_end = .
                0x000000000000588c                _etext = .

.data_RAM2      0x000000002007c000        0x0 load address 0x000000000000588c
 FILL mask 0xff
                [!provide]                        PROVIDE (__start_data_RAM2 = .)
                [!provide]                        PROVIDE (__start_data_RamAHB32 = .)
 *(.ramfunc.$RAM2)
 *(.ramfunc.$RamAHB32)
 *(.data.$RAM2)
 *(.data.$RamAHB32)
 *(.data.$RAM2.*)
 *(.data.$RamAHB32.*)
                0x000000002007c000                . = ALIGN (0x4)
                [!provide]                        PROVIDE (__end_data_RAM2 = .)
                [!provide]                        PROVIDE (__end_data_RamAHB32 = .)

.uninit_RESERVED
                0x0000000010000000        0x0
                0x0000000010000000                _start_uninit_RESERVED = .
 *(.bss.$RESERVED*)
                0x0000000010000000                . = ALIGN (0x4)
                0x0000000010000000                _end_uninit_RESERVED = .

.data           0x0000000010000000       0x10 load address 0x000000000000588c
 FILL mask 0xff
                0x0000000010000000                _data = .
                [!provide]                        PROVIDE (__start_data_RAM = .)
                [!provide]                        PROVIDE (__start_data_RamLoc32 = .)
 *(vtable)
 *(.ramfunc*)
 *(CodeQuickAccess)
 *(DataQuickAccess)
 *(RamFunction)
 *(.data*)
 .data.uxCriticalNesting
                0x0000000010000000        0x4 ./src/port.o
 .data.TraceQueueClassTable
                0x0000000010000004        0x5 ./src/trcKernelPort.o
                0x0000000010000004                TraceQueueClassTable
 *fill*         0x0000000010000009        0x1 ff
 .data.CurrentFilterMask
                0x000000001000000a        0x2 ./src/trcSnapshotRecorder.o
                0x000000001000000a                CurrentFilterMask
 .data.CurrentFilterGroup
                0x000000001000000c        0x2 ./src/trcSnapshotRecorder.o
                0x000000001000000c                CurrentFilterGroup
                0x0000000010000010                . = ALIGN (0x4)
 *fill*         0x000000001000000e        0x2 ff
                0x0000000010000010                _edata = .
                [!provide]                        PROVIDE (__end_data_RAM = .)
                [!provide]                        PROVIDE (__end_data_RamLoc32 = .)

.igot.plt       0x0000000010000010        0x0 load address 0x000000000000589c
 .igot.plt      0x0000000010000010        0x0 ./src/cr_startup_lpc175x_6x_bkp.o

.bss_RAM2       0x000000002007c000        0x0
                [!provide]                        PROVIDE (__start_bss_RAM2 = .)
                [!provide]                        PROVIDE (__start_bss_RamAHB32 = .)
 *(.bss.$RAM2)
 *(.bss.$RamAHB32)
 *(.bss.$RAM2.*)
 *(.bss.$RamAHB32.*)
                0x000000002007c000                . = ALIGN ((. != 0x0)?0x4:0x1)
                [!provide]                        PROVIDE (__end_bss_RAM2 = .)
                [!provide]                        PROVIDE (__end_bss_RamAHB32 = .)

.bss            0x0000000010000010     0x671c
                0x0000000010000010                _bss = .
                [!provide]                        PROVIDE (__start_bss_RAM = .)
                [!provide]                        PROVIDE (__start_bss_RamLoc32 = .)
 *(.bss*)
 .bss.ucHeap    0x0000000010000010     0x4c00 ./src/heap_4.o
 .bss.xStart    0x0000000010004c10        0x8 ./src/heap_4.o
 .bss.pxEnd     0x0000000010004c18        0x4 ./src/heap_4.o
 .bss.xFreeBytesRemaining
                0x0000000010004c1c        0x4 ./src/heap_4.o
 .bss.xMinimumEverFreeBytesRemaining
                0x0000000010004c20        0x4 ./src/heap_4.o
 .bss.xNumberOfSuccessfulAllocations
                0x0000000010004c24        0x4 ./src/heap_4.o
 .bss.xNumberOfSuccessfulFrees
                0x0000000010004c28        0x4 ./src/heap_4.o
 .bss.xBlockAllocatedBit
                0x0000000010004c2c        0x4 ./src/heap_4.o
 .bss.pxCurrentTCB
                0x0000000010004c30        0x4 ./src/tasks.o
                0x0000000010004c30                pxCurrentTCB
 .bss.pxReadyTasksLists
                0x0000000010004c34       0x64 ./src/tasks.o
 .bss.xDelayedTaskList1
                0x0000000010004c98       0x14 ./src/tasks.o
 .bss.xDelayedTaskList2
                0x0000000010004cac       0x14 ./src/tasks.o
 .bss.pxDelayedTaskList
                0x0000000010004cc0        0x4 ./src/tasks.o
 .bss.pxOverflowDelayedTaskList
                0x0000000010004cc4        0x4 ./src/tasks.o
 .bss.xPendingReadyList
                0x0000000010004cc8       0x14 ./src/tasks.o
 .bss.xTasksWaitingTermination
                0x0000000010004cdc       0x14 ./src/tasks.o
 .bss.uxDeletedTasksWaitingCleanUp
                0x0000000010004cf0        0x4 ./src/tasks.o
 .bss.xSuspendedTaskList
                0x0000000010004cf4       0x14 ./src/tasks.o
 .bss.uxCurrentNumberOfTasks
                0x0000000010004d08        0x4 ./src/tasks.o
 .bss.xTickCount
                0x0000000010004d0c        0x4 ./src/tasks.o
 .bss.uxTopReadyPriority
                0x0000000010004d10        0x4 ./src/tasks.o
 .bss.xSchedulerRunning
                0x0000000010004d14        0x4 ./src/tasks.o
 .bss.xPendedTicks
                0x0000000010004d18        0x4 ./src/tasks.o
 .bss.xYieldPending
                0x0000000010004d1c        0x4 ./src/tasks.o
 .bss.xNumOfOverflows
                0x0000000010004d20        0x4 ./src/tasks.o
 .bss.uxTaskNumber
                0x0000000010004d24        0x4 ./src/tasks.o
 .bss.xNextTaskUnblockTime
                0x0000000010004d28        0x4 ./src/tasks.o
 .bss.xIdleTaskHandle
                0x0000000010004d2c        0x4 ./src/tasks.o
 .bss.uxSchedulerSuspended
                0x0000000010004d30        0x4 ./src/tasks.o
 .bss.ulTaskSwitchedInTime
                0x0000000010004d34        0x4 ./src/tasks.o
 .bss.ulTotalRunTime
                0x0000000010004d38        0x4 ./src/tasks.o
 .bss.pe        0x0000000010004d3c        0x2 ./src/tp4_olivaarias.o
                0x0000000010004d3c                pe
 *fill*         0x0000000010004d3e        0x2 
 .bss.xQueue    0x0000000010004d40        0x4 ./src/tp4_olivaarias.o
                0x0000000010004d40                xQueue
 .bss.uiTraceTickCount
                0x0000000010004d44        0x4 ./src/trcSnapshotRecorder.o
                0x0000000010004d44                uiTraceTickCount
 .bss.trace_disable_timestamp
                0x0000000010004d48        0x4 ./src/trcSnapshotRecorder.o
                0x0000000010004d48                trace_disable_timestamp
 .bss.last_timestamp
                0x0000000010004d4c        0x4 ./src/trcSnapshotRecorder.o
 .bss.uiTraceSystemState
                0x0000000010004d50        0x4 ./src/trcSnapshotRecorder.o
                0x0000000010004d50                uiTraceSystemState
 .bss.recorder_busy
                0x0000000010004d54        0x4 ./src/trcSnapshotRecorder.o
                0x0000000010004d54                recorder_busy
 .bss.timestampFrequency
                0x0000000010004d58        0x4 ./src/trcSnapshotRecorder.o
                0x0000000010004d58                timestampFrequency
 .bss.traceErrorMessage
                0x0000000010004d5c        0x4 ./src/trcSnapshotRecorder.o
                0x0000000010004d5c                traceErrorMessage
 .bss.handle_of_last_logged_task
                0x0000000010004d60        0x1 ./src/trcSnapshotRecorder.o
                0x0000000010004d60                handle_of_last_logged_task
 *fill*         0x0000000010004d61        0x3 
 .bss.vTraceStopHookPtr
                0x0000000010004d64        0x4 ./src/trcSnapshotRecorder.o
                0x0000000010004d64                vTraceStopHookPtr
 .bss.objectHandleStacks
                0x0000000010004d68       0x8e ./src/trcSnapshotRecorder.o
                0x0000000010004d68                objectHandleStacks
 *fill*         0x0000000010004df6        0x2 
 .bss.init_hwtc_count
                0x0000000010004df8        0x4 ./src/trcSnapshotRecorder.o
                0x0000000010004df8                init_hwtc_count
 .bss.RecorderData
                0x0000000010004dfc     0x1918 ./src/trcSnapshotRecorder.o
                0x0000000010004dfc                RecorderData
 .bss.RecorderDataPtr
                0x0000000010006714        0x4 ./src/trcSnapshotRecorder.o
                0x0000000010006714                RecorderDataPtr
 .bss.indexOfHandle.5778
                0x0000000010006718        0x4 ./src/trcSnapshotRecorder.o
 .bss.idx.5805  0x000000001000671c        0x2 ./src/trcSnapshotRecorder.o
 *fill*         0x000000001000671e        0x2 
 .bss.old_timestamp.5841
                0x0000000010006720        0x4 ./src/trcSnapshotRecorder.o
 .bss.last_hwtc_count.5879
                0x0000000010006724        0x4 ./src/trcSnapshotRecorder.o
 .bss.last_hwtc_rest.5881
                0x0000000010006728        0x4 ./src/trcSnapshotRecorder.o
 *(COMMON)
                0x000000001000672c                . = ALIGN (0x4)
                0x000000001000672c                _ebss = .
                [!provide]                        PROVIDE (__end_bss_RAM = .)
                [!provide]                        PROVIDE (__end_bss_RamLoc32 = .)
                [!provide]                        PROVIDE (end = .)

.noinit_RAM2    0x000000002007c000        0x0
                [!provide]                        PROVIDE (__start_noinit_RAM2 = .)
                [!provide]                        PROVIDE (__start_noinit_RamAHB32 = .)
 *(.noinit.$RAM2)
 *(.noinit.$RamAHB32)
 *(.noinit.$RAM2.*)
 *(.noinit.$RamAHB32.*)
                0x000000002007c000                . = ALIGN (0x4)
                [!provide]                        PROVIDE (__end_noinit_RAM2 = .)
                [!provide]                        PROVIDE (__end_noinit_RamAHB32 = .)

.noinit         0x000000001000672c        0x0
                0x000000001000672c                _noinit = .
                [!provide]                        PROVIDE (__start_noinit_RAM = .)
                [!provide]                        PROVIDE (__start_noinit_RamLoc32 = .)
 *(.noinit*)
                0x000000001000672c                . = ALIGN (0x4)
                0x000000001000672c                _end_noinit = .
                [!provide]                        PROVIDE (__end_noinit_RAM = .)
                [!provide]                        PROVIDE (__end_noinit_RamLoc32 = .)
                0x000000001000672c                PROVIDE (_pvHeapStart = DEFINED (__user_heap_base)?__user_heap_base:.)
                0x0000000010008000                PROVIDE (_vStackTop = DEFINED (__user_stack_top)?__user_stack_top:(__top_RamLoc32 - 0x0))
                0xffffffffefff74de                PROVIDE (__valid_user_code_checksum = (0x0 - ((((((_vStackTop + (ResetISR + 0x1)) + (NMI_Handler + 0x1)) + (HardFault_Handler + 0x1)) + (DEFINED (MemManage_Handler)?MemManage_Handler:0x0 + 0x1)) + (DEFINED (BusFault_Handler)?BusFault_Handler:0x0 + 0x1)) + (DEFINED (UsageFault_Handler)?UsageFault_Handler:0x0 + 0x1))))
                0x0000000000000000                _image_start = LOADADDR (.text)
                0x000000000000589c                _image_end = (LOADADDR (.data) + SIZEOF (.data))
                0x000000000000589c                _image_size = (_image_end - _image_start)
OUTPUT(tp4_olivaarias.axf elf32-littlearm)

.debug_info     0x0000000000000000     0x961d
 .debug_info    0x0000000000000000      0x276 ./src/cr_startup_lpc175x_6x_bkp.o
 .debug_info    0x0000000000000276      0xa24 ./src/heap_4.o
 .debug_info    0x0000000000000c9a      0x8da ./src/list.o
 .debug_info    0x0000000000001574      0x903 ./src/port.o
 .debug_info    0x0000000000001e77     0x18d8 ./src/queue.o
 .debug_info    0x000000000000374f     0x2613 ./src/tasks.o
 .debug_info    0x0000000000005d62      0xc02 ./src/tp4_olivaarias.o
 .debug_info    0x0000000000006964      0x9cf ./src/trcKernelPort.o
 .debug_info    0x0000000000007333     0x1f6d ./src/trcSnapshotRecorder.o
 .debug_info    0x00000000000092a0      0x37d /home/agustinoli/Documents/MCUXpresso/workspace/CMSISv2p00_LPC17xx/Debug/libCMSISv2p00_LPC17xx.a(system_LPC17xx.o)

.debug_abbrev   0x0000000000000000     0x1725
 .debug_abbrev  0x0000000000000000      0x12a ./src/cr_startup_lpc175x_6x_bkp.o
 .debug_abbrev  0x000000000000012a      0x206 ./src/heap_4.o
 .debug_abbrev  0x0000000000000330      0x18e ./src/list.o
 .debug_abbrev  0x00000000000004be      0x28b ./src/port.o
 .debug_abbrev  0x0000000000000749      0x364 ./src/queue.o
 .debug_abbrev  0x0000000000000aad      0x385 ./src/tasks.o
 .debug_abbrev  0x0000000000000e32      0x206 ./src/tp4_olivaarias.o
 .debug_abbrev  0x0000000000001038      0x1ed ./src/trcKernelPort.o
 .debug_abbrev  0x0000000000001225      0x3e4 ./src/trcSnapshotRecorder.o
 .debug_abbrev  0x0000000000001609      0x11c /home/agustinoli/Documents/MCUXpresso/workspace/CMSISv2p00_LPC17xx/Debug/libCMSISv2p00_LPC17xx.a(system_LPC17xx.o)

.debug_aranges  0x0000000000000000      0x7c0
 .debug_aranges
                0x0000000000000000       0x80 ./src/cr_startup_lpc175x_6x_bkp.o
 .debug_aranges
                0x0000000000000080       0x58 ./src/heap_4.o
 .debug_aranges
                0x00000000000000d8       0x40 ./src/list.o
 .debug_aranges
                0x0000000000000118       0x70 ./src/port.o
 .debug_aranges
                0x0000000000000188      0x128 ./src/queue.o
 .debug_aranges
                0x00000000000002b0      0x208 ./src/tasks.o
 .debug_aranges
                0x00000000000004b8       0x58 ./src/tp4_olivaarias.o
 .debug_aranges
                0x0000000000000510       0xa8 ./src/trcKernelPort.o
 .debug_aranges
                0x00000000000005b8      0x1e0 ./src/trcSnapshotRecorder.o
 .debug_aranges
                0x0000000000000798       0x28 /home/agustinoli/Documents/MCUXpresso/workspace/CMSISv2p00_LPC17xx/Debug/libCMSISv2p00_LPC17xx.a(system_LPC17xx.o)

.debug_ranges   0x0000000000000000      0x720
 .debug_ranges  0x0000000000000000       0x70 ./src/cr_startup_lpc175x_6x_bkp.o
 .debug_ranges  0x0000000000000070       0x48 ./src/heap_4.o
 .debug_ranges  0x00000000000000b8       0x30 ./src/list.o
 .debug_ranges  0x00000000000000e8       0x60 ./src/port.o
 .debug_ranges  0x0000000000000148      0x118 ./src/queue.o
 .debug_ranges  0x0000000000000260      0x1f8 ./src/tasks.o
 .debug_ranges  0x0000000000000458       0x48 ./src/tp4_olivaarias.o
 .debug_ranges  0x00000000000004a0       0x98 ./src/trcKernelPort.o
 .debug_ranges  0x0000000000000538      0x1d0 ./src/trcSnapshotRecorder.o
 .debug_ranges  0x0000000000000708       0x18 /home/agustinoli/Documents/MCUXpresso/workspace/CMSISv2p00_LPC17xx/Debug/libCMSISv2p00_LPC17xx.a(system_LPC17xx.o)

.debug_macro    0x0000000000000000     0x557e
 .debug_macro   0x0000000000000000       0x1d ./src/cr_startup_lpc175x_6x_bkp.o
 .debug_macro   0x000000000000001d      0xaa2 ./src/cr_startup_lpc175x_6x_bkp.o
 .debug_macro   0x0000000000000abf      0x175 ./src/heap_4.o
 .debug_macro   0x0000000000000c34       0x10 ./src/heap_4.o
 .debug_macro   0x0000000000000c44      0x12e ./src/heap_4.o
 .debug_macro   0x0000000000000d72       0x28 ./src/heap_4.o
 .debug_macro   0x0000000000000d9a      0x5b3 ./src/heap_4.o
 .debug_macro   0x000000000000134d       0x1c ./src/heap_4.o
 .debug_macro   0x0000000000001369       0x2e ./src/heap_4.o
 .debug_macro   0x0000000000001397       0x18 ./src/heap_4.o
 .debug_macro   0x00000000000013af      0x7af ./src/heap_4.o
 .debug_macro   0x0000000000001b5e      0x2c7 ./src/heap_4.o
 .debug_macro   0x0000000000001e25      0x14f ./src/heap_4.o
 .debug_macro   0x0000000000001f74       0x1c ./src/heap_4.o
 .debug_macro   0x0000000000001f90      0x13f ./src/heap_4.o
 .debug_macro   0x00000000000020cf       0x94 ./src/heap_4.o
 .debug_macro   0x0000000000002163       0xdd ./src/heap_4.o
 .debug_macro   0x0000000000002240       0x88 ./src/heap_4.o
 .debug_macro   0x00000000000022c8      0x970 ./src/heap_4.o
 .debug_macro   0x0000000000002c38      0x265 ./src/heap_4.o
 .debug_macro   0x0000000000002e9d      0x15a ./src/heap_4.o
 .debug_macro   0x0000000000002ff7       0xdd ./src/heap_4.o
 .debug_macro   0x00000000000030d4       0x1c ./src/heap_4.o
 .debug_macro   0x00000000000030f0       0x26 ./src/heap_4.o
 .debug_macro   0x0000000000003116      0x3d7 ./src/heap_4.o
 .debug_macro   0x00000000000034ed       0xb5 ./src/heap_4.o
 .debug_macro   0x00000000000035a2       0xaa ./src/heap_4.o
 .debug_macro   0x000000000000364c      0x14e ./src/list.o
 .debug_macro   0x000000000000379a      0x1eb ./src/port.o
 .debug_macro   0x0000000000003985       0x16 ./src/port.o
 .debug_macro   0x000000000000399b      0x1bb ./src/queue.o
 .debug_macro   0x0000000000003b56       0x80 ./src/queue.o
 .debug_macro   0x0000000000003bd6      0x231 ./src/tasks.o
 .debug_macro   0x0000000000003e07       0x91 ./src/tasks.o
 .debug_macro   0x0000000000003e98       0x10 ./src/tasks.o
 .debug_macro   0x0000000000003ea8       0x9a ./src/tasks.o
 .debug_macro   0x0000000000003f42      0x162 ./src/tp4_olivaarias.o
 .debug_macro   0x00000000000040a4      0x15c ./src/trcKernelPort.o
 .debug_macro   0x0000000000004200      0x156 ./src/trcSnapshotRecorder.o
 .debug_macro   0x0000000000004356      0x155 ./src/trcSnapshotRecorder.o
 .debug_macro   0x00000000000044ab      0x4f6 ./src/trcSnapshotRecorder.o
 .debug_macro   0x00000000000049a1       0x16 ./src/trcSnapshotRecorder.o
 .debug_macro   0x00000000000049b7      0x12b /home/agustinoli/Documents/MCUXpresso/workspace/CMSISv2p00_LPC17xx/Debug/libCMSISv2p00_LPC17xx.a(system_LPC17xx.o)
 .debug_macro   0x0000000000004ae2      0xa9c /home/agustinoli/Documents/MCUXpresso/workspace/CMSISv2p00_LPC17xx/Debug/libCMSISv2p00_LPC17xx.a(system_LPC17xx.o)

.debug_line     0x0000000000000000     0x6118
 .debug_line    0x0000000000000000      0x164 ./src/cr_startup_lpc175x_6x_bkp.o
 .debug_line    0x0000000000000164      0x61a ./src/heap_4.o
 .debug_line    0x000000000000077e      0x475 ./src/list.o
 .debug_line    0x0000000000000bf3      0x517 ./src/port.o
 .debug_line    0x000000000000110a     0x1092 ./src/queue.o
 .debug_line    0x000000000000219c     0x18db ./src/tasks.o
 .debug_line    0x0000000000003a77      0x4a5 ./src/tp4_olivaarias.o
 .debug_line    0x0000000000003f1c      0x6a4 ./src/trcKernelPort.o
 .debug_line    0x00000000000045c0     0x1724 ./src/trcSnapshotRecorder.o
 .debug_line    0x0000000000005ce4      0x434 /home/agustinoli/Documents/MCUXpresso/workspace/CMSISv2p00_LPC17xx/Debug/libCMSISv2p00_LPC17xx.a(system_LPC17xx.o)

.debug_str      0x0000000000000000    0x1bb92
 .debug_str     0x0000000000000000     0x2f84 ./src/cr_startup_lpc175x_6x_bkp.o
                                       0x2fc2 (size before relaxing)
 .debug_str     0x0000000000002f84    0x13de6 ./src/heap_4.o
                                      0x16cb2 (size before relaxing)
 .debug_str     0x0000000000016d6a      0x119 ./src/list.o
                                      0x16401 (size before relaxing)
 .debug_str     0x0000000000016e83      0x64d ./src/port.o
                                      0x16f7e (size before relaxing)
 .debug_str     0x00000000000174d0      0xf78 ./src/queue.o
                                      0x17a69 (size before relaxing)
 .debug_str     0x0000000000018448     0x200e ./src/tasks.o
                                      0x18c91 (size before relaxing)
 .debug_str     0x000000000001a456      0x27f ./src/tp4_olivaarias.o
                                      0x17306 (size before relaxing)
 .debug_str     0x000000000001a6d5      0x20a ./src/trcKernelPort.o
                                      0x171f3 (size before relaxing)
 .debug_str     0x000000000001a8df      0xe7f ./src/trcSnapshotRecorder.o
                                      0x169f6 (size before relaxing)
 .debug_str     0x000000000001b75e      0x434 /home/agustinoli/Documents/MCUXpresso/workspace/CMSISv2p00_LPC17xx/Debug/libCMSISv2p00_LPC17xx.a(system_LPC17xx.o)
                                       0x89cf (size before relaxing)

.comment        0x0000000000000000       0x76
 .comment       0x0000000000000000       0x76 ./src/cr_startup_lpc175x_6x_bkp.o
                                         0x77 (size before relaxing)
 .comment       0x0000000000000076       0x77 ./src/heap_4.o
 .comment       0x0000000000000076       0x77 ./src/list.o
 .comment       0x0000000000000076       0x77 ./src/port.o
 .comment       0x0000000000000076       0x77 ./src/queue.o
 .comment       0x0000000000000076       0x77 ./src/tasks.o
 .comment       0x0000000000000076       0x77 ./src/tp4_olivaarias.o
 .comment       0x0000000000000076       0x77 ./src/trcKernelPort.o
 .comment       0x0000000000000076       0x77 ./src/trcSnapshotRecorder.o
 .comment       0x0000000000000076       0x77 /home/agustinoli/Documents/MCUXpresso/workspace/CMSISv2p00_LPC17xx/Debug/libCMSISv2p00_LPC17xx.a(system_LPC17xx.o)
 .comment       0x0000000000000076       0x77 /usr/local/mcuxpressoide-11.1.0_3209/ide/plugins/com.nxp.mcuxpresso.tools.linux_11.1.0.201909161352/tools/bin/../lib/gcc/arm-none-eabi/8.3.1/../../../../arm-none-eabi/lib/thumb/v7-m/nofp/libcr_c.a(memcpy.o)
 .comment       0x0000000000000076       0x77 /usr/local/mcuxpressoide-11.1.0_3209/ide/plugins/com.nxp.mcuxpresso.tools.linux_11.1.0.201909161352/tools/bin/../lib/gcc/arm-none-eabi/8.3.1/../../../../arm-none-eabi/lib/thumb/v7-m/nofp/libcr_c.a(memset.o)
 .comment       0x0000000000000076       0x77 /usr/local/mcuxpressoide-11.1.0_3209/ide/plugins/com.nxp.mcuxpresso.tools.linux_11.1.0.201909161352/tools/bin/../lib/gcc/arm-none-eabi/8.3.1/../../../../arm-none-eabi/lib/thumb/v7-m/nofp/libcr_c.a(__weak__main.o)
 .comment       0x0000000000000076       0x77 /usr/local/mcuxpressoide-11.1.0_3209/ide/plugins/com.nxp.mcuxpresso.tools.linux_11.1.0.201909161352/tools/bin/../lib/gcc/arm-none-eabi/8.3.1/../../../../arm-none-eabi/lib/thumb/v7-m/nofp/libcr_c.a(strncmp.o)
 .comment       0x0000000000000076       0x77 /usr/local/mcuxpressoide-11.1.0_3209/ide/plugins/com.nxp.mcuxpresso.tools.linux_11.1.0.201909161352/tools/bin/../lib/gcc/arm-none-eabi/8.3.1/thumb/v7-m/nofp/libcr_eabihelpers.a(double.o)

.ARM.attributes
                0x0000000000000000       0x2b
 .ARM.attributes
                0x0000000000000000       0x2d ./src/cr_startup_lpc175x_6x_bkp.o
 .ARM.attributes
                0x000000000000002d       0x2d ./src/heap_4.o
 .ARM.attributes
                0x000000000000005a       0x2d ./src/list.o
 .ARM.attributes
                0x0000000000000087       0x2d ./src/port.o
 .ARM.attributes
                0x00000000000000b4       0x2d ./src/queue.o
 .ARM.attributes
                0x00000000000000e1       0x2d ./src/tasks.o
 .ARM.attributes
                0x000000000000010e       0x2d ./src/tp4_olivaarias.o
 .ARM.attributes
                0x000000000000013b       0x2d ./src/trcKernelPort.o
 .ARM.attributes
                0x0000000000000168       0x2d ./src/trcSnapshotRecorder.o
 .ARM.attributes
                0x0000000000000195       0x2d /home/agustinoli/Documents/MCUXpresso/workspace/CMSISv2p00_LPC17xx/Debug/libCMSISv2p00_LPC17xx.a(system_LPC17xx.o)
 .ARM.attributes
                0x00000000000001c2       0x2d /usr/local/mcuxpressoide-11.1.0_3209/ide/plugins/com.nxp.mcuxpresso.tools.linux_11.1.0.201909161352/tools/bin/../lib/gcc/arm-none-eabi/8.3.1/../../../../arm-none-eabi/lib/thumb/v7-m/nofp/libcr_c.a(memcpy.o)
 .ARM.attributes
                0x00000000000001ef       0x2d /usr/local/mcuxpressoide-11.1.0_3209/ide/plugins/com.nxp.mcuxpresso.tools.linux_11.1.0.201909161352/tools/bin/../lib/gcc/arm-none-eabi/8.3.1/../../../../arm-none-eabi/lib/thumb/v7-m/nofp/libcr_c.a(memset.o)
 .ARM.attributes
                0x000000000000021c       0x2d /usr/local/mcuxpressoide-11.1.0_3209/ide/plugins/com.nxp.mcuxpresso.tools.linux_11.1.0.201909161352/tools/bin/../lib/gcc/arm-none-eabi/8.3.1/../../../../arm-none-eabi/lib/thumb/v7-m/nofp/libcr_c.a(__weak__main.o)
 .ARM.attributes
                0x0000000000000249       0x2d /usr/local/mcuxpressoide-11.1.0_3209/ide/plugins/com.nxp.mcuxpresso.tools.linux_11.1.0.201909161352/tools/bin/../lib/gcc/arm-none-eabi/8.3.1/../../../../arm-none-eabi/lib/thumb/v7-m/nofp/libcr_c.a(strncmp.o)
 .ARM.attributes
                0x0000000000000276       0x2d /usr/local/mcuxpressoide-11.1.0_3209/ide/plugins/com.nxp.mcuxpresso.tools.linux_11.1.0.201909161352/tools/bin/../lib/gcc/arm-none-eabi/8.3.1/thumb/v7-m/nofp/libcr_eabihelpers.a(double.o)
 .ARM.attributes
                0x00000000000002a3       0x1b /usr/local/mcuxpressoide-11.1.0_3209/ide/plugins/com.nxp.mcuxpresso.tools.linux_11.1.0.201909161352/tools/bin/../lib/gcc/arm-none-eabi/8.3.1/thumb/v7-m/nofp/libcr_eabihelpers.a(memcpy.o)

.debug_frame    0x0000000000000000     0x1ee8
 .debug_frame   0x0000000000000000      0x170 ./src/cr_startup_lpc175x_6x_bkp.o
 .debug_frame   0x0000000000000170      0x12c ./src/heap_4.o
 .debug_frame   0x000000000000029c       0xd8 ./src/list.o
 .debug_frame   0x0000000000000374      0x160 ./src/port.o
 .debug_frame   0x00000000000004d4      0x53c ./src/queue.o
 .debug_frame   0x0000000000000a10      0x900 ./src/tasks.o
 .debug_frame   0x0000000000001310      0x10c ./src/tp4_olivaarias.o
 .debug_frame   0x000000000000141c      0x28c ./src/trcKernelPort.o
 .debug_frame   0x00000000000016a8      0x804 ./src/trcSnapshotRecorder.o
 .debug_frame   0x0000000000001eac       0x3c /home/agustinoli/Documents/MCUXpresso/workspace/CMSISv2p00_LPC17xx/Debug/libCMSISv2p00_LPC17xx.a(system_LPC17xx.o)

Cross Reference Table

Symbol                                            File
ADC_IRQHandler                                    ./src/cr_startup_lpc175x_6x_bkp.o
BOD_IRQHandler                                    ./src/cr_startup_lpc175x_6x_bkp.o
BusFault_Handler                                  ./src/cr_startup_lpc175x_6x_bkp.o
CANActivity_IRQHandler                            ./src/cr_startup_lpc175x_6x_bkp.o
CAN_IRQHandler                                    ./src/cr_startup_lpc175x_6x_bkp.o
CurrentFilterGroup                                ./src/trcSnapshotRecorder.o
                                                  ./src/tasks.o
                                                  ./src/queue.o
CurrentFilterMask                                 ./src/trcSnapshotRecorder.o
                                                  ./src/tasks.o
                                                  ./src/queue.o
DMA_IRQHandler                                    ./src/cr_startup_lpc175x_6x_bkp.o
DebugMon_Handler                                  ./src/cr_startup_lpc175x_6x_bkp.o
EINT0_IRQHandler                                  ./src/cr_startup_lpc175x_6x_bkp.o
EINT1_IRQHandler                                  ./src/cr_startup_lpc175x_6x_bkp.o
EINT2_IRQHandler                                  ./src/cr_startup_lpc175x_6x_bkp.o
EINT3_IRQHandler                                  ./src/cr_startup_lpc175x_6x_bkp.o
ENET_IRQHandler                                   ./src/cr_startup_lpc175x_6x_bkp.o
HardFault_Handler                                 ./src/cr_startup_lpc175x_6x_bkp.o
I2C0_IRQHandler                                   ./src/cr_startup_lpc175x_6x_bkp.o
I2C1_IRQHandler                                   ./src/cr_startup_lpc175x_6x_bkp.o
I2C2_IRQHandler                                   ./src/cr_startup_lpc175x_6x_bkp.o
I2S_IRQHandler                                    ./src/cr_startup_lpc175x_6x_bkp.o
IntDefaultHandler                                 ./src/cr_startup_lpc175x_6x_bkp.o
MCPWM_IRQHandler                                  ./src/cr_startup_lpc175x_6x_bkp.o
MemManage_Handler                                 ./src/cr_startup_lpc175x_6x_bkp.o
MyWrapper                                         ./src/queue.o
NMI_Handler                                       ./src/cr_startup_lpc175x_6x_bkp.o
PLL0_IRQHandler                                   ./src/cr_startup_lpc175x_6x_bkp.o
PLL1_IRQHandler                                   ./src/cr_startup_lpc175x_6x_bkp.o
PWM1_IRQHandler                                   ./src/cr_startup_lpc175x_6x_bkp.o
PendSV_Handler                                    ./src/port.o
                                                  ./src/cr_startup_lpc175x_6x_bkp.o
QEI_IRQHandler                                    ./src/cr_startup_lpc175x_6x_bkp.o
RIT_IRQHandler                                    ./src/cr_startup_lpc175x_6x_bkp.o
RTC_IRQHandler                                    ./src/cr_startup_lpc175x_6x_bkp.o
RecorderData                                      ./src/trcSnapshotRecorder.o
RecorderDataPtr                                   ./src/trcSnapshotRecorder.o
                                                  ./src/trcKernelPort.o
ResetISR                                          ./src/cr_startup_lpc175x_6x_bkp.o
SPI_IRQHandler                                    ./src/cr_startup_lpc175x_6x_bkp.o
SSP0_IRQHandler                                   ./src/cr_startup_lpc175x_6x_bkp.o
SSP1_IRQHandler                                   ./src/cr_startup_lpc175x_6x_bkp.o
SVC_Handler                                       ./src/port.o
                                                  ./src/cr_startup_lpc175x_6x_bkp.o
SysTick_Handler                                   ./src/port.o
                                                  ./src/cr_startup_lpc175x_6x_bkp.o
SystemCoreClock                                   /home/agustinoli/Documents/MCUXpresso/workspace/CMSISv2p00_LPC17xx/Debug/libCMSISv2p00_LPC17xx.a(system_LPC17xx.o)
SystemCoreClockUpdate                             /home/agustinoli/Documents/MCUXpresso/workspace/CMSISv2p00_LPC17xx/Debug/libCMSISv2p00_LPC17xx.a(system_LPC17xx.o)
SystemInit                                        /home/agustinoli/Documents/MCUXpresso/workspace/CMSISv2p00_LPC17xx/Debug/libCMSISv2p00_LPC17xx.a(system_LPC17xx.o)
                                                  ./src/cr_startup_lpc175x_6x_bkp.o
TIMER0_IRQHandler                                 ./src/cr_startup_lpc175x_6x_bkp.o
TIMER1_IRQHandler                                 ./src/cr_startup_lpc175x_6x_bkp.o
TIMER2_IRQHandler                                 ./src/cr_startup_lpc175x_6x_bkp.o
TIMER3_IRQHandler                                 ./src/cr_startup_lpc175x_6x_bkp.o
TraceQueueClassTable                              ./src/trcKernelPort.o
                                                  ./src/queue.o
UART0_IRQHandler                                  ./src/cr_startup_lpc175x_6x_bkp.o
UART1_IRQHandler                                  ./src/cr_startup_lpc175x_6x_bkp.o
UART2_IRQHandler                                  ./src/cr_startup_lpc175x_6x_bkp.o
UART3_IRQHandler                                  ./src/cr_startup_lpc175x_6x_bkp.o
USBActivity_IRQHandler                            ./src/cr_startup_lpc175x_6x_bkp.o
USB_IRQHandler                                    ./src/cr_startup_lpc175x_6x_bkp.o
UsageFault_Handler                                ./src/cr_startup_lpc175x_6x_bkp.o
WDT_IRQHandler                                    ./src/cr_startup_lpc175x_6x_bkp.o
_Csys_alloc                                       /usr/local/mcuxpressoide-11.1.0_3209/ide/plugins/com.nxp.mcuxpresso.tools.linux_11.1.0.201909161352/tools/bin/../lib/gcc/arm-none-eabi/8.3.1/../../../../arm-none-eabi/lib/thumb/v7-m/nofp/libcr_c.a(alloc.o)
                                                  /usr/local/mcuxpressoide-11.1.0_3209/ide/plugins/com.nxp.mcuxpresso.tools.linux_11.1.0.201909161352/tools/bin/../lib/gcc/arm-none-eabi/8.3.1/../../../../arm-none-eabi/lib/thumb/v7-m/nofp/libcr_c.a(_deferredlazyseek.o)
_Cwritebuf                                        /usr/local/mcuxpressoide-11.1.0_3209/ide/plugins/com.nxp.mcuxpresso.tools.linux_11.1.0.201909161352/tools/bin/../lib/gcc/arm-none-eabi/8.3.1/../../../../arm-none-eabi/lib/thumb/v7-m/nofp/libcr_c.a(_writebuf.o)
                                                  /usr/local/mcuxpressoide-11.1.0_3209/ide/plugins/com.nxp.mcuxpresso.tools.linux_11.1.0.201909161352/tools/bin/../lib/gcc/arm-none-eabi/8.3.1/../../../../arm-none-eabi/lib/thumb/v7-m/nofp/libcr_c.a(_fflush.o)
                                                  /usr/local/mcuxpressoide-11.1.0_3209/ide/plugins/com.nxp.mcuxpresso.tools.linux_11.1.0.201909161352/tools/bin/../lib/gcc/arm-none-eabi/8.3.1/../../../../arm-none-eabi/lib/thumb/v7-m/nofp/libcr_c.a(_deferredlazyseek.o)
__Ciob                                            /usr/local/mcuxpressoide-11.1.0_3209/ide/plugins/com.nxp.mcuxpresso.tools.linux_11.1.0.201909161352/tools/bin/../lib/gcc/arm-none-eabi/8.3.1/../../../../arm-none-eabi/lib/thumb/v7-m/nofp/libcr_c.a(printf.o)
                                                  /usr/local/mcuxpressoide-11.1.0_3209/ide/plugins/com.nxp.mcuxpresso.tools.linux_11.1.0.201909161352/tools/bin/../lib/gcc/arm-none-eabi/8.3.1/../../../../arm-none-eabi/lib/thumb/v7-m/nofp/libcr_c.a(fpprintf.o)
__aeabi_cdcmpeq                                   /usr/local/mcuxpressoide-11.1.0_3209/ide/plugins/com.nxp.mcuxpresso.tools.linux_11.1.0.201909161352/tools/bin/../lib/gcc/arm-none-eabi/8.3.1/thumb/v7-m/nofp/libcr_eabihelpers.a(double.o)
__aeabi_cdcmple                                   /usr/local/mcuxpressoide-11.1.0_3209/ide/plugins/com.nxp.mcuxpresso.tools.linux_11.1.0.201909161352/tools/bin/../lib/gcc/arm-none-eabi/8.3.1/thumb/v7-m/nofp/libcr_eabihelpers.a(double.o)
__aeabi_cdrcmple                                  /usr/local/mcuxpressoide-11.1.0_3209/ide/plugins/com.nxp.mcuxpresso.tools.linux_11.1.0.201909161352/tools/bin/../lib/gcc/arm-none-eabi/8.3.1/thumb/v7-m/nofp/libcr_eabihelpers.a(double.o)
__aeabi_d2f                                       /usr/local/mcuxpressoide-11.1.0_3209/ide/plugins/com.nxp.mcuxpresso.tools.linux_11.1.0.201909161352/tools/bin/../lib/gcc/arm-none-eabi/8.3.1/thumb/v7-m/nofp/libcr_eabihelpers.a(double.o)
__aeabi_d2iz                                      /usr/local/mcuxpressoide-11.1.0_3209/ide/plugins/com.nxp.mcuxpresso.tools.linux_11.1.0.201909161352/tools/bin/../lib/gcc/arm-none-eabi/8.3.1/thumb/v7-m/nofp/libcr_eabihelpers.a(double.o)
                                                  /usr/local/mcuxpressoide-11.1.0_3209/ide/plugins/com.nxp.mcuxpresso.tools.linux_11.1.0.201909161352/tools/bin/../lib/gcc/arm-none-eabi/8.3.1/../../../../arm-none-eabi/lib/thumb/v7-m/nofp/libcr_c.a(fpprintf.o)
__aeabi_d2lz                                      /usr/local/mcuxpressoide-11.1.0_3209/ide/plugins/com.nxp.mcuxpresso.tools.linux_11.1.0.201909161352/tools/bin/../lib/gcc/arm-none-eabi/8.3.1/thumb/v7-m/nofp/libcr_eabihelpers.a(double.o)
__aeabi_d2uiz                                     /usr/local/mcuxpressoide-11.1.0_3209/ide/plugins/com.nxp.mcuxpresso.tools.linux_11.1.0.201909161352/tools/bin/../lib/gcc/arm-none-eabi/8.3.1/thumb/v7-m/nofp/libcr_eabihelpers.a(double.o)
                                                  ./src/trcSnapshotRecorder.o
__aeabi_d2ulz                                     /usr/local/mcuxpressoide-11.1.0_3209/ide/plugins/com.nxp.mcuxpresso.tools.linux_11.1.0.201909161352/tools/bin/../lib/gcc/arm-none-eabi/8.3.1/thumb/v7-m/nofp/libcr_eabihelpers.a(double.o)
__aeabi_dadd                                      /usr/local/mcuxpressoide-11.1.0_3209/ide/plugins/com.nxp.mcuxpresso.tools.linux_11.1.0.201909161352/tools/bin/../lib/gcc/arm-none-eabi/8.3.1/thumb/v7-m/nofp/libcr_eabihelpers.a(double.o)
                                                  /usr/local/mcuxpressoide-11.1.0_3209/ide/plugins/com.nxp.mcuxpresso.tools.linux_11.1.0.201909161352/tools/bin/../lib/gcc/arm-none-eabi/8.3.1/../../../../arm-none-eabi/lib/thumb/v7-m/nofp/libcr_c.a(fpprintf.o)
__aeabi_dcmpeq                                    /usr/local/mcuxpressoide-11.1.0_3209/ide/plugins/com.nxp.mcuxpresso.tools.linux_11.1.0.201909161352/tools/bin/../lib/gcc/arm-none-eabi/8.3.1/thumb/v7-m/nofp/libcr_eabihelpers.a(double.o)
                                                  /usr/local/mcuxpressoide-11.1.0_3209/ide/plugins/com.nxp.mcuxpresso.tools.linux_11.1.0.201909161352/tools/bin/../lib/gcc/arm-none-eabi/8.3.1/../../../../arm-none-eabi/lib/thumb/v7-m/nofp/libcr_c.a(_ldexpl.o)
                                                  /usr/local/mcuxpressoide-11.1.0_3209/ide/plugins/com.nxp.mcuxpresso.tools.linux_11.1.0.201909161352/tools/bin/../lib/gcc/arm-none-eabi/8.3.1/../../../../arm-none-eabi/lib/thumb/v7-m/nofp/libcr_c.a(_frexpl.o)
                                                  /usr/local/mcuxpressoide-11.1.0_3209/ide/plugins/com.nxp.mcuxpresso.tools.linux_11.1.0.201909161352/tools/bin/../lib/gcc/arm-none-eabi/8.3.1/../../../../arm-none-eabi/lib/thumb/v7-m/nofp/libcr_c.a(fpprintf.o)
__aeabi_dcmpge                                    /usr/local/mcuxpressoide-11.1.0_3209/ide/plugins/com.nxp.mcuxpresso.tools.linux_11.1.0.201909161352/tools/bin/../lib/gcc/arm-none-eabi/8.3.1/thumb/v7-m/nofp/libcr_eabihelpers.a(double.o)
                                                  /usr/local/mcuxpressoide-11.1.0_3209/ide/plugins/com.nxp.mcuxpresso.tools.linux_11.1.0.201909161352/tools/bin/../lib/gcc/arm-none-eabi/8.3.1/../../../../arm-none-eabi/lib/thumb/v7-m/nofp/libcr_c.a(fpprintf.o)
__aeabi_dcmpgt                                    /usr/local/mcuxpressoide-11.1.0_3209/ide/plugins/com.nxp.mcuxpresso.tools.linux_11.1.0.201909161352/tools/bin/../lib/gcc/arm-none-eabi/8.3.1/thumb/v7-m/nofp/libcr_eabihelpers.a(double.o)
__aeabi_dcmple                                    /usr/local/mcuxpressoide-11.1.0_3209/ide/plugins/com.nxp.mcuxpresso.tools.linux_11.1.0.201909161352/tools/bin/../lib/gcc/arm-none-eabi/8.3.1/thumb/v7-m/nofp/libcr_eabihelpers.a(double.o)
                                                  /usr/local/mcuxpressoide-11.1.0_3209/ide/plugins/com.nxp.mcuxpresso.tools.linux_11.1.0.201909161352/tools/bin/../lib/gcc/arm-none-eabi/8.3.1/../../../../arm-none-eabi/lib/thumb/v7-m/nofp/libcr_c.a(fpprintf.o)
__aeabi_dcmplt                                    /usr/local/mcuxpressoide-11.1.0_3209/ide/plugins/com.nxp.mcuxpresso.tools.linux_11.1.0.201909161352/tools/bin/../lib/gcc/arm-none-eabi/8.3.1/thumb/v7-m/nofp/libcr_eabihelpers.a(double.o)
                                                  /usr/local/mcuxpressoide-11.1.0_3209/ide/plugins/com.nxp.mcuxpresso.tools.linux_11.1.0.201909161352/tools/bin/../lib/gcc/arm-none-eabi/8.3.1/../../../../arm-none-eabi/lib/thumb/v7-m/nofp/libcr_c.a(fpprintf.o)
__aeabi_dcmpun                                    /usr/local/mcuxpressoide-11.1.0_3209/ide/plugins/com.nxp.mcuxpresso.tools.linux_11.1.0.201909161352/tools/bin/../lib/gcc/arm-none-eabi/8.3.1/thumb/v7-m/nofp/libcr_eabihelpers.a(double.o)
__aeabi_ddiv                                      /usr/local/mcuxpressoide-11.1.0_3209/ide/plugins/com.nxp.mcuxpresso.tools.linux_11.1.0.201909161352/tools/bin/../lib/gcc/arm-none-eabi/8.3.1/thumb/v7-m/nofp/libcr_eabihelpers.a(double.o)
                                                  /usr/local/mcuxpressoide-11.1.0_3209/ide/plugins/com.nxp.mcuxpresso.tools.linux_11.1.0.201909161352/tools/bin/../lib/gcc/arm-none-eabi/8.3.1/../../../../arm-none-eabi/lib/thumb/v7-m/nofp/libcr_c.a(fpprintf.o)
__aeabi_dmul                                      /usr/local/mcuxpressoide-11.1.0_3209/ide/plugins/com.nxp.mcuxpresso.tools.linux_11.1.0.201909161352/tools/bin/../lib/gcc/arm-none-eabi/8.3.1/thumb/v7-m/nofp/libcr_eabihelpers.a(double.o)
                                                  /usr/local/mcuxpressoide-11.1.0_3209/ide/plugins/com.nxp.mcuxpresso.tools.linux_11.1.0.201909161352/tools/bin/../lib/gcc/arm-none-eabi/8.3.1/../../../../arm-none-eabi/lib/thumb/v7-m/nofp/libcr_c.a(fpprintf.o)
__aeabi_dneg                                      /usr/local/mcuxpressoide-11.1.0_3209/ide/plugins/com.nxp.mcuxpresso.tools.linux_11.1.0.201909161352/tools/bin/../lib/gcc/arm-none-eabi/8.3.1/thumb/v7-m/nofp/libcr_eabihelpers.a(double.o)
__aeabi_drsub                                     /usr/local/mcuxpressoide-11.1.0_3209/ide/plugins/com.nxp.mcuxpresso.tools.linux_11.1.0.201909161352/tools/bin/../lib/gcc/arm-none-eabi/8.3.1/thumb/v7-m/nofp/libcr_eabihelpers.a(double.o)
__aeabi_dsub                                      /usr/local/mcuxpressoide-11.1.0_3209/ide/plugins/com.nxp.mcuxpresso.tools.linux_11.1.0.201909161352/tools/bin/../lib/gcc/arm-none-eabi/8.3.1/thumb/v7-m/nofp/libcr_eabihelpers.a(double.o)
                                                  /usr/local/mcuxpressoide-11.1.0_3209/ide/plugins/com.nxp.mcuxpresso.tools.linux_11.1.0.201909161352/tools/bin/../lib/gcc/arm-none-eabi/8.3.1/../../../../arm-none-eabi/lib/thumb/v7-m/nofp/libcr_c.a(fpprintf.o)
__aeabi_i2d                                       /usr/local/mcuxpressoide-11.1.0_3209/ide/plugins/com.nxp.mcuxpresso.tools.linux_11.1.0.201909161352/tools/bin/../lib/gcc/arm-none-eabi/8.3.1/thumb/v7-m/nofp/libcr_eabihelpers.a(double.o)
                                                  /usr/local/mcuxpressoide-11.1.0_3209/ide/plugins/com.nxp.mcuxpresso.tools.linux_11.1.0.201909161352/tools/bin/../lib/gcc/arm-none-eabi/8.3.1/../../../../arm-none-eabi/lib/thumb/v7-m/nofp/libcr_c.a(fpprintf.o)
__aeabi_idiv0                                     /usr/local/mcuxpressoide-11.1.0_3209/ide/plugins/com.nxp.mcuxpresso.tools.linux_11.1.0.201909161352/tools/bin/../lib/gcc/arm-none-eabi/8.3.1/thumb/v7-m/nofp/libcr_eabihelpers.a(division_idiv0.o)
                                                  /usr/local/mcuxpressoide-11.1.0_3209/ide/plugins/com.nxp.mcuxpresso.tools.linux_11.1.0.201909161352/tools/bin/../lib/gcc/arm-none-eabi/8.3.1/thumb/v7-m/nofp/libcr_eabihelpers.a(division_64.o)
__aeabi_l2d                                       /usr/local/mcuxpressoide-11.1.0_3209/ide/plugins/com.nxp.mcuxpresso.tools.linux_11.1.0.201909161352/tools/bin/../lib/gcc/arm-none-eabi/8.3.1/thumb/v7-m/nofp/libcr_eabihelpers.a(double.o)
__aeabi_ldivmod                                   /usr/local/mcuxpressoide-11.1.0_3209/ide/plugins/com.nxp.mcuxpresso.tools.linux_11.1.0.201909161352/tools/bin/../lib/gcc/arm-none-eabi/8.3.1/thumb/v7-m/nofp/libcr_eabihelpers.a(division_64.o)
                                                  /home/agustinoli/Documents/MCUXpresso/workspace/CMSISv2p00_LPC17xx/Debug/libCMSISv2p00_LPC17xx.a(system_LPC17xx.o)
__aeabi_lowlevel_memset                           /usr/local/mcuxpressoide-11.1.0_3209/ide/plugins/com.nxp.mcuxpresso.tools.linux_11.1.0.201909161352/tools/bin/../lib/gcc/arm-none-eabi/8.3.1/thumb/v7-m/nofp/libcr_eabihelpers.a(memcpy.o)
                                                  /usr/local/mcuxpressoide-11.1.0_3209/ide/plugins/com.nxp.mcuxpresso.tools.linux_11.1.0.201909161352/tools/bin/../lib/gcc/arm-none-eabi/8.3.1/../../../../arm-none-eabi/lib/thumb/v7-m/nofp/libcr_c.a(memset.o)
__aeabi_memclr                                    /usr/local/mcuxpressoide-11.1.0_3209/ide/plugins/com.nxp.mcuxpresso.tools.linux_11.1.0.201909161352/tools/bin/../lib/gcc/arm-none-eabi/8.3.1/thumb/v7-m/nofp/libcr_eabihelpers.a(memcpy.o)
__aeabi_memclr4                                   /usr/local/mcuxpressoide-11.1.0_3209/ide/plugins/com.nxp.mcuxpresso.tools.linux_11.1.0.201909161352/tools/bin/../lib/gcc/arm-none-eabi/8.3.1/thumb/v7-m/nofp/libcr_eabihelpers.a(memcpy.o)
__aeabi_memclr8                                   /usr/local/mcuxpressoide-11.1.0_3209/ide/plugins/com.nxp.mcuxpresso.tools.linux_11.1.0.201909161352/tools/bin/../lib/gcc/arm-none-eabi/8.3.1/thumb/v7-m/nofp/libcr_eabihelpers.a(memcpy.o)
__aeabi_memcpy                                    /usr/local/mcuxpressoide-11.1.0_3209/ide/plugins/com.nxp.mcuxpresso.tools.linux_11.1.0.201909161352/tools/bin/../lib/gcc/arm-none-eabi/8.3.1/thumb/v7-m/nofp/libcr_eabihelpers.a(memcpy.o)
                                                  /usr/local/mcuxpressoide-11.1.0_3209/ide/plugins/com.nxp.mcuxpresso.tools.linux_11.1.0.201909161352/tools/bin/../lib/gcc/arm-none-eabi/8.3.1/../../../../arm-none-eabi/lib/thumb/v7-m/nofp/libcr_c.a(memcpy.o)
__aeabi_memcpy4                                   /usr/local/mcuxpressoide-11.1.0_3209/ide/plugins/com.nxp.mcuxpresso.tools.linux_11.1.0.201909161352/tools/bin/../lib/gcc/arm-none-eabi/8.3.1/thumb/v7-m/nofp/libcr_eabihelpers.a(memcpy.o)
__aeabi_memcpy8                                   /usr/local/mcuxpressoide-11.1.0_3209/ide/plugins/com.nxp.mcuxpresso.tools.linux_11.1.0.201909161352/tools/bin/../lib/gcc/arm-none-eabi/8.3.1/thumb/v7-m/nofp/libcr_eabihelpers.a(memcpy.o)
__aeabi_memmove                                   /usr/local/mcuxpressoide-11.1.0_3209/ide/plugins/com.nxp.mcuxpresso.tools.linux_11.1.0.201909161352/tools/bin/../lib/gcc/arm-none-eabi/8.3.1/thumb/v7-m/nofp/libcr_eabihelpers.a(memcpy.o)
__aeabi_memmove4                                  /usr/local/mcuxpressoide-11.1.0_3209/ide/plugins/com.nxp.mcuxpresso.tools.linux_11.1.0.201909161352/tools/bin/../lib/gcc/arm-none-eabi/8.3.1/thumb/v7-m/nofp/libcr_eabihelpers.a(memcpy.o)
__aeabi_memmove8                                  /usr/local/mcuxpressoide-11.1.0_3209/ide/plugins/com.nxp.mcuxpresso.tools.linux_11.1.0.201909161352/tools/bin/../lib/gcc/arm-none-eabi/8.3.1/thumb/v7-m/nofp/libcr_eabihelpers.a(memcpy.o)
__aeabi_memset                                    /usr/local/mcuxpressoide-11.1.0_3209/ide/plugins/com.nxp.mcuxpresso.tools.linux_11.1.0.201909161352/tools/bin/../lib/gcc/arm-none-eabi/8.3.1/thumb/v7-m/nofp/libcr_eabihelpers.a(memcpy.o)
__aeabi_memset4                                   /usr/local/mcuxpressoide-11.1.0_3209/ide/plugins/com.nxp.mcuxpresso.tools.linux_11.1.0.201909161352/tools/bin/../lib/gcc/arm-none-eabi/8.3.1/thumb/v7-m/nofp/libcr_eabihelpers.a(memcpy.o)
__aeabi_memset8                                   /usr/local/mcuxpressoide-11.1.0_3209/ide/plugins/com.nxp.mcuxpresso.tools.linux_11.1.0.201909161352/tools/bin/../lib/gcc/arm-none-eabi/8.3.1/thumb/v7-m/nofp/libcr_eabihelpers.a(memcpy.o)
__aeabi_ui2d                                      /usr/local/mcuxpressoide-11.1.0_3209/ide/plugins/com.nxp.mcuxpresso.tools.linux_11.1.0.201909161352/tools/bin/../lib/gcc/arm-none-eabi/8.3.1/thumb/v7-m/nofp/libcr_eabihelpers.a(double.o)
__aeabi_ul2d                                      /usr/local/mcuxpressoide-11.1.0_3209/ide/plugins/com.nxp.mcuxpresso.tools.linux_11.1.0.201909161352/tools/bin/../lib/gcc/arm-none-eabi/8.3.1/thumb/v7-m/nofp/libcr_eabihelpers.a(double.o)
__aeabi_uldivmod                                  /usr/local/mcuxpressoide-11.1.0_3209/ide/plugins/com.nxp.mcuxpresso.tools.linux_11.1.0.201909161352/tools/bin/../lib/gcc/arm-none-eabi/8.3.1/thumb/v7-m/nofp/libcr_eabihelpers.a(division_64.o)
                                                  /home/agustinoli/Documents/MCUXpresso/workspace/CMSISv2p00_LPC17xx/Debug/libCMSISv2p00_LPC17xx.a(system_LPC17xx.o)
__bhs_ldivmod1                                    /usr/local/mcuxpressoide-11.1.0_3209/ide/plugins/com.nxp.mcuxpresso.tools.linux_11.1.0.201909161352/tools/bin/../lib/gcc/arm-none-eabi/8.3.1/thumb/v7-m/nofp/libcr_eabihelpers.a(division_64.o)
__bhs_ui2d                                        /usr/local/mcuxpressoide-11.1.0_3209/ide/plugins/com.nxp.mcuxpresso.tools.linux_11.1.0.201909161352/tools/bin/../lib/gcc/arm-none-eabi/8.3.1/thumb/v7-m/nofp/libcr_eabihelpers.a(double.o)
__bhs_ul2d                                        /usr/local/mcuxpressoide-11.1.0_3209/ide/plugins/com.nxp.mcuxpresso.tools.linux_11.1.0.201909161352/tools/bin/../lib/gcc/arm-none-eabi/8.3.1/thumb/v7-m/nofp/libcr_eabihelpers.a(double.o)
__bss_section_table_end                           ./src/cr_startup_lpc175x_6x_bkp.o
__check_heap_overflow                             /usr/local/mcuxpressoide-11.1.0_3209/ide/plugins/com.nxp.mcuxpresso.tools.linux_11.1.0.201909161352/tools/bin/../lib/gcc/arm-none-eabi/8.3.1/../../../../arm-none-eabi/lib/thumb/v7-m/nofp/libcr_c.a(_cr_check_heap.o)
                                                  /usr/local/mcuxpressoide-11.1.0_3209/ide/plugins/com.nxp.mcuxpresso.tools.linux_11.1.0.201909161352/tools/bin/../lib/gcc/arm-none-eabi/8.3.1/../../../../arm-none-eabi/lib/thumb/v7-m/nofp/libcr_c.a(_cr_sbrk.o)
__data_section_table                              ./src/cr_startup_lpc175x_6x_bkp.o
__data_section_table_end                          ./src/cr_startup_lpc175x_6x_bkp.o
__end_of_heap                                     /usr/local/mcuxpressoide-11.1.0_3209/ide/plugins/com.nxp.mcuxpresso.tools.linux_11.1.0.201909161352/tools/bin/../lib/gcc/arm-none-eabi/8.3.1/../../../../arm-none-eabi/lib/thumb/v7-m/nofp/libcr_c.a(__init_alloc.o)
                                                  /usr/local/mcuxpressoide-11.1.0_3209/ide/plugins/com.nxp.mcuxpresso.tools.linux_11.1.0.201909161352/tools/bin/../lib/gcc/arm-none-eabi/8.3.1/../../../../arm-none-eabi/lib/thumb/v7-m/nofp/libcr_c.a(_cr_sbrk.o)
__flsbuf                                          /usr/local/mcuxpressoide-11.1.0_3209/ide/plugins/com.nxp.mcuxpresso.tools.linux_11.1.0.201909161352/tools/bin/../lib/gcc/arm-none-eabi/8.3.1/../../../../arm-none-eabi/lib/thumb/v7-m/nofp/libcr_c.a(_deferredlazyseek.o)
                                                  /usr/local/mcuxpressoide-11.1.0_3209/ide/plugins/com.nxp.mcuxpresso.tools.linux_11.1.0.201909161352/tools/bin/../lib/gcc/arm-none-eabi/8.3.1/../../../../arm-none-eabi/lib/thumb/v7-m/nofp/libcr_c.a(printf.o)
                                                  /usr/local/mcuxpressoide-11.1.0_3209/ide/plugins/com.nxp.mcuxpresso.tools.linux_11.1.0.201909161352/tools/bin/../lib/gcc/arm-none-eabi/8.3.1/../../../../arm-none-eabi/lib/thumb/v7-m/nofp/libcr_c.a(fpprintf.o)
__heaps                                           /usr/local/mcuxpressoide-11.1.0_3209/ide/plugins/com.nxp.mcuxpresso.tools.linux_11.1.0.201909161352/tools/bin/../lib/gcc/arm-none-eabi/8.3.1/../../../../arm-none-eabi/lib/thumb/v7-m/nofp/libcr_c.a(__init_alloc.o)
                                                  /usr/local/mcuxpressoide-11.1.0_3209/ide/plugins/com.nxp.mcuxpresso.tools.linux_11.1.0.201909161352/tools/bin/../lib/gcc/arm-none-eabi/8.3.1/../../../../arm-none-eabi/lib/thumb/v7-m/nofp/libcr_c.a(alloc.o)
__main                                            /usr/local/mcuxpressoide-11.1.0_3209/ide/plugins/com.nxp.mcuxpresso.tools.linux_11.1.0.201909161352/tools/bin/../lib/gcc/arm-none-eabi/8.3.1/../../../../arm-none-eabi/lib/thumb/v7-m/nofp/libcr_c.a(__weak__main.o)
                                                  ./src/cr_startup_lpc175x_6x_bkp.o
__sys_appexit                                     /usr/local/mcuxpressoide-11.1.0_3209/ide/plugins/com.nxp.mcuxpresso.tools.linux_11.1.0.201909161352/tools/bin/../lib/gcc/arm-none-eabi/8.3.1/../../../../arm-none-eabi/lib/thumb/v7-m/nofp/libcr_c.a(alloc.o)
__sys_flen                                        /usr/local/mcuxpressoide-11.1.0_3209/ide/plugins/com.nxp.mcuxpresso.tools.linux_11.1.0.201909161352/tools/bin/../lib/gcc/arm-none-eabi/8.3.1/../../../../arm-none-eabi/lib/thumb/v7-m/nofp/libcr_c.a(fseek.o)
                                                  /usr/local/mcuxpressoide-11.1.0_3209/ide/plugins/com.nxp.mcuxpresso.tools.linux_11.1.0.201909161352/tools/bin/../lib/gcc/arm-none-eabi/8.3.1/../../../../arm-none-eabi/lib/thumb/v7-m/nofp/libcr_c.a(_writebuf.o)
__sys_istty                                       /usr/local/mcuxpressoide-11.1.0_3209/ide/plugins/com.nxp.mcuxpresso.tools.linux_11.1.0.201909161352/tools/bin/../lib/gcc/arm-none-eabi/8.3.1/../../../../arm-none-eabi/lib/thumb/v7-m/nofp/libcr_c.a(fseek.o)
                                                  /usr/local/mcuxpressoide-11.1.0_3209/ide/plugins/com.nxp.mcuxpresso.tools.linux_11.1.0.201909161352/tools/bin/../lib/gcc/arm-none-eabi/8.3.1/../../../../arm-none-eabi/lib/thumb/v7-m/nofp/libcr_c.a(_deferredlazyseek.o)
__sys_seek                                        /usr/local/mcuxpressoide-11.1.0_3209/ide/plugins/com.nxp.mcuxpresso.tools.linux_11.1.0.201909161352/tools/bin/../lib/gcc/arm-none-eabi/8.3.1/../../../../arm-none-eabi/lib/thumb/v7-m/nofp/libcr_c.a(_writebuf.o)
__sys_write                                       /usr/local/mcuxpressoide-11.1.0_3209/ide/plugins/com.nxp.mcuxpresso.tools.linux_11.1.0.201909161352/tools/bin/../lib/gcc/arm-none-eabi/8.3.1/../../../../arm-none-eabi/lib/thumb/v7-m/nofp/libcr_c.a(alloc.o)
                                                  /usr/local/mcuxpressoide-11.1.0_3209/ide/plugins/com.nxp.mcuxpresso.tools.linux_11.1.0.201909161352/tools/bin/../lib/gcc/arm-none-eabi/8.3.1/../../../../arm-none-eabi/lib/thumb/v7-m/nofp/libcr_c.a(_writebuf.o)
                                                  /usr/local/mcuxpressoide-11.1.0_3209/ide/plugins/com.nxp.mcuxpresso.tools.linux_11.1.0.201909161352/tools/bin/../lib/gcc/arm-none-eabi/8.3.1/../../../../arm-none-eabi/lib/thumb/v7-m/nofp/libcr_c.a(printf.o)
                                                  /usr/local/mcuxpressoide-11.1.0_3209/ide/plugins/com.nxp.mcuxpresso.tools.linux_11.1.0.201909161352/tools/bin/../lib/gcc/arm-none-eabi/8.3.1/../../../../arm-none-eabi/lib/thumb/v7-m/nofp/libcr_c.a(fpprintf.o)
__valid_user_code_checksum                        ./src/cr_startup_lpc175x_6x_bkp.o
__vfprintf                                        /usr/local/mcuxpressoide-11.1.0_3209/ide/plugins/com.nxp.mcuxpresso.tools.linux_11.1.0.201909161352/tools/bin/../lib/gcc/arm-none-eabi/8.3.1/../../../../arm-none-eabi/lib/thumb/v7-m/nofp/libcr_c.a(printf.o)
                                                  /usr/local/mcuxpressoide-11.1.0_3209/ide/plugins/com.nxp.mcuxpresso.tools.linux_11.1.0.201909161352/tools/bin/../lib/gcc/arm-none-eabi/8.3.1/../../../../arm-none-eabi/lib/thumb/v7-m/nofp/libcr_c.a(fpprintf.o)
__weak_main                                       /usr/local/mcuxpressoide-11.1.0_3209/ide/plugins/com.nxp.mcuxpresso.tools.linux_11.1.0.201909161352/tools/bin/../lib/gcc/arm-none-eabi/8.3.1/../../../../arm-none-eabi/lib/thumb/v7-m/nofp/libcr_c.a(__weak__main.o)
_deferredlazyseek                                 /usr/local/mcuxpressoide-11.1.0_3209/ide/plugins/com.nxp.mcuxpresso.tools.linux_11.1.0.201909161352/tools/bin/../lib/gcc/arm-none-eabi/8.3.1/../../../../arm-none-eabi/lib/thumb/v7-m/nofp/libcr_c.a(_deferredlazyseek.o)
_fflush                                           /usr/local/mcuxpressoide-11.1.0_3209/ide/plugins/com.nxp.mcuxpresso.tools.linux_11.1.0.201909161352/tools/bin/../lib/gcc/arm-none-eabi/8.3.1/../../../../arm-none-eabi/lib/thumb/v7-m/nofp/libcr_c.a(_fflush.o)
                                                  /usr/local/mcuxpressoide-11.1.0_3209/ide/plugins/com.nxp.mcuxpresso.tools.linux_11.1.0.201909161352/tools/bin/../lib/gcc/arm-none-eabi/8.3.1/../../../../arm-none-eabi/lib/thumb/v7-m/nofp/libcr_c.a(_deferredlazyseek.o)
_fprintf                                          /usr/local/mcuxpressoide-11.1.0_3209/ide/plugins/com.nxp.mcuxpresso.tools.linux_11.1.0.201909161352/tools/bin/../lib/gcc/arm-none-eabi/8.3.1/../../../../arm-none-eabi/lib/thumb/v7-m/nofp/libcr_c.a(printf.o)
_frexpl                                           /usr/local/mcuxpressoide-11.1.0_3209/ide/plugins/com.nxp.mcuxpresso.tools.linux_11.1.0.201909161352/tools/bin/../lib/gcc/arm-none-eabi/8.3.1/../../../../arm-none-eabi/lib/thumb/v7-m/nofp/libcr_c.a(_frexpl.o)
                                                  /usr/local/mcuxpressoide-11.1.0_3209/ide/plugins/com.nxp.mcuxpresso.tools.linux_11.1.0.201909161352/tools/bin/../lib/gcc/arm-none-eabi/8.3.1/../../../../arm-none-eabi/lib/thumb/v7-m/nofp/libcr_c.a(fpprintf.o)
_init_alloc                                       /usr/local/mcuxpressoide-11.1.0_3209/ide/plugins/com.nxp.mcuxpresso.tools.linux_11.1.0.201909161352/tools/bin/../lib/gcc/arm-none-eabi/8.3.1/../../../../arm-none-eabi/lib/thumb/v7-m/nofp/libcr_c.a(__init_alloc.o)
_ldexpl                                           /usr/local/mcuxpressoide-11.1.0_3209/ide/plugins/com.nxp.mcuxpresso.tools.linux_11.1.0.201909161352/tools/bin/../lib/gcc/arm-none-eabi/8.3.1/../../../../arm-none-eabi/lib/thumb/v7-m/nofp/libcr_c.a(_ldexpl.o)
                                                  /usr/local/mcuxpressoide-11.1.0_3209/ide/plugins/com.nxp.mcuxpresso.tools.linux_11.1.0.201909161352/tools/bin/../lib/gcc/arm-none-eabi/8.3.1/../../../../arm-none-eabi/lib/thumb/v7-m/nofp/libcr_c.a(fpprintf.o)
_printf                                           /usr/local/mcuxpressoide-11.1.0_3209/ide/plugins/com.nxp.mcuxpresso.tools.linux_11.1.0.201909161352/tools/bin/../lib/gcc/arm-none-eabi/8.3.1/../../../../arm-none-eabi/lib/thumb/v7-m/nofp/libcr_c.a(printf.o)
_printf_char                                      /usr/local/mcuxpressoide-11.1.0_3209/ide/plugins/com.nxp.mcuxpresso.tools.linux_11.1.0.201909161352/tools/bin/../lib/gcc/arm-none-eabi/8.3.1/../../../../arm-none-eabi/lib/thumb/v7-m/nofp/libcr_c.a(printf.o)
_pvHeapLimit                                      /usr/local/mcuxpressoide-11.1.0_3209/ide/plugins/com.nxp.mcuxpresso.tools.linux_11.1.0.201909161352/tools/bin/../lib/gcc/arm-none-eabi/8.3.1/../../../../arm-none-eabi/lib/thumb/v7-m/nofp/libcr_c.a(_cr_check_heap.o)
_pvHeapStart                                      /usr/local/mcuxpressoide-11.1.0_3209/ide/plugins/com.nxp.mcuxpresso.tools.linux_11.1.0.201909161352/tools/bin/../lib/gcc/arm-none-eabi/8.3.1/../../../../arm-none-eabi/lib/thumb/v7-m/nofp/libcr_c.a(_cr_sbrk.o)
_sbrk                                             /usr/local/mcuxpressoide-11.1.0_3209/ide/plugins/com.nxp.mcuxpresso.tools.linux_11.1.0.201909161352/tools/bin/../lib/gcc/arm-none-eabi/8.3.1/../../../../arm-none-eabi/lib/thumb/v7-m/nofp/libcr_c.a(_cr_sbrk.o)
                                                  /usr/local/mcuxpressoide-11.1.0_3209/ide/plugins/com.nxp.mcuxpresso.tools.linux_11.1.0.201909161352/tools/bin/../lib/gcc/arm-none-eabi/8.3.1/../../../../arm-none-eabi/lib/thumb/v7-m/nofp/libcr_c.a(alloc.o)
_snprintf                                         /usr/local/mcuxpressoide-11.1.0_3209/ide/plugins/com.nxp.mcuxpresso.tools.linux_11.1.0.201909161352/tools/bin/../lib/gcc/arm-none-eabi/8.3.1/../../../../arm-none-eabi/lib/thumb/v7-m/nofp/libcr_c.a(printf.o)
_sprintf                                          /usr/local/mcuxpressoide-11.1.0_3209/ide/plugins/com.nxp.mcuxpresso.tools.linux_11.1.0.201909161352/tools/bin/../lib/gcc/arm-none-eabi/8.3.1/../../../../arm-none-eabi/lib/thumb/v7-m/nofp/libcr_c.a(printf.o)
_vStackTop                                        ./src/cr_startup_lpc175x_6x_bkp.o
_vfprintf                                         /usr/local/mcuxpressoide-11.1.0_3209/ide/plugins/com.nxp.mcuxpresso.tools.linux_11.1.0.201909161352/tools/bin/../lib/gcc/arm-none-eabi/8.3.1/../../../../arm-none-eabi/lib/thumb/v7-m/nofp/libcr_c.a(printf.o)
_vprintf                                          /usr/local/mcuxpressoide-11.1.0_3209/ide/plugins/com.nxp.mcuxpresso.tools.linux_11.1.0.201909161352/tools/bin/../lib/gcc/arm-none-eabi/8.3.1/../../../../arm-none-eabi/lib/thumb/v7-m/nofp/libcr_c.a(printf.o)
_vsnprintf                                        /usr/local/mcuxpressoide-11.1.0_3209/ide/plugins/com.nxp.mcuxpresso.tools.linux_11.1.0.201909161352/tools/bin/../lib/gcc/arm-none-eabi/8.3.1/../../../../arm-none-eabi/lib/thumb/v7-m/nofp/libcr_c.a(printf.o)
_vsprintf                                         /usr/local/mcuxpressoide-11.1.0_3209/ide/plugins/com.nxp.mcuxpresso.tools.linux_11.1.0.201909161352/tools/bin/../lib/gcc/arm-none-eabi/8.3.1/../../../../arm-none-eabi/lib/thumb/v7-m/nofp/libcr_c.a(printf.o)
bss_init                                          ./src/cr_startup_lpc175x_6x_bkp.o
calloc                                            /usr/local/mcuxpressoide-11.1.0_3209/ide/plugins/com.nxp.mcuxpresso.tools.linux_11.1.0.201909161352/tools/bin/../lib/gcc/arm-none-eabi/8.3.1/../../../../arm-none-eabi/lib/thumb/v7-m/nofp/libcr_c.a(alloc.o)
data_init                                         ./src/cr_startup_lpc175x_6x_bkp.o
eTaskGetState                                     ./src/tasks.o
errno                                             /usr/local/mcuxpressoide-11.1.0_3209/ide/plugins/com.nxp.mcuxpresso.tools.linux_11.1.0.201909161352/tools/bin/../lib/gcc/arm-none-eabi/8.3.1/../../../../arm-none-eabi/lib/thumb/v7-m/nofp/libcr_c.a(errno.o)
                                                  /usr/local/mcuxpressoide-11.1.0_3209/ide/plugins/com.nxp.mcuxpresso.tools.linux_11.1.0.201909161352/tools/bin/../lib/gcc/arm-none-eabi/8.3.1/../../../../arm-none-eabi/lib/thumb/v7-m/nofp/libcr_c.a(_cr_sbrk.o)
                                                  /usr/local/mcuxpressoide-11.1.0_3209/ide/plugins/com.nxp.mcuxpresso.tools.linux_11.1.0.201909161352/tools/bin/../lib/gcc/arm-none-eabi/8.3.1/../../../../arm-none-eabi/lib/thumb/v7-m/nofp/libcr_c.a(ftell.o)
                                                  /usr/local/mcuxpressoide-11.1.0_3209/ide/plugins/com.nxp.mcuxpresso.tools.linux_11.1.0.201909161352/tools/bin/../lib/gcc/arm-none-eabi/8.3.1/../../../../arm-none-eabi/lib/thumb/v7-m/nofp/libcr_c.a(_ldexpl.o)
fprintf                                           /usr/local/mcuxpressoide-11.1.0_3209/ide/plugins/com.nxp.mcuxpresso.tools.linux_11.1.0.201909161352/tools/bin/../lib/gcc/arm-none-eabi/8.3.1/../../../../arm-none-eabi/lib/thumb/v7-m/nofp/libcr_c.a(fpprintf.o)
free                                              /usr/local/mcuxpressoide-11.1.0_3209/ide/plugins/com.nxp.mcuxpresso.tools.linux_11.1.0.201909161352/tools/bin/../lib/gcc/arm-none-eabi/8.3.1/../../../../arm-none-eabi/lib/thumb/v7-m/nofp/libcr_c.a(alloc.o)
                                                  /usr/local/mcuxpressoide-11.1.0_3209/ide/plugins/com.nxp.mcuxpresso.tools.linux_11.1.0.201909161352/tools/bin/../lib/gcc/arm-none-eabi/8.3.1/../../../../arm-none-eabi/lib/thumb/v7-m/nofp/libcr_c.a(printf.o)
                                                  /usr/local/mcuxpressoide-11.1.0_3209/ide/plugins/com.nxp.mcuxpresso.tools.linux_11.1.0.201909161352/tools/bin/../lib/gcc/arm-none-eabi/8.3.1/../../../../arm-none-eabi/lib/thumb/v7-m/nofp/libcr_c.a(fpprintf.o)