Archive member included to satisfy reference by file (symbol)

/home/agustinoli/Documents/MCUXpresso/workspace/CMSISv2p00_LPC17xx/Debug/libCMSISv2p00_LPC17xx.a(system_LPC17xx.o)
                              ./src/cr_startup_lpc175x_6x_bkp.o (SystemInit)
/home/agustinoli/Documents/MCUXpresso/workspace/CMSISv2p00_LPC17xx/Debug/libCMSISv2p00_LPC17xx.a(lpc17xx_gpio.o)
                              ./src/tp4_olivaarias_p2.o (GPIO_SetDir)
/home/agustinoli/Documents/MCUXpresso/workspace/CMSISv2p00_LPC17xx/Debug/libCMSISv2p00_LPC17xx.a(lpc17xx_pinsel.o)
                              ./src/tp4_olivaarias_p2.o (PINSEL_ConfigPin)
/home/agustinoli/Documents/MCUXpresso/workspace/CMSISv2p00_LPC17xx/Debug/libCMSISv2p00_LPC17xx.a(lpc17xx_uart.o)
                              ./src/tp4_olivaarias_p2.o (UART_Init)
/home/agustinoli/Documents/MCUXpresso/workspace/CMSISv2p00_LPC17xx/Debug/libCMSISv2p00_LPC17xx.a(lpc17xx_clkpwr.o)
                              /home/agustinoli/Documents/MCUXpresso/workspace/CMSISv2p00_LPC17xx/Debug/libCMSISv2p00_LPC17xx.a(lpc17xx_uart.o) (CLKPWR_GetPCLK)
/home/agustinoli/Documents/MCUXpresso/workspace/CMSISv2p00_LPC17xx/Debug/libCMSISv2p00_LPC17xx.a(lpc17xx_libcfg_default.o)
                              /home/agustinoli/Documents/MCUXpresso/workspace/CMSISv2p00_LPC17xx/Debug/libCMSISv2p00_LPC17xx.a(lpc17xx_uart.o) (check_failed)
/usr/local/mcuxpressoide-11.1.0_3209/ide/plugins/com.nxp.mcuxpresso.tools.linux_11.1.0.201909161352/tools/bin/../lib/gcc/arm-none-eabi/8.3.1/../../../../arm-none-eabi/lib/thumb/v7-m/nofp/libcr_c.a(memcpy.o)
                              ./src/queue.o (memcpy)
/usr/local/mcuxpressoide-11.1.0_3209/ide/plugins/com.nxp.mcuxpresso.tools.linux_11.1.0.201909161352/tools/bin/../lib/gcc/arm-none-eabi/8.3.1/../../../../arm-none-eabi/lib/thumb/v7-m/nofp/libcr_c.a(memset.o)
                              ./src/tasks.o (memset)
/usr/local/mcuxpressoide-11.1.0_3209/ide/plugins/com.nxp.mcuxpresso.tools.linux_11.1.0.201909161352/tools/bin/../lib/gcc/arm-none-eabi/8.3.1/../../../../arm-none-eabi/lib/thumb/v7-m/nofp/libcr_c.a(__weak__main.o)
                              ./src/cr_startup_lpc175x_6x_bkp.o (__main)
/usr/local/mcuxpressoide-11.1.0_3209/ide/plugins/com.nxp.mcuxpresso.tools.linux_11.1.0.201909161352/tools/bin/../lib/gcc/arm-none-eabi/8.3.1/../../../../arm-none-eabi/lib/thumb/v7-m/nofp/libcr_c.a(stdlib.o)
                              ./src/tp4_olivaarias_p2.o (rand)
/usr/local/mcuxpressoide-11.1.0_3209/ide/plugins/com.nxp.mcuxpresso.tools.linux_11.1.0.201909161352/tools/bin/../lib/gcc/arm-none-eabi/8.3.1/../../../../arm-none-eabi/lib/thumb/v7-m/nofp/libcr_c.a(strcpy.o)
                              ./src/tasks.o (strcpy)
/usr/local/mcuxpressoide-11.1.0_3209/ide/plugins/com.nxp.mcuxpresso.tools.linux_11.1.0.201909161352/tools/bin/../lib/gcc/arm-none-eabi/8.3.1/../../../../arm-none-eabi/lib/thumb/v7-m/nofp/libcr_c.a(strlen.o)
                              ./src/tasks.o (strlen)
/usr/local/mcuxpressoide-11.1.0_3209/ide/plugins/com.nxp.mcuxpresso.tools.linux_11.1.0.201909161352/tools/bin/../lib/gcc/arm-none-eabi/8.3.1/../../../../arm-none-eabi/lib/thumb/v7-m/nofp/libcr_c.a(strncmp.o)
                              ./src/trcSnapshotRecorder.o (strncmp)
/usr/local/mcuxpressoide-11.1.0_3209/ide/plugins/com.nxp.mcuxpresso.tools.linux_11.1.0.201909161352/tools/bin/../lib/gcc/arm-none-eabi/8.3.1/../../../../arm-none-eabi/lib/thumb/v7-m/nofp/libcr_c.a(initio.o)
                              /usr/local/mcuxpressoide-11.1.0_3209/ide/plugins/com.nxp.mcuxpresso.tools.linux_11.1.0.201909161352/tools/bin/../lib/gcc/arm-none-eabi/8.3.1/../../../../arm-none-eabi/lib/thumb/v7-m/nofp/libcr_c.a(stdlib.o) (_terminateio)
/usr/local/mcuxpressoide-11.1.0_3209/ide/plugins/com.nxp.mcuxpresso.tools.linux_11.1.0.201909161352/tools/bin/../lib/gcc/arm-none-eabi/8.3.1/../../../../arm-none-eabi/lib/thumb/v7-m/nofp/libcr_c.a(raise.o)
                              /usr/local/mcuxpressoide-11.1.0_3209/ide/plugins/com.nxp.mcuxpresso.tools.linux_11.1.0.201909161352/tools/bin/../lib/gcc/arm-none-eabi/8.3.1/../../../../arm-none-eabi/lib/thumb/v7-m/nofp/libcr_c.a(stdlib.o) (raise)
/usr/local/mcuxpressoide-11.1.0_3209/ide/plugins/com.nxp.mcuxpresso.tools.linux_11.1.0.201909161352/tools/bin/../lib/gcc/arm-none-eabi/8.3.1/../../../../arm-none-eabi/lib/thumb/v7-m/nofp/libcr_c.a(setvbuf.o)
                              /usr/local/mcuxpressoide-11.1.0_3209/ide/plugins/com.nxp.mcuxpresso.tools.linux_11.1.0.201909161352/tools/bin/../lib/gcc/arm-none-eabi/8.3.1/../../../../arm-none-eabi/lib/thumb/v7-m/nofp/libcr_c.a(initio.o) (setvbuf)
/usr/local/mcuxpressoide-11.1.0_3209/ide/plugins/com.nxp.mcuxpresso.tools.linux_11.1.0.201909161352/tools/bin/../lib/gcc/arm-none-eabi/8.3.1/../../../../arm-none-eabi/lib/thumb/v7-m/nofp/libcr_c.a(_fdopen.o)
[...]
Memory Configuration

Name             Origin             Length             Attributes
MFlash512        0x0000000000000000 0x0000000000080000 xr
RamLoc32         0x0000000010000000 0x0000000000008000 xrw
RamAHB32         0x000000002007c000 0x0000000000008000 xrw
*default*        0x0000000000000000 0xffffffffffffffff

Linker script and memory map

LOAD ./src/cr_startup_lpc175x_6x_bkp.o
LOAD ./src/heap_4.o
LOAD ./src/list.o
LOAD ./src/port.o
LOAD ./src/printf-stdarg.o
LOAD ./src/queue.o
LOAD ./src/tasks.o
LOAD ./src/timers.o
LOAD ./src/tp4_olivaarias_p2.o
LOAD ./src/trcKernelPort.o
LOAD ./src/trcSnapshotRecorder.o
LOAD ./src/trcStreamingRecorder.o
LOAD /home/agustinoli/Documents/MCUXpresso/workspace/CMSISv2p00_LPC17xx/Debug/libCMSISv2p00_LPC17xx.a
START GROUP
LOAD /usr/local/mcuxpressoide-11.1.0_3209/ide/plugins/com.nxp.mcuxpresso.tools.linux_11.1.0.201909161352/tools/bin/../lib/gcc/arm-none-eabi/8.3.1/../../../../arm-none-eabi/lib/thumb/v7-m/nofp/libcr_c.a
LOAD /usr/local/mcuxpressoide-11.1.0_3209/ide/plugins/com.nxp.mcuxpresso.tools.linux_11.1.0.201909161352/tools/bin/../lib/gcc/arm-none-eabi/8.3.1/thumb/v7-m/nofp/libcr_eabihelpers.a
LOAD /usr/local/mcuxpressoide-11.1.0_3209/ide/plugins/com.nxp.mcuxpresso.tools.linux_11.1.0.201909161352/tools/bin/../lib/gcc/arm-none-eabi/8.3.1/thumb/v7-m/nofp/libgcc.a
END GROUP
                0x0000000000000000                __base_MFlash512 = 0x0
                0x0000000000000000                __base_Flash = 0x0
                0x0000000000080000                __top_MFlash512 = 0x80000
                0x0000000000080000                __top_Flash = 0x80000
                0x0000000010000000                __base_RamLoc32 = 0x10000000
                0x0000000010000000                __base_RAM = 0x10000000
                0x0000000010008000                __top_RamLoc32 = 0x10008000
                0x0000000010008000                __top_RAM = 0x10008000
                0x000000002007c000                __base_RamAHB32 = 0x2007c000
                0x000000002007c000                __base_RAM2 = 0x2007c000
                0x0000000020084000                __top_RamAHB32 = 0x20084000
                0x0000000020084000                __top_RAM2 = 0x20084000

.text           0x0000000000000000     0x6790
 FILL mask 0xff
                0x0000000000000000                __vectors_start__ = ABSOLUTE (.)
 *(.isr_vector)
 .isr_vector    0x0000000000000000       0xcc ./src/cr_startup_lpc175x_6x_bkp.o
                0x0000000000000000                g_pfnVectors
                0x00000000000000cc                . = ALIGN (0x4)
                0x00000000000000cc                __section_table_start = .
                0x00000000000000cc                __data_section_table = .
                0x00000000000000cc        0x4 LONG 0x6790 LOADADDR (.data)
                0x00000000000000d0        0x4 LONG 0x10000000 ADDR (.data)
                0x00000000000000d4        0x4 LONG 0xf8 SIZEOF (.data)
                0x00000000000000d8        0x4 LONG 0x6790 LOADADDR (.data_RAM2)
                0x00000000000000dc        0x4 LONG 0x2007c000 ADDR (.data_RAM2)
                0x00000000000000e0        0x4 LONG 0x0 SIZEOF (.data_RAM2)
                0x00000000000000e4                __data_section_table_end = .
                0x00000000000000e4                __bss_section_table = .
                0x00000000000000e4        0x4 LONG 0x100000f8 ADDR (.bss)
                0x00000000000000e8        0x4 LONG 0x6720 SIZEOF (.bss)
                0x00000000000000ec        0x4 LONG 0x2007c000 ADDR (.bss_RAM2)
                0x00000000000000f0        0x4 LONG 0x0 SIZEOF (.bss_RAM2)
                0x00000000000000f4                __bss_section_table_end = .
                0x00000000000000f4                __section_table_end = .
 *(.after_vectors*)
 .after_vectors
                0x00000000000000f4      0x12c ./src/cr_startup_lpc175x_6x_bkp.o
                0x00000000000000f4                data_init
                0x0000000000000136                bss_init
                0x000000000000016c                ResetISR
                0x00000000000001e4                NMI_Handler
                0x00000000000001ea                HardFault_Handler
                0x00000000000001f0                MemManage_Handler
                0x00000000000001f6                BusFault_Handler
                0x00000000000001fc                UsageFault_Handler
                0x0000000000000208                DebugMon_Handler
                0x000000000000021a                TIMER2_IRQHandler
                0x000000000000021a                RIT_IRQHandler
                0x000000000000021a                I2C0_IRQHandler
                0x000000000000021a                USBActivity_IRQHandler
                0x000000000000021a                PWM1_IRQHandler
                0x000000000000021a                I2C1_IRQHandler
                0x000000000000021a                EINT2_IRQHandler
                0x000000000000021a                UART1_IRQHandler
                0x000000000000021a                EINT3_IRQHandler
                0x000000000000021a                CANActivity_IRQHandler
                0x000000000000021a                TIMER3_IRQHandler
                0x000000000000021a                UART0_IRQHandler
                0x000000000000021a                IntDefaultHandler
                0x000000000000021a                PLL0_IRQHandler
                0x000000000000021a                CAN_IRQHandler
                0x000000000000021a                PLL1_IRQHandler
                0x000000000000021a                SSP0_IRQHandler
                0x000000000000021a                I2S_IRQHandler
                0x000000000000021a                I2C2_IRQHandler
                0x000000000000021a                RTC_IRQHandler
                0x000000000000021a                TIMER0_IRQHandler
                0x000000000000021a                SPI_IRQHandler
                0x000000000000021a                EINT1_IRQHandler
                0x000000000000021a                TIMER1_IRQHandler
                0x000000000000021a                UART2_IRQHandler
                0x000000000000021a                ADC_IRQHandler
                0x000000000000021a                SSP1_IRQHandler
                0x000000000000021a                USB_IRQHandler
                0x000000000000021a                BOD_IRQHandler
                0x000000000000021a                WDT_IRQHandler
                0x000000000000021a                QEI_IRQHandler
                0x000000000000021a                EINT0_IRQHandler
                0x000000000000021a                DMA_IRQHandler
                0x000000000000021a                UART3_IRQHandler
                0x000000000000021a                MCPWM_IRQHandler
                0x000000000000021a                ENET_IRQHandler
 *(.text*)
 .text.pvPortMalloc
                0x0000000000000220      0x154 ./src/heap_4.o
                0x0000000000000220                pvPortMalloc
 .text.vPortFree
                0x0000000000000374       0x90 ./src/heap_4.o
                0x0000000000000374                vPortFree
 .text.prvHeapInit
                0x0000000000000404       0xc4 ./src/heap_4.o
 .text.prvInsertBlockIntoFreeList
                0x00000000000004c8       0xb0 ./src/heap_4.o
 .text.vListInitialise
                0x0000000000000578       0x3e ./src/list.o
                0x0000000000000578                vListInitialise
 .text.vListInitialiseItem
                0x00000000000005b6       0x18 ./src/list.o
                0x00000000000005b6                vListInitialiseItem
 .text.vListInsertEnd
                0x00000000000005ce       0x46 ./src/list.o
                0x00000000000005ce                vListInsertEnd
 .text.vListInsert
                0x0000000000000614       0x70 ./src/list.o
                0x0000000000000614                vListInsert
 .text.uxListRemove
                0x0000000000000684       0x52 ./src/list.o
                0x0000000000000684                uxListRemove
 *fill*         0x00000000000006d6        0x2 ff
 .text.pxPortInitialiseStack
                0x00000000000006d8       0x58 ./src/port.o
                0x00000000000006d8                pxPortInitialiseStack
 .text.prvTaskExitError
                0x0000000000000730       0x2e ./src/port.o
 *fill*         0x000000000000075e        0x2 ff
 .text.SVC_Handler
                0x0000000000000760       0x28 ./src/port.o
                0x0000000000000760                SVC_Handler
 .text.prvPortStartFirstTask
                0x0000000000000788       0x20 ./src/port.o
 .text.xPortStartScheduler
                0x00000000000007a8       0x40 ./src/port.o
                0x00000000000007a8                xPortStartScheduler
 .text.vPortEnterCritical
                0x00000000000007e8       0x30 ./src/port.o
                0x00000000000007e8                vPortEnterCritical
 .text.vPortExitCritical
                0x0000000000000818       0x30 ./src/port.o
                0x0000000000000818                vPortExitCritical
 *fill*         0x0000000000000848        0x8 ff
 .text.PendSV_Handler
                0x0000000000000850       0x48 ./src/port.o
                0x0000000000000850                PendSV_Handler
 .text.SysTick_Handler
                0x0000000000000898       0x40 ./src/port.o
                0x0000000000000898                SysTick_Handler
 .text.vPortSetupTimerInterrupt
                0x00000000000008d8       0x34 ./src/port.o
                0x00000000000008d8                vPortSetupTimerInterrupt
 .text.printchar
                0x000000000000090c       0x2e ./src/printf-stdarg.o
 .text.prints   0x000000000000093a       0xb0 ./src/printf-stdarg.o
 .text.printi   0x00000000000009ea       0xd8 ./src/printf-stdarg.o
 *fill*         0x0000000000000ac2        0x2 ff
 .text.print    0x0000000000000ac4      0x1c8 ./src/printf-stdarg.o
 .text.sprintf  0x0000000000000c8c       0x2c ./src/printf-stdarg.o
                0x0000000000000c8c                sprintf
 .text.xQueueGenericReset
                0x0000000000000cb8       0xb4 ./src/queue.o
                0x0000000000000cb8                xQueueGenericReset
 .text.xQueueGenericCreate
                0x0000000000000d6c       0x88 ./src/queue.o
                0x0000000000000d6c                xQueueGenericCreate
 .text.prvInitialiseNewQueue
                0x0000000000000df4      0x128 ./src/queue.o
 .text.xQueueGenericSend
                0x0000000000000f1c      0x374 ./src/queue.o
                0x0000000000000f1c                xQueueGenericSend
 .text.xQueueReceive
                0x0000000000001290      0x390 ./src/queue.o
                0x0000000000001290                xQueueReceive
 .text.uxQueueGetQueueNumber
                0x0000000000001620       0x16 ./src/queue.o
                0x0000000000001620                uxQueueGetQueueNumber
 .text.vQueueSetQueueNumber
                0x0000000000001636       0x1a ./src/queue.o
                0x0000000000001636                vQueueSetQueueNumber
 .text.ucQueueGetQueueType
                0x0000000000001650       0x18 ./src/queue.o
                0x0000000000001650                ucQueueGetQueueType
 .text.prvCopyDataToQueue
                0x0000000000001668       0xd4 ./src/queue.o
 .text.prvCopyDataFromQueue
                0x000000000000173c       0x4c ./src/queue.o
 .text.prvUnlockQueue
                0x0000000000001788       0xa4 ./src/queue.o
 .text.prvIsQueueEmpty
                0x000000000000182c       0x2c ./src/queue.o
 .text.prvIsQueueFull
                0x0000000000001858       0x30 ./src/queue.o
 .text.xTaskCreate
                0x0000000000001888       0x82 ./src/tasks.o
                0x0000000000001888                xTaskCreate
 .text.prvInitialiseNewTask
                0x000000000000190a      0x104 ./src/tasks.o
 *fill*         0x0000000000001a0e        0x2 ff
 .text.prvAddNewTaskToReadyList
                0x0000000000001a10      0x17c ./src/tasks.o
 .text.vTaskDelayUntil
                0x0000000000001b8c      0x110 ./src/tasks.o
                0x0000000000001b8c                vTaskDelayUntil
 .text.vTaskDelay
                0x0000000000001c9c       0xb8 ./src/tasks.o
                0x0000000000001c9c                vTaskDelay
 .text.vTaskStartScheduler
                0x0000000000001d54       0xb8 ./src/tasks.o
                0x0000000000001d54                vTaskStartScheduler
 .text.vTaskSuspendAll
                0x0000000000001e0c       0x1c ./src/tasks.o
                0x0000000000001e0c                vTaskSuspendAll
 .text.xTaskResumeAll
                0x0000000000001e28      0x11c ./src/tasks.o
                0x0000000000001e28                xTaskResumeAll
 .text.xTaskGetTickCount
                0x0000000000001f44       0x1c ./src/tasks.o
                0x0000000000001f44                xTaskGetTickCount
 .text.xTaskIncrementTick
                0x0000000000001f60      0x188 ./src/tasks.o
                0x0000000000001f60                xTaskIncrementTick
 .text.vTaskSwitchContext
                0x00000000000020e8      0x158 ./src/tasks.o
                0x00000000000020e8                vTaskSwitchContext
 .text.vTaskPlaceOnEventList
                0x0000000000002240       0x2c ./src/tasks.o
                0x0000000000002240                vTaskPlaceOnEventList
 .text.xTaskRemoveFromEventList
                0x000000000000226c       0xa8 ./src/tasks.o
                0x000000000000226c                xTaskRemoveFromEventList
 .text.vTaskInternalSetTimeOutState
                0x0000000000002314       0x2c ./src/tasks.o
                0x0000000000002314                vTaskInternalSetTimeOutState
 .text.xTaskCheckForTimeOut
                0x0000000000002340       0x8c ./src/tasks.o
                0x0000000000002340                xTaskCheckForTimeOut
 .text.vTaskMissedYield
                0x00000000000023cc       0x18 ./src/tasks.o
                0x00000000000023cc                vTaskMissedYield
 .text.uxTaskGetTaskNumber
                0x00000000000023e4       0x2a ./src/tasks.o
                0x00000000000023e4                uxTaskGetTaskNumber
 .text.vTaskSetTaskNumber
                0x000000000000240e       0x24 ./src/tasks.o
                0x000000000000240e                vTaskSetTaskNumber
 .text.prvIdleTask
                0x0000000000002432        0xe ./src/tasks.o
 .text.prvInitialiseTaskLists
                0x0000000000002440       0x80 ./src/tasks.o
 .text.prvCheckTasksWaitingTermination
                0x00000000000024c0       0x58 ./src/tasks.o
 .text.prvDeleteTCB
                0x0000000000002518       0x20 ./src/tasks.o
 .text.prvResetNextTaskUnblockTime
                0x0000000000002538       0x40 ./src/tasks.o
 .text.xTaskGetCurrentTaskHandle
                0x0000000000002578       0x1c ./src/tasks.o
                0x0000000000002578                xTaskGetCurrentTaskHandle
 .text.xTaskPriorityDisinherit
                0x0000000000002594      0x124 ./src/tasks.o
                0x0000000000002594                xTaskPriorityDisinherit
 .text.prvAddCurrentTaskToDelayedList
                0x00000000000026b8       0xcc ./src/tasks.o
 .text.main     0x0000000000002784       0xa0 ./src/tp4_olivaarias_p2.o
                0x0000000000002784                main
 .text.vTaskSensor
                0x0000000000002824       0x94 ./src/tp4_olivaarias_p2.o
 .text.vTaskUsuario
                0x00000000000028b8      0x100 ./src/tp4_olivaarias_p2.o
 .text.vTaskTx  0x00000000000029b8      0x118 ./src/tp4_olivaarias_p2.o
 .text.vApplicationStackOverflowHook
                0x0000000000002ad0       0x28 ./src/tp4_olivaarias_p2.o
                0x0000000000002ad0                vApplicationStackOverflowHook
 .text.vApplicationTickHook
                0x0000000000002af8        0xc ./src/tp4_olivaarias_p2.o
                0x0000000000002af8                vApplicationTickHook
 .text.vConfigureTimerForRunTimeStats
                0x0000000000002b04       0x68 ./src/tp4_olivaarias_p2.o
                0x0000000000002b04                vConfigureTimerForRunTimeStats
 .text.vPinsel_config
                0x0000000000002b6c       0x5e ./src/tp4_olivaarias_p2.o
                0x0000000000002b6c                vPinsel_config
 *fill*         0x0000000000002bca        0x2 ff
 .text.vUart_config
                0x0000000000002bcc       0x58 ./src/tp4_olivaarias_p2.o
                0x0000000000002bcc                vUart_config
 .text.prvTraceGetQueueNumber
                0x0000000000002c24       0x18 ./src/trcKernelPort.o
                0x0000000000002c24                prvTraceGetQueueNumber
 .text.prvTraceGetQueueType
                0x0000000000002c3c       0x18 ./src/trcKernelPort.o
                0x0000000000002c3c                prvTraceGetQueueType
 .text.prvTraceGetTaskNumberLow16
                0x0000000000002c54       0x1a ./src/trcKernelPort.o
                0x0000000000002c54                prvTraceGetTaskNumberLow16
 .text.prvTraceGetTaskNumberHigh16
                0x0000000000002c6e       0x1c ./src/trcKernelPort.o
                0x0000000000002c6e                prvTraceGetTaskNumberHigh16
 .text.prvTraceSetTaskNumberLow16
                0x0000000000002c8a       0x2c ./src/trcKernelPort.o
                0x0000000000002c8a                prvTraceSetTaskNumberLow16
 .text.prvTraceSetTaskNumberHigh16
                0x0000000000002cb6       0x2c ./src/trcKernelPort.o
                0x0000000000002cb6                prvTraceSetTaskNumberHigh16
 .text.prvTraceGetQueueNumberLow16
                0x0000000000002ce2       0x1a ./src/trcKernelPort.o
                0x0000000000002ce2                prvTraceGetQueueNumberLow16
 .text.prvTraceGetQueueNumberHigh16
                0x0000000000002cfc       0x1c ./src/trcKernelPort.o
                0x0000000000002cfc                prvTraceGetQueueNumberHigh16
 .text.prvTraceSetQueueNumberLow16
                0x0000000000002d18       0x2c ./src/trcKernelPort.o
                0x0000000000002d18                prvTraceSetQueueNumberLow16
 .text.prvTraceSetQueueNumberHigh16
                0x0000000000002d44       0x2c ./src/trcKernelPort.o
                0x0000000000002d44                prvTraceSetQueueNumberHigh16
 .text.prvTraceGetCurrentTaskHandle
                0x0000000000002d70        0xe ./src/trcKernelPort.o
                0x0000000000002d70                prvTraceGetCurrentTaskHandle
 *fill*         0x0000000000002d7e        0x2 ff
 .text.vTraceEnable
                0x0000000000002d80       0x44 ./src/trcKernelPort.o
                0x0000000000002d80                vTraceEnable
 .text.vTraceInitObjectPropertyTable
                0x0000000000002dc4      0x198 ./src/trcKernelPort.o
                0x0000000000002dc4                vTraceInitObjectPropertyTable
 .text.vTraceInitObjectHandleStack
                0x0000000000002f5c       0xc4 ./src/trcKernelPort.o
                0x0000000000002f5c                vTraceInitObjectHandleStack
 .text.pszTraceGetErrorNotEnoughHandles
                0x0000000000003020       0x94 ./src/trcKernelPort.o
                0x0000000000003020                pszTraceGetErrorNotEnoughHandles
 .text.uiTraceStart
                0x00000000000030b4       0xdc ./src/trcSnapshotRecorder.o
                0x00000000000030b4                uiTraceStart
 .text.vTraceStart
                0x0000000000003190        0xc ./src/trcSnapshotRecorder.o
                0x0000000000003190                vTraceStart
 .text.vTraceStop
                0x000000000000319c       0x30 ./src/trcSnapshotRecorder.o
                0x000000000000319c                vTraceStop
 .text.writeInt8
                0x00000000000031cc       0x50 ./src/trcSnapshotRecorder.o
 .text.writeInt16
                0x000000000000321c       0x74 ./src/trcSnapshotRecorder.o
 .text.writeInt32
                0x0000000000003290       0x70 ./src/trcSnapshotRecorder.o
 .text.prvTraceUserEventFormat
                0x0000000000003300      0x308 ./src/trcSnapshotRecorder.o
 .text.vTracePrintF
                0x0000000000003608       0x2c ./src/trcSnapshotRecorder.o
                0x0000000000003608                vTracePrintF
 .text.vTraceVPrintF
                0x0000000000003634      0x1a4 ./src/trcSnapshotRecorder.o
                0x0000000000003634                vTraceVPrintF
 .text.vTracePrint
                0x00000000000037d8       0x9c ./src/trcSnapshotRecorder.o
                0x00000000000037d8                vTracePrint
 .text.xTraceRegisterString
                0x0000000000003874       0x48 ./src/trcSnapshotRecorder.o
                0x0000000000003874                xTraceRegisterString
 .text.vTraceStoreMemMangEvent
                0x00000000000038bc      0x118 ./src/trcSnapshotRecorder.o
                0x00000000000038bc                vTraceStoreMemMangEvent
 .text.prvTraceStoreKernelCall
                0x00000000000039d4       0xf8 ./src/trcSnapshotRecorder.o
                0x00000000000039d4                prvTraceStoreKernelCall
 .text.prvTraceStoreKernelCallWithParam
                0x0000000000003acc      0x110 ./src/trcSnapshotRecorder.o
                0x0000000000003acc                prvTraceStoreKernelCallWithParam
 .text.prvTraceGetParam
                0x0000000000003bdc       0x78 ./src/trcSnapshotRecorder.o
 .text.prvTraceStoreKernelCallWithNumericParamOnly
                0x0000000000003c54       0xc8 ./src/trcSnapshotRecorder.o
                0x0000000000003c54                prvTraceStoreKernelCallWithNumericParamOnly
 .text.prvTraceStoreTaskswitch
                0x0000000000003d1c       0xd8 ./src/trcSnapshotRecorder.o
                0x0000000000003d1c                prvTraceStoreTaskswitch
 .text.prvTraceSetPriorityProperty
                0x0000000000003df4       0x78 ./src/trcSnapshotRecorder.o
                0x0000000000003df4                prvTraceSetPriorityProperty
 .text.prvTraceGetPriorityProperty
                0x0000000000003e6c       0x7c ./src/trcSnapshotRecorder.o
                0x0000000000003e6c                prvTraceGetPriorityProperty
 .text.prvTraceSetObjectState
                0x0000000000003ee8       0x78 ./src/trcSnapshotRecorder.o
                0x0000000000003ee8                prvTraceSetObjectState
 .text.prvTraceGetObjectState
                0x0000000000003f60       0x78 ./src/trcSnapshotRecorder.o
 .text.prvTraceSetTaskInstanceFinished
                0x0000000000003fd8       0x54 ./src/trcSnapshotRecorder.o
                0x0000000000003fd8                prvTraceSetTaskInstanceFinished
 .text.prvTraceInitTraceData
                0x000000000000402c      0x22c ./src/trcSnapshotRecorder.o
                0x000000000000402c                prvTraceInitTraceData
 .text.prvTraceNextFreeEventBufferSlot
                0x0000000000004258       0x48 ./src/trcSnapshotRecorder.o
 .text.uiIndexOfObject
                0x00000000000042a0       0xb0 ./src/trcSnapshotRecorder.o
                0x00000000000042a0                uiIndexOfObject
 .text.prvTraceGetObjectHandle
                0x0000000000004350      0x158 ./src/trcSnapshotRecorder.o
                0x0000000000004350                prvTraceGetObjectHandle
 .text.prvMarkObjectAsUsed
                0x00000000000044a8       0x3c ./src/trcSnapshotRecorder.o
                0x00000000000044a8                prvMarkObjectAsUsed
 .text.prvStrncpy
                0x00000000000044e4       0x4a ./src/trcSnapshotRecorder.o
 *fill*         0x000000000000452e        0x2 ff
 .text.prvTraceSetObjectName
                0x0000000000004530       0xbc ./src/trcSnapshotRecorder.o
                0x0000000000004530                prvTraceSetObjectName
 .text.prvTraceOpenSymbol
                0x00000000000045ec       0xa0 ./src/trcSnapshotRecorder.o
 .text.prvTraceError
                0x000000000000468c       0x58 ./src/trcSnapshotRecorder.o
                0x000000000000468c                prvTraceError
 .text.prvCheckDataToBeOverwrittenForMultiEntryEvents
                0x00000000000046e4      0x114 ./src/trcSnapshotRecorder.o
 .text.prvTraceUpdateCounters
                0x00000000000047f8       0x50 ./src/trcSnapshotRecorder.o
 .text.prvTraceGetDTS
                0x0000000000004848      0x1ac ./src/trcSnapshotRecorder.o
 .text.prvTraceLookupSymbolTableEntry
                0x00000000000049f4       0xf8 ./src/trcSnapshotRecorder.o
 .text.prvTraceCreateSymbolTableEntry
                0x0000000000004aec      0x17c ./src/trcSnapshotRecorder.o
 .text.prvTraceGetChecksum
                0x0000000000004c68       0x8c ./src/trcSnapshotRecorder.o
 .text.prvTraceInitCortexM
                0x0000000000004cf4       0x6c ./src/trcSnapshotRecorder.o
                0x0000000000004cf4                prvTraceInitCortexM
 .text.prvTracePortGetTimeStamp
                0x0000000000004d60       0x94 ./src/trcSnapshotRecorder.o
                0x0000000000004d60                prvTracePortGetTimeStamp
 .text.SystemInit
                0x0000000000004df4       0xdc /home/agustinoli/Documents/MCUXpresso/workspace/CMSISv2p00_LPC17xx/Debug/libCMSISv2p00_LPC17xx.a(system_LPC17xx.o)
                0x0000000000004df4                SystemInit
 .text.GPIO_SetDir
                0x0000000000004ed0       0x24 /home/agustinoli/Documents/MCUXpresso/workspace/CMSISv2p00_LPC17xx/Debug/libCMSISv2p00_LPC17xx.a(lpc17xx_gpio.o)
                0x0000000000004ed0                GPIO_SetDir
 .text.PINSEL_ConfigPin
                0x0000000000004ef4       0x7c /home/agustinoli/Documents/MCUXpresso/workspace/CMSISv2p00_LPC17xx/Debug/libCMSISv2p00_LPC17xx.a(lpc17xx_pinsel.o)
                0x0000000000004ef4                PINSEL_ConfigPin
 .text.UART_Init
                0x0000000000004f70      0x294 /home/agustinoli/Documents/MCUXpresso/workspace/CMSISv2p00_LPC17xx/Debug/libCMSISv2p00_LPC17xx.a(lpc17xx_uart.o)
                0x0000000000004f70                UART_Init
 .text.UART_ConfigStructInit
                0x0000000000005204       0x12 /home/agustinoli/Documents/MCUXpresso/workspace/CMSISv2p00_LPC17xx/Debug/libCMSISv2p00_LPC17xx.a(lpc17xx_uart.o)
                0x0000000000005204                UART_ConfigStructInit
 *fill*         0x0000000000005216        0x2 ff
 .text.UART_SendByte
                0x0000000000005218       0x3c /home/agustinoli/Documents/MCUXpresso/workspace/CMSISv2p00_LPC17xx/Debug/libCMSISv2p00_LPC17xx.a(lpc17xx_uart.o)
                0x0000000000005218                UART_SendByte
 .text.UART_Send.part.0
                0x0000000000005254       0x4e /home/agustinoli/Documents/MCUXpresso/workspace/CMSISv2p00_LPC17xx/Debug/libCMSISv2p00_LPC17xx.a(lpc17xx_uart.o)
 .text.UART_Send
                0x00000000000052a2       0x4c /home/agustinoli/Documents/MCUXpresso/workspace/CMSISv2p00_LPC17xx/Debug/libCMSISv2p00_LPC17xx.a(lpc17xx_uart.o)
                0x00000000000052a2                UART_Send
 *fill*         0x00000000000052ee        0x2 ff
 .text.UART_IntConfig
                0x00000000000052f0       0xc4 /home/agustinoli/Documents/MCUXpresso/workspace/CMSISv2p00_LPC17xx/Debug/libCMSISv2p00_LPC17xx.a(lpc17xx_uart.o)
                0x00000000000052f0                UART_IntConfig
 .text.UART_FIFOConfig
                0x00000000000053b4       0xa8 /home/agustinoli/Documents/MCUXpresso/workspace/CMSISv2p00_LPC17xx/Debug/libCMSISv2p00_LPC17xx.a(lpc17xx_uart.o)
                0x00000000000053b4                UART_FIFOConfig
 .text.UART_FIFOConfigStructInit
                0x000000000000545c        0xe /home/agustinoli/Documents/MCUXpresso/workspace/CMSISv2p00_LPC17xx/Debug/libCMSISv2p00_LPC17xx.a(lpc17xx_uart.o)
                0x000000000000545c                UART_FIFOConfigStructInit
 *fill*         0x000000000000546a        0x2 ff
 .text.UART_TxCmd
                0x000000000000546c       0x60 /home/agustinoli/Documents/MCUXpresso/workspace/CMSISv2p00_LPC17xx/Debug/libCMSISv2p00_LPC17xx.a(lpc17xx_uart.o)
                0x000000000000546c                UART_TxCmd
 .text.CLKPWR_GetPCLKSEL
                0x00000000000054cc       0x20 /home/agustinoli/Documents/MCUXpresso/workspace/CMSISv2p00_LPC17xx/Debug/libCMSISv2p00_LPC17xx.a(lpc17xx_clkpwr.o)
                0x00000000000054cc                CLKPWR_GetPCLKSEL
 .text.CLKPWR_GetPCLK
                0x00000000000054ec       0x20 /home/agustinoli/Documents/MCUXpresso/workspace/CMSISv2p00_LPC17xx/Debug/libCMSISv2p00_LPC17xx.a(lpc17xx_clkpwr.o)
                0x00000000000054ec                CLKPWR_GetPCLK
 .text.CLKPWR_ConfigPPWR
                0x000000000000550c       0x34 /home/agustinoli/Documents/MCUXpresso/workspace/CMSISv2p00_LPC17xx/Debug/libCMSISv2p00_LPC17xx.a(lpc17xx_clkpwr.o)
                0x000000000000550c                CLKPWR_ConfigPPWR
 .text.check_failed
                0x0000000000005540        0x2 /home/agustinoli/Documents/MCUXpresso/workspace/CMSISv2p00_LPC17xx/Debug/libCMSISv2p00_LPC17xx.a(lpc17xx_libcfg_default.o)
                0x0000000000005540                check_failed
 .text.memcpy   0x0000000000005542        0x4 /usr/local/mcuxpressoide-11.1.0_3209/ide/plugins/com.nxp.mcuxpresso.tools.linux_11.1.0.201909161352/tools/bin/../lib/gcc/arm-none-eabi/8.3.1/../../../../arm-none-eabi/lib/thumb/v7-m/nofp/libcr_c.a(memcpy.o)
                0x0000000000005542                memcpy
 .text.memset   0x0000000000005546        0x4 /usr/local/mcuxpressoide-11.1.0_3209/ide/plugins/com.nxp.mcuxpresso.tools.linux_11.1.0.201909161352/tools/bin/../lib/gcc/arm-none-eabi/8.3.1/../../../../arm-none-eabi/lib/thumb/v7-m/nofp/libcr_c.a(memset.o)
                0x0000000000005546                memset
 .text.__weak_main
                0x000000000000554a        0x4 /usr/local/mcuxpressoide-11.1.0_3209/ide/plugins/com.nxp.mcuxpresso.tools.linux_11.1.0.201909161352/tools/bin/../lib/gcc/arm-none-eabi/8.3.1/../../../../arm-none-eabi/lib/thumb/v7-m/nofp/libcr_c.a(__weak__main.o)
                0x000000000000554a                __main
                0x000000000000554a                __weak_main
 *fill*         0x000000000000554e        0x2 ff
 .text.rand     0x0000000000005550       0x48 /usr/local/mcuxpressoide-11.1.0_3209/ide/plugins/com.nxp.mcuxpresso.tools.linux_11.1.0.201909161352/tools/bin/../lib/gcc/arm-none-eabi/8.3.1/../../../../arm-none-eabi/lib/thumb/v7-m/nofp/libcr_c.a(stdlib.o)
                0x0000000000005550                rand
 .text.srand    0x0000000000005598       0x40 /usr/local/mcuxpressoide-11.1.0_3209/ide/plugins/com.nxp.mcuxpresso.tools.linux_11.1.0.201909161352/tools/bin/../lib/gcc/arm-none-eabi/8.3.1/../../../../arm-none-eabi/lib/thumb/v7-m/nofp/libcr_c.a(stdlib.o)
                0x0000000000005598                srand
 .text.strncmp  0x00000000000055d8       0x56 /usr/local/mcuxpressoide-11.1.0_3209/ide/plugins/com.nxp.mcuxpresso.tools.linux_11.1.0.201909161352/tools/bin/../lib/gcc/arm-none-eabi/8.3.1/../../../../arm-none-eabi/lib/thumb/v7-m/nofp/libcr_c.a(strncmp.o)
                0x00000000000055d8                strncmp
 .text.__aeabi_d2uiz
                0x000000000000562e       0x32 /usr/local/mcuxpressoide-11.1.0_3209/ide/plugins/com.nxp.mcuxpresso.tools.linux_11.1.0.201909161352/tools/bin/../lib/gcc/arm-none-eabi/8.3.1/thumb/v7-m/nofp/libcr_eabihelpers.a(double.o)
                0x000000000000562e                __aeabi_d2uiz
 .text.__aeabi_memcpy
                0x0000000000005660       0x34 /usr/local/mcuxpressoide-11.1.0_3209/ide/plugins/com.nxp.mcuxpresso.tools.linux_11.1.0.201909161352/tools/bin/../lib/gcc/arm-none-eabi/8.3.1/thumb/v7-m/nofp/libcr_eabihelpers.a(memcpy.o)
                0x0000000000005660                __aeabi_memcpy
                0x000000000000566a                __aeabi_memcpy4
                0x000000000000566a                __aeabi_memcpy8
 .text.__aeabi_memset_lowlevel
                0x0000000000005694       0x32 /usr/local/mcuxpressoide-11.1.0_3209/ide/plugins/com.nxp.mcuxpresso.tools.linux_11.1.0.201909161352/tools/bin/../lib/gcc/arm-none-eabi/8.3.1/thumb/v7-m/nofp/libcr_eabihelpers.a(memcpy.o)
                0x0000000000005694                __aeabi_lowlevel_memset
 *(.rodata .rodata.* .constdata .constdata.*)
 *fill*         0x00000000000056c6        0x2 ff
 .rodata.print.str1.4
                0x00000000000056c8        0x7 ./src/printf-stdarg.o
 *fill*         0x00000000000056cf        0x1 ff
 .rodata.vTaskStartScheduler.str1.4
                0x00000000000056d0        0x5 ./src/tasks.o
 *fill*         0x00000000000056d5        0x3 ff
 .rodata.main.str1.4
                0x00000000000056d8       0x15 ./src/tp4_olivaarias_p2.o
 *fill*         0x00000000000056ed        0x3 ff
 .rodata.vTaskSensor.str1.4
                0x00000000000056f0       0x34 ./src/tp4_olivaarias_p2.o
 .rodata.vTaskUsuario.str1.4
                0x0000000000005724        0x8 ./src/tp4_olivaarias_p2.o
 .rodata.vTaskTx.str1.4
                0x000000000000572c       0x3f ./src/tp4_olivaarias_p2.o
 *fill*         0x000000000000576b        0x1 ff
 .rodata.vApplicationStackOverflowHook.str1.4
                0x000000000000576c       0x19 ./src/tp4_olivaarias_p2.o
 *fill*         0x0000000000005785        0x3 ff
 .rodata.vTraceEnable.str1.4
                0x0000000000005788       0x74 ./src/trcKernelPort.o
 .rodata.pszTraceGetErrorNotEnoughHandles.str1.4
                0x00000000000057fc      0x2fe ./src/trcKernelPort.o
 *fill*         0x0000000000005afa        0x2 ff
 .rodata.uiTraceStart.str1.4
                0x0000000000005afc       0x4e ./src/trcSnapshotRecorder.o
 *fill*         0x0000000000005b4a        0x2 ff
 .rodata.writeInt8.str1.4
                0x0000000000005b4c       0x28 ./src/trcSnapshotRecorder.o
 .rodata.writeInt16.str1.4
                0x0000000000005b74       0x29 ./src/trcSnapshotRecorder.o
 *fill*         0x0000000000005b9d        0x3 ff
 .rodata.writeInt32.str1.4
                0x0000000000005ba0       0x29 ./src/trcSnapshotRecorder.o
 *fill*         0x0000000000005bc9        0x3 ff
 .rodata.prvTraceUserEventFormat.str1.4
                0x0000000000005bcc       0x6d ./src/trcSnapshotRecorder.o
 *fill*         0x0000000000005c39        0x3 ff
 .rodata.vTraceVPrintF.str1.4
                0x0000000000005c3c       0x2f ./src/trcSnapshotRecorder.o
 *fill*         0x0000000000005c6b        0x1 ff
 .rodata.xTraceRegisterString.str1.4
                0x0000000000005c6c       0x77 ./src/trcSnapshotRecorder.o
 *fill*         0x0000000000005ce3        0x1 ff
 .rodata.prvTraceStoreKernelCall.str1.4
                0x0000000000005ce4       0xfd ./src/trcSnapshotRecorder.o
 *fill*         0x0000000000005de1        0x3 ff
 .rodata.prvTraceStoreKernelCallWithParam.str1.4
                0x0000000000005de4      0x115 ./src/trcSnapshotRecorder.o
 *fill*         0x0000000000005ef9        0x3 ff
 .rodata.prvTraceGetParam.str1.4
                0x0000000000005efc       0x3c ./src/trcSnapshotRecorder.o
 .rodata.prvTraceStoreKernelCallWithNumericParamOnly.str1.4
                0x0000000000005f38       0x8d ./src/trcSnapshotRecorder.o
 *fill*         0x0000000000005fc5        0x3 ff
 .rodata.prvTraceStoreTaskswitch.str1.4
                0x0000000000005fc8       0x45 ./src/trcSnapshotRecorder.o
 *fill*         0x000000000000600d        0x3 ff
 .rodata.prvTraceSetPriorityProperty.str1.4
                0x0000000000006010       0x8c ./src/trcSnapshotRecorder.o
 .rodata.prvTraceGetPriorityProperty.str1.4
                0x000000000000609c       0x8c ./src/trcSnapshotRecorder.o
 .rodata.prvTraceSetObjectState.str1.4
                0x0000000000006128       0x7f ./src/trcSnapshotRecorder.o
 *fill*         0x00000000000061a7        0x1 ff
 .rodata.prvTraceGetObjectState.str1.4
                0x00000000000061a8       0x7f ./src/trcSnapshotRecorder.o
 *fill*         0x0000000000006227        0x1 ff
 .rodata.prvTraceSetTaskInstanceFinished.str1.4
                0x0000000000006228       0x48 ./src/trcSnapshotRecorder.o
 .rodata.prvTraceInitTraceData.str1.4
                0x0000000000006270       0x14 ./src/trcSnapshotRecorder.o
 .rodata.prvTraceNextFreeEventBufferSlot.str1.4
                0x0000000000006284       0x27 ./src/trcSnapshotRecorder.o
 *fill*         0x00000000000062ab        0x1 ff
 .rodata.uiIndexOfObject.str1.4
                0x00000000000062ac       0xc0 ./src/trcSnapshotRecorder.o
 .rodata.prvTraceGetObjectHandle.str1.4
                0x000000000000636c       0x45 ./src/trcSnapshotRecorder.o
 *fill*         0x00000000000063b1        0x3 ff
 .rodata.prvTraceSetObjectName.str1.4
                0x00000000000063b4       0x91 ./src/trcSnapshotRecorder.o
 *fill*         0x0000000000006445        0x3 ff
 .rodata.prvTraceOpenSymbol.str1.4
                0x0000000000006448       0x2f ./src/trcSnapshotRecorder.o
 *fill*         0x0000000000006477        0x1 ff
 .rodata.prvCheckDataToBeOverwrittenForMultiEntryEvents.str1.4
                0x0000000000006478       0x55 ./src/trcSnapshotRecorder.o
 *fill*         0x00000000000064cd        0x3 ff
 .rodata.prvTraceGetDTS.str1.4
                0x00000000000064d0       0x63 ./src/trcSnapshotRecorder.o
 *fill*         0x0000000000006533        0x1 ff
 .rodata.prvTraceLookupSymbolTableEntry.str1.4
                0x0000000000006534       0x73 ./src/trcSnapshotRecorder.o
 *fill*         0x00000000000065a7        0x1 ff
 .rodata.prvTraceCreateSymbolTableEntry.str1.4
                0x00000000000065a8       0xb9 ./src/trcSnapshotRecorder.o
 *fill*         0x0000000000006661        0x3 ff
 .rodata.prvTraceGetChecksum.str1.4
                0x0000000000006664       0x97 ./src/trcSnapshotRecorder.o
 *fill*         0x00000000000066fb        0x1 ff
 .rodata.prvTraceInitCortexM.str1.4
                0x00000000000066fc       0x58 ./src/trcSnapshotRecorder.o
 .rodata.CSWTCH.6
                0x0000000000006754       0x14 /home/agustinoli/Documents/MCUXpresso/workspace/CMSISv2p00_LPC17xx/Debug/libCMSISv2p00_LPC17xx.a(lpc17xx_gpio.o)
 .rodata.CSWTCH.20
                0x0000000000006768        0xe /home/agustinoli/Documents/MCUXpresso/workspace/CMSISv2p00_LPC17xx/Debug/libCMSISv2p00_LPC17xx.a(lpc17xx_uart.o)
 .rodata.CSWTCH.21
                0x0000000000006776        0x3 /home/agustinoli/Documents/MCUXpresso/workspace/CMSISv2p00_LPC17xx/Debug/libCMSISv2p00_LPC17xx.a(lpc17xx_uart.o)
 .rodata.UART_Init.str1.1
                0x0000000000006779       0x10 /home/agustinoli/Documents/MCUXpresso/workspace/CMSISv2p00_LPC17xx/Debug/libCMSISv2p00_LPC17xx.a(lpc17xx_uart.o)
 .rodata.CSWTCH.1
                0x0000000000006789        0x4 /home/agustinoli/Documents/MCUXpresso/workspace/CMSISv2p00_LPC17xx/Debug/libCMSISv2p00_LPC17xx.a(lpc17xx_clkpwr.o)
                0x0000000000006790                . = ALIGN (0x4)
 *fill*         0x000000000000678d        0x3 ff

.glue_7         0x0000000000006790        0x0
 .glue_7        0x0000000000006790        0x0 linker stubs

.glue_7t        0x0000000000006790        0x0
 .glue_7t       0x0000000000006790        0x0 linker stubs

.vfp11_veneer   0x0000000000006790        0x0
 .vfp11_veneer  0x0000000000006790        0x0 linker stubs

.v4_bx          0x0000000000006790        0x0
 .v4_bx         0x0000000000006790        0x0 linker stubs

.iplt           0x0000000000006790        0x0
 .iplt          0x0000000000006790        0x0 ./src/cr_startup_lpc175x_6x_bkp.o

.rel.dyn        0x0000000000006790        0x0
 .rel.iplt      0x0000000000006790        0x0 ./src/cr_startup_lpc175x_6x_bkp.o

.ARM.extab
 *(.ARM.extab* .gnu.linkonce.armextab.*)
                0x0000000000006790                __exidx_start = .

.ARM.exidx
 *(.ARM.exidx* .gnu.linkonce.armexidx.*)
                0x0000000000006790                __exidx_end = .
                0x0000000000006790                _etext = .

.data_RAM2      0x000000002007c000        0x0 load address 0x0000000000006790
 FILL mask 0xff
                [!provide]                        PROVIDE (__start_data_RAM2 = .)
                [!provide]                        PROVIDE (__start_data_RamAHB32 = .)
 *(.ramfunc.$RAM2)
 *(.ramfunc.$RamAHB32)
 *(.data.$RAM2)
 *(.data.$RamAHB32)
 *(.data.$RAM2.*)
 *(.data.$RamAHB32.*)
                0x000000002007c000                . = ALIGN (0x4)
                [!provide]                        PROVIDE (__end_data_RAM2 = .)
                [!provide]                        PROVIDE (__end_data_RamAHB32 = .)

.uninit_RESERVED
                0x0000000010000000        0x0
                0x0000000010000000                _start_uninit_RESERVED = .
 *(.bss.$RESERVED*)
                0x0000000010000000                . = ALIGN (0x4)
                0x0000000010000000                _end_uninit_RESERVED = .

.data           0x0000000010000000       0xf8 load address 0x0000000000006790
 FILL mask 0xff
                0x0000000010000000                _data = .
                [!provide]                        PROVIDE (__start_data_RAM = .)
                [!provide]                        PROVIDE (__start_data_RamLoc32 = .)
 *(vtable)
 *(.ramfunc*)
 *(CodeQuickAccess)
 *(DataQuickAccess)
 *(RamFunction)
 *(.data*)
 .data.uxCriticalNesting
                0x0000000010000000        0x4 ./src/port.o
 .data.TraceQueueClassTable
                0x0000000010000004        0x5 ./src/trcKernelPort.o
                0x0000000010000004                TraceQueueClassTable
 *fill*         0x0000000010000009        0x1 ff
 .data.CurrentFilterMask
                0x000000001000000a        0x2 ./src/trcSnapshotRecorder.o
                0x000000001000000a                CurrentFilterMask
 .data.CurrentFilterGroup
                0x000000001000000c        0x2 ./src/trcSnapshotRecorder.o
                0x000000001000000c                CurrentFilterGroup
 *fill*         0x000000001000000e        0x2 ff
 .data.SystemCoreClock
                0x0000000010000010        0x4 /home/agustinoli/Documents/MCUXpresso/workspace/CMSISv2p00_LPC17xx/Debug/libCMSISv2p00_LPC17xx.a(system_LPC17xx.o)
                0x0000000010000010                SystemCoreClock
 .data._random_j
                0x0000000010000014        0x4 /usr/local/mcuxpressoide-11.1.0_3209/ide/plugins/com.nxp.mcuxpresso.tools.linux_11.1.0.201909161352/tools/bin/../lib/gcc/arm-none-eabi/8.3.1/../../../../arm-none-eabi/lib/thumb/v7-m/nofp/libcr_c.a(stdlib.o)
 .data._random_k
                0x0000000010000018        0x4 /usr/local/mcuxpressoide-11.1.0_3209/ide/plugins/com.nxp.mcuxpresso.tools.linux_11.1.0.201909161352/tools/bin/../lib/gcc/arm-none-eabi/8.3.1/../../../../arm-none-eabi/lib/thumb/v7-m/nofp/libcr_c.a(stdlib.o)
 .data._random_number_seed
                0x000000001000001c       0xdc /usr/local/mcuxpressoide-11.1.0_3209/ide/plugins/com.nxp.mcuxpresso.tools.linux_11.1.0.201909161352/tools/bin/../lib/gcc/arm-none-eabi/8.3.1/../../../../arm-none-eabi/lib/thumb/v7-m/nofp/libcr_c.a(stdlib.o)
                0x00000000100000f8                . = ALIGN (0x4)
                0x00000000100000f8                _edata = .
                [!provide]                        PROVIDE (__end_data_RAM = .)
                [!provide]                        PROVIDE (__end_data_RamLoc32 = .)

.igot.plt       0x00000000100000f8        0x0 load address 0x0000000000006888
 .igot.plt      0x00000000100000f8        0x0 ./src/cr_startup_lpc175x_6x_bkp.o

.bss_RAM2       0x000000002007c000        0x0
                [!provide]                        PROVIDE (__start_bss_RAM2 = .)
                [!provide]                        PROVIDE (__start_bss_RamAHB32 = .)
 *(.bss.$RAM2)
 *(.bss.$RamAHB32)
 *(.bss.$RAM2.*)
 *(.bss.$RamAHB32.*)
                0x000000002007c000                . = ALIGN ((. != 0x0)?0x4:0x1)
                [!provide]                        PROVIDE (__end_bss_RAM2 = .)
                [!provide]                        PROVIDE (__end_bss_RamAHB32 = .)

.bss            0x00000000100000f8     0x6720
                0x00000000100000f8                _bss = .
                [!provide]                        PROVIDE (__start_bss_RAM = .)
                [!provide]                        PROVIDE (__start_bss_RamLoc32 = .)
 *(.bss*)
 .bss.ucHeap    0x00000000100000f8     0x4c00 ./src/heap_4.o
 .bss.xStart    0x0000000010004cf8        0x8 ./src/heap_4.o
 .bss.pxEnd     0x0000000010004d00        0x4 ./src/heap_4.o
 .bss.xFreeBytesRemaining
                0x0000000010004d04        0x4 ./src/heap_4.o
 .bss.xMinimumEverFreeBytesRemaining
                0x0000000010004d08        0x4 ./src/heap_4.o
 .bss.xNumberOfSuccessfulAllocations
                0x0000000010004d0c        0x4 ./src/heap_4.o
 .bss.xNumberOfSuccessfulFrees
                0x0000000010004d10        0x4 ./src/heap_4.o
 .bss.xBlockAllocatedBit
                0x0000000010004d14        0x4 ./src/heap_4.o
 .bss.pxCurrentTCB
                0x0000000010004d18        0x4 ./src/tasks.o
                0x0000000010004d18                pxCurrentTCB
 .bss.pxReadyTasksLists
                0x0000000010004d1c       0x64 ./src/tasks.o
 .bss.xDelayedTaskList1
                0x0000000010004d80       0x14 ./src/tasks.o
 .bss.xDelayedTaskList2
                0x0000000010004d94       0x14 ./src/tasks.o
 .bss.pxDelayedTaskList
                0x0000000010004da8        0x4 ./src/tasks.o
 .bss.pxOverflowDelayedTaskList
                0x0000000010004dac        0x4 ./src/tasks.o
 .bss.xPendingReadyList
                0x0000000010004db0       0x14 ./src/tasks.o
 .bss.xTasksWaitingTermination
                0x0000000010004dc4       0x14 ./src/tasks.o
 .bss.uxDeletedTasksWaitingCleanUp
                0x0000000010004dd8        0x4 ./src/tasks.o
 .bss.xSuspendedTaskList
                0x0000000010004ddc       0x14 ./src/tasks.o
 .bss.uxCurrentNumberOfTasks
                0x0000000010004df0        0x4 ./src/tasks.o
 .bss.xTickCount
                0x0000000010004df4        0x4 ./src/tasks.o
 .bss.uxTopReadyPriority
                0x0000000010004df8        0x4 ./src/tasks.o
 .bss.xSchedulerRunning
                0x0000000010004dfc        0x4 ./src/tasks.o
 .bss.xPendedTicks
                0x0000000010004e00        0x4 ./src/tasks.o
 .bss.xYieldPending
                0x0000000010004e04        0x4 ./src/tasks.o
 .bss.xNumOfOverflows
                0x0000000010004e08        0x4 ./src/tasks.o
 .bss.uxTaskNumber
                0x0000000010004e0c        0x4 ./src/tasks.o
 .bss.xNextTaskUnblockTime
                0x0000000010004e10        0x4 ./src/tasks.o
 .bss.xIdleTaskHandle
                0x0000000010004e14        0x4 ./src/tasks.o
 .bss.uxSchedulerSuspended
                0x0000000010004e18        0x4 ./src/tasks.o
 .bss.ulTaskSwitchedInTime
                0x0000000010004e1c        0x4 ./src/tasks.o
 .bss.ulTotalRunTime
                0x0000000010004e20        0x4 ./src/tasks.o
 .bss.xQueue    0x0000000010004e24        0x4 ./src/tp4_olivaarias_p2.o
                0x0000000010004e24                xQueue
 .bss.logger    0x0000000010004e28        0x2 ./src/tp4_olivaarias_p2.o
                0x0000000010004e28                logger
 *fill*         0x0000000010004e2a        0x2 
 .bss.uiTraceTickCount
                0x0000000010004e2c        0x4 ./src/trcSnapshotRecorder.o
                0x0000000010004e2c                uiTraceTickCount
 .bss.trace_disable_timestamp
                0x0000000010004e30        0x4 ./src/trcSnapshotRecorder.o
                0x0000000010004e30                trace_disable_timestamp
 .bss.last_timestamp
                0x0000000010004e34        0x4 ./src/trcSnapshotRecorder.o
 .bss.uiTraceSystemState
                0x0000000010004e38        0x4 ./src/trcSnapshotRecorder.o
                0x0000000010004e38                uiTraceSystemState
 .bss.recorder_busy
                0x0000000010004e3c        0x4 ./src/trcSnapshotRecorder.o
                0x0000000010004e3c                recorder_busy
 .bss.timestampFrequency
                0x0000000010004e40        0x4 ./src/trcSnapshotRecorder.o
                0x0000000010004e40                timestampFrequency
 .bss.traceErrorMessage
                0x0000000010004e44        0x4 ./src/trcSnapshotRecorder.o
                0x0000000010004e44                traceErrorMessage
 .bss.handle_of_last_logged_task
                0x0000000010004e48        0x1 ./src/trcSnapshotRecorder.o
                0x0000000010004e48                handle_of_last_logged_task
 *fill*         0x0000000010004e49        0x3 
 .bss.vTraceStopHookPtr
                0x0000000010004e4c        0x4 ./src/trcSnapshotRecorder.o
                0x0000000010004e4c                vTraceStopHookPtr
 .bss.heapMemUsage
                0x0000000010004e50        0x4 ./src/trcSnapshotRecorder.o
 .bss.objectHandleStacks
                0x0000000010004e54       0x8e ./src/trcSnapshotRecorder.o
                0x0000000010004e54                objectHandleStacks
 *fill*         0x0000000010004ee2        0x2 
 .bss.init_hwtc_count
                0x0000000010004ee4        0x4 ./src/trcSnapshotRecorder.o
                0x0000000010004ee4                init_hwtc_count
 .bss.RecorderData
                0x0000000010004ee8     0x1918 ./src/trcSnapshotRecorder.o
                0x0000000010004ee8                RecorderData
 .bss.RecorderDataPtr
                0x0000000010006800        0x4 ./src/trcSnapshotRecorder.o
                0x0000000010006800                RecorderDataPtr
 .bss.indexOfHandle.5799
                0x0000000010006804        0x4 ./src/trcSnapshotRecorder.o
 .bss.idx.5826  0x0000000010006808        0x2 ./src/trcSnapshotRecorder.o
 *fill*         0x000000001000680a        0x2 
 .bss.old_timestamp.5862
                0x000000001000680c        0x4 ./src/trcSnapshotRecorder.o
 .bss.last_hwtc_count.5900
                0x0000000010006810        0x4 ./src/trcSnapshotRecorder.o
 .bss.last_hwtc_rest.5902
                0x0000000010006814        0x4 ./src/trcSnapshotRecorder.o
 *(COMMON)
                0x0000000010006818                . = ALIGN (0x4)
                0x0000000010006818                _ebss = .
                [!provide]                        PROVIDE (__end_bss_RAM = .)
                [!provide]                        PROVIDE (__end_bss_RamLoc32 = .)
                [!provide]                        PROVIDE (end = .)

.noinit_RAM2    0x000000002007c000        0x0
                [!provide]                        PROVIDE (__start_noinit_RAM2 = .)
                [!provide]                        PROVIDE (__start_noinit_RamAHB32 = .)
 *(.noinit.$RAM2)
 *(.noinit.$RamAHB32)
 *(.noinit.$RAM2.*)
 *(.noinit.$RamAHB32.*)
                0x000000002007c000                . = ALIGN (0x4)
                [!provide]                        PROVIDE (__end_noinit_RAM2 = .)
                [!provide]                        PROVIDE (__end_noinit_RamAHB32 = .)

.noinit         0x0000000010006818        0x0
                0x0000000010006818                _noinit = .
                [!provide]                        PROVIDE (__start_noinit_RAM = .)
                [!provide]                        PROVIDE (__start_noinit_RamLoc32 = .)
 *(.noinit*)
                0x0000000010006818                . = ALIGN (0x4)
                0x0000000010006818                _end_noinit = .
                [!provide]                        PROVIDE (__end_noinit_RAM = .)
                [!provide]                        PROVIDE (__end_noinit_RamLoc32 = .)
                0x0000000010006818                PROVIDE (_pvHeapStart = DEFINED (__user_heap_base)?__user_heap_base:.)
                0x0000000010008000                PROVIDE (_vStackTop = DEFINED (__user_stack_top)?__user_stack_top:(__top_RamLoc32 - 0x0))
                0xffffffffefff74de                PROVIDE (__valid_user_code_checksum = (0x0 - ((((((_vStackTop + (ResetISR + 0x1)) + (NMI_Handler + 0x1)) + (HardFault_Handler + 0x1)) + (DEFINED (MemManage_Handler)?MemManage_Handler:0x0 + 0x1)) + (DEFINED (BusFault_Handler)?BusFault_Handler:0x0 + 0x1)) + (DEFINED (UsageFault_Handler)?UsageFault_Handler:0x0 + 0x1))))
                0x0000000000000000                _image_start = LOADADDR (.text)
                0x0000000000006888                _image_end = (LOADADDR (.data) + SIZEOF (.data))
                0x0000000000006888                _image_size = (_image_end - _image_start)
OUTPUT(tp4_olivaarias2_p2.axf elf32-littlearm)

.debug_info     0x0000000000000000     0xe179
 .debug_info    0x0000000000000000      0x276 ./src/cr_startup_lpc175x_6x_bkp.o
 .debug_info    0x0000000000000276      0xa24 ./src/heap_4.o
 .debug_info    0x0000000000000c9a      0x8da ./src/list.o
 .debug_info    0x0000000000001574      0x903 ./src/port.o
 .debug_info    0x0000000000001e77      0x3f2 ./src/printf-stdarg.o
 .debug_info    0x0000000000002269     0x18d8 ./src/queue.o
 .debug_info    0x0000000000003b41     0x2613 ./src/tasks.o
 .debug_info    0x0000000000006154     0x1266 ./src/tp4_olivaarias_p2.o
 .debug_info    0x00000000000073ba      0x9cf ./src/trcKernelPort.o
 .debug_info    0x0000000000007d89     0x2135 ./src/trcSnapshotRecorder.o
 .debug_info    0x0000000000009ebe      0x37d /home/agustinoli/Documents/MCUXpresso/workspace/CMSISv2p00_LPC17xx/Debug/libCMSISv2p00_LPC17xx.a(system_LPC17xx.o)
 .debug_info    0x000000000000a23b     0x136c /home/agustinoli/Documents/MCUXpresso/workspace/CMSISv2p00_LPC17xx/Debug/libCMSISv2p00_LPC17xx.a(lpc17xx_gpio.o)
 .debug_info    0x000000000000b5a7      0x5b6 /home/agustinoli/Documents/MCUXpresso/workspace/CMSISv2p00_LPC17xx/Debug/libCMSISv2p00_LPC17xx.a(lpc17xx_pinsel.o)
 .debug_info    0x000000000000bb5d     0x1df0 /home/agustinoli/Documents/MCUXpresso/workspace/CMSISv2p00_LPC17xx/Debug/libCMSISv2p00_LPC17xx.a(lpc17xx_uart.o)
 .debug_info    0x000000000000d94d      0x720 /home/agustinoli/Documents/MCUXpresso/workspace/CMSISv2p00_LPC17xx/Debug/libCMSISv2p00_LPC17xx.a(lpc17xx_clkpwr.o)
 .debug_info    0x000000000000e06d      0x10c /home/agustinoli/Documents/MCUXpresso/workspace/CMSISv2p00_LPC17xx/Debug/libCMSISv2p00_LPC17xx.a(lpc17xx_libcfg_default.o)

.debug_abbrev   0x0000000000000000     0x25cf
 .debug_abbrev  0x0000000000000000      0x12a ./src/cr_startup_lpc175x_6x_bkp.o
 .debug_abbrev  0x000000000000012a      0x206 ./src/heap_4.o
 .debug_abbrev  0x0000000000000330      0x18e ./src/list.o
 .debug_abbrev  0x00000000000004be      0x28b ./src/port.o
 .debug_abbrev  0x0000000000000749      0x163 ./src/printf-stdarg.o
 .debug_abbrev  0x00000000000008ac      0x364 ./src/queue.o
 .debug_abbrev  0x0000000000000c10      0x385 ./src/tasks.o
 .debug_abbrev  0x0000000000000f95      0x2fc ./src/tp4_olivaarias_p2.o
 .debug_abbrev  0x0000000000001291      0x1ed ./src/trcKernelPort.o
 .debug_abbrev  0x000000000000147e      0x3e4 ./src/trcSnapshotRecorder.o
 .debug_abbrev  0x0000000000001862      0x11c /home/agustinoli/Documents/MCUXpresso/workspace/CMSISv2p00_LPC17xx/Debug/libCMSISv2p00_LPC17xx.a(system_LPC17xx.o)
 .debug_abbrev  0x000000000000197e      0x39e /home/agustinoli/Documents/MCUXpresso/workspace/CMSISv2p00_LPC17xx/Debug/libCMSISv2p00_LPC17xx.a(lpc17xx_gpio.o)
 .debug_abbrev  0x0000000000001d1c      0x1f1 /home/agustinoli/Documents/MCUXpresso/workspace/CMSISv2p00_LPC17xx/Debug/libCMSISv2p00_LPC17xx.a(lpc17xx_pinsel.o)
 .debug_abbrev  0x0000000000001f0d      0x3f9 /home/agustinoli/Documents/MCUXpresso/workspace/CMSISv2p00_LPC17xx/Debug/libCMSISv2p00_LPC17xx.a(lpc17xx_uart.o)
 .debug_abbrev  0x0000000000002306      0x219 /home/agustinoli/Documents/MCUXpresso/workspace/CMSISv2p00_LPC17xx/Debug/libCMSISv2p00_LPC17xx.a(lpc17xx_clkpwr.o)
 .debug_abbrev  0x000000000000251f       0xb0 /home/agustinoli/Documents/MCUXpresso/workspace/CMSISv2p00_LPC17xx/Debug/libCMSISv2p00_LPC17xx.a(lpc17xx_libcfg_default.o)

.debug_aranges  0x0000000000000000      0xac0
 .debug_aranges
                0x0000000000000000       0x80 ./src/cr_startup_lpc175x_6x_bkp.o
 .debug_aranges
                0x0000000000000080       0x58 ./src/heap_4.o
 .debug_aranges
                0x00000000000000d8       0x40 ./src/list.o
 .debug_aranges
                0x0000000000000118       0x70 ./src/port.o
 .debug_aranges
                0x0000000000000188       0x58 ./src/printf-stdarg.o
 .debug_aranges
                0x00000000000001e0      0x128 ./src/queue.o
 .debug_aranges
                0x0000000000000308      0x208 ./src/tasks.o
 .debug_aranges
                0x0000000000000510       0x70 ./src/tp4_olivaarias_p2.o
 .debug_aranges
                0x0000000000000580       0xa8 ./src/trcKernelPort.o
 .debug_aranges
                0x0000000000000628      0x1e8 ./src/trcSnapshotRecorder.o
 .debug_aranges
                0x0000000000000810       0x28 /home/agustinoli/Documents/MCUXpresso/workspace/CMSISv2p00_LPC17xx/Debug/libCMSISv2p00_LPC17xx.a(system_LPC17xx.o)
 .debug_aranges
                0x0000000000000838       0xe0 /home/agustinoli/Documents/MCUXpresso/workspace/CMSISv2p00_LPC17xx/Debug/libCMSISv2p00_LPC17xx.a(lpc17xx_gpio.o)
 .debug_aranges
                0x0000000000000918       0x30 /home/agustinoli/Documents/MCUXpresso/workspace/CMSISv2p00_LPC17xx/Debug/libCMSISv2p00_LPC17xx.a(lpc17xx_pinsel.o)
 .debug_aranges
                0x0000000000000948      0x100 /home/agustinoli/Documents/MCUXpresso/workspace/CMSISv2p00_LPC17xx/Debug/libCMSISv2p00_LPC17xx.a(lpc17xx_uart.o)
 .debug_aranges
                0x0000000000000a48       0x58 /home/agustinoli/Documents/MCUXpresso/workspace/CMSISv2p00_LPC17xx/Debug/libCMSISv2p00_LPC17xx.a(lpc17xx_clkpwr.o)
 .debug_aranges
                0x0000000000000aa0       0x20 /home/agustinoli/Documents/MCUXpresso/workspace/CMSISv2p00_LPC17xx/Debug/libCMSISv2p00_LPC17xx.a(lpc17xx_libcfg_default.o)

.debug_ranges   0x0000000000000000      0xaf8
 .debug_ranges  0x0000000000000000       0x70 ./src/cr_startup_lpc175x_6x_bkp.o
 .debug_ranges  0x0000000000000070       0x48 ./src/heap_4.o
 .debug_ranges  0x00000000000000b8       0x30 ./src/list.o
 .debug_ranges  0x00000000000000e8       0x60 ./src/port.o
 .debug_ranges  0x0000000000000148       0x48 ./src/printf-stdarg.o
 .debug_ranges  0x0000000000000190      0x118 ./src/queue.o
 .debug_ranges  0x00000000000002a8      0x1f8 ./src/tasks.o
 .debug_ranges  0x00000000000004a0       0x60 ./src/tp4_olivaarias_p2.o
 .debug_ranges  0x0000000000000500       0x98 ./src/trcKernelPort.o
 .debug_ranges  0x0000000000000598      0x1d8 ./src/trcSnapshotRecorder.o
 .debug_ranges  0x0000000000000770       0x18 /home/agustinoli/Documents/MCUXpresso/workspace/CMSISv2p00_LPC17xx/Debug/libCMSISv2p00_LPC17xx.a(system_LPC17xx.o)
 .debug_ranges  0x0000000000000788      0x190 /home/agustinoli/Documents/MCUXpresso/workspace/CMSISv2p00_LPC17xx/Debug/libCMSISv2p00_LPC17xx.a(lpc17xx_gpio.o)
 .debug_ranges  0x0000000000000918       0x38 /home/agustinoli/Documents/MCUXpresso/workspace/CMSISv2p00_LPC17xx/Debug/libCMSISv2p00_LPC17xx.a(lpc17xx_pinsel.o)
 .debug_ranges  0x0000000000000950      0x150 /home/agustinoli/Documents/MCUXpresso/workspace/CMSISv2p00_LPC17xx/Debug/libCMSISv2p00_LPC17xx.a(lpc17xx_uart.o)
 .debug_ranges  0x0000000000000aa0       0x48 /home/agustinoli/Documents/MCUXpresso/workspace/CMSISv2p00_LPC17xx/Debug/libCMSISv2p00_LPC17xx.a(lpc17xx_clkpwr.o)
 .debug_ranges  0x0000000000000ae8       0x10 /home/agustinoli/Documents/MCUXpresso/workspace/CMSISv2p00_LPC17xx/Debug/libCMSISv2p00_LPC17xx.a(lpc17xx_libcfg_default.o)

.debug_macro    0x0000000000000000     0x67b2
 .debug_macro   0x0000000000000000       0x1d ./src/cr_startup_lpc175x_6x_bkp.o
 .debug_macro   0x000000000000001d      0xaa2 ./src/cr_startup_lpc175x_6x_bkp.o
 .debug_macro   0x0000000000000abf      0x175 ./src/heap_4.o
 .debug_macro   0x0000000000000c34       0x10 ./src/heap_4.o
 .debug_macro   0x0000000000000c44      0x12e ./src/heap_4.o
 .debug_macro   0x0000000000000d72       0x28 ./src/heap_4.o
 .debug_macro   0x0000000000000d9a      0x5b3 ./src/heap_4.o
 .debug_macro   0x000000000000134d       0x1c ./src/heap_4.o
 .debug_macro   0x0000000000001369       0x2e ./src/heap_4.o
 .debug_macro   0x0000000000001397       0x18 ./src/heap_4.o
 .debug_macro   0x00000000000013af      0x7af ./src/heap_4.o
 .debug_macro   0x0000000000001b5e      0x2c7 ./src/heap_4.o
 .debug_macro   0x0000000000001e25      0x14f ./src/heap_4.o
 .debug_macro   0x0000000000001f74       0x1c ./src/heap_4.o
 .debug_macro   0x0000000000001f90      0x13f ./src/heap_4.o
 .debug_macro   0x00000000000020cf       0x94 ./src/heap_4.o
 .debug_macro   0x0000000000002163       0xdd ./src/heap_4.o
 .debug_macro   0x0000000000002240       0x88 ./src/heap_4.o
 .debug_macro   0x00000000000022c8      0x98c ./src/heap_4.o
 .debug_macro   0x0000000000002c54      0x265 ./src/heap_4.o
 .debug_macro   0x0000000000002eb9      0x15a ./src/heap_4.o
 .debug_macro   0x0000000000003013       0xdd ./src/heap_4.o
 .debug_macro   0x00000000000030f0       0x1c ./src/heap_4.o
 .debug_macro   0x000000000000310c       0x26 ./src/heap_4.o
 .debug_macro   0x0000000000003132      0x3c9 ./src/heap_4.o
 .debug_macro   0x00000000000034fb       0xb5 ./src/heap_4.o
 .debug_macro   0x00000000000035b0       0xaa ./src/heap_4.o
 .debug_macro   0x000000000000365a      0x14e ./src/list.o
 .debug_macro   0x00000000000037a8      0x1eb ./src/port.o
 .debug_macro   0x0000000000003993       0x16 ./src/port.o
 .debug_macro   0x00000000000039a9       0x41 ./src/printf-stdarg.o
 .debug_macro   0x00000000000039ea       0x16 ./src/printf-stdarg.o
 .debug_macro   0x0000000000003a00      0x1bb ./src/queue.o
 .debug_macro   0x0000000000003bbb       0x80 ./src/queue.o
 .debug_macro   0x0000000000003c3b      0x231 ./src/tasks.o
 .debug_macro   0x0000000000003e6c       0x91 ./src/tasks.o
 .debug_macro   0x0000000000003efd       0x10 ./src/tasks.o
 .debug_macro   0x0000000000003f0d       0x9a ./src/tasks.o
 .debug_macro   0x0000000000003fa7      0x1d8 ./src/tp4_olivaarias_p2.o
 .debug_macro   0x000000000000417f       0x63 ./src/tp4_olivaarias_p2.o
 .debug_macro   0x00000000000041e2      0x334 ./src/tp4_olivaarias_p2.o
 .debug_macro   0x0000000000004516      0x145 ./src/tp4_olivaarias_p2.o
 .debug_macro   0x000000000000465b       0x46 ./src/tp4_olivaarias_p2.o
 .debug_macro   0x00000000000046a1       0x10 ./src/tp4_olivaarias_p2.o
 .debug_macro   0x00000000000046b1      0x155 ./src/tp4_olivaarias_p2.o
 .debug_macro   0x0000000000004806       0x1c ./src/tp4_olivaarias_p2.o
 .debug_macro   0x0000000000004822      0x15c ./src/trcKernelPort.o
 .debug_macro   0x000000000000497e      0x156 ./src/trcSnapshotRecorder.o
 .debug_macro   0x0000000000004ad4      0x4f6 ./src/trcSnapshotRecorder.o
 .debug_macro   0x0000000000004fca      0x12b /home/agustinoli/Documents/MCUXpresso/workspace/CMSISv2p00_LPC17xx/Debug/libCMSISv2p00_LPC17xx.a(system_LPC17xx.o)
 .debug_macro   0x00000000000050f5      0xa9c /home/agustinoli/Documents/MCUXpresso/workspace/CMSISv2p00_LPC17xx/Debug/libCMSISv2p00_LPC17xx.a(system_LPC17xx.o)
 .debug_macro   0x0000000000005b91       0x96 /home/agustinoli/Documents/MCUXpresso/workspace/CMSISv2p00_LPC17xx/Debug/libCMSISv2p00_LPC17xx.a(lpc17xx_gpio.o)
 .debug_macro   0x0000000000005c27       0x40 /home/agustinoli/Documents/MCUXpresso/workspace/CMSISv2p00_LPC17xx/Debug/libCMSISv2p00_LPC17xx.a(lpc17xx_gpio.o)
 .debug_macro   0x0000000000005c67       0xdd /home/agustinoli/Documents/MCUXpresso/workspace/CMSISv2p00_LPC17xx/Debug/libCMSISv2p00_LPC17xx.a(lpc17xx_gpio.o)
 .debug_macro   0x0000000000005d44       0x8d /home/agustinoli/Documents/MCUXpresso/workspace/CMSISv2p00_LPC17xx/Debug/libCMSISv2p00_LPC17xx.a(lpc17xx_pinsel.o)
 .debug_macro   0x0000000000005dd1      0x13f /home/agustinoli/Documents/MCUXpresso/workspace/CMSISv2p00_LPC17xx/Debug/libCMSISv2p00_LPC17xx.a(lpc17xx_pinsel.o)
 .debug_macro   0x0000000000005f10       0x9f /home/agustinoli/Documents/MCUXpresso/workspace/CMSISv2p00_LPC17xx/Debug/libCMSISv2p00_LPC17xx.a(lpc17xx_uart.o)
 .debug_macro   0x0000000000005faf      0x2f7 /home/agustinoli/Documents/MCUXpresso/workspace/CMSISv2p00_LPC17xx/Debug/libCMSISv2p00_LPC17xx.a(lpc17xx_uart.o)
 .debug_macro   0x00000000000062a6       0x8d /home/agustinoli/Documents/MCUXpresso/workspace/CMSISv2p00_LPC17xx/Debug/libCMSISv2p00_LPC17xx.a(lpc17xx_clkpwr.o)
 .debug_macro   0x0000000000006333      0x2f1 /home/agustinoli/Documents/MCUXpresso/workspace/CMSISv2p00_LPC17xx/Debug/libCMSISv2p00_LPC17xx.a(lpc17xx_clkpwr.o)
 .debug_macro   0x0000000000006624       0x5a /home/agustinoli/Documents/MCUXpresso/workspace/CMSISv2p00_LPC17xx/Debug/libCMSISv2p00_LPC17xx.a(lpc17xx_libcfg_default.o)
 .debug_macro   0x000000000000667e       0x5d /home/agustinoli/Documents/MCUXpresso/workspace/CMSISv2p00_LPC17xx/Debug/libCMSISv2p00_LPC17xx.a(lpc17xx_libcfg_default.o)
 .debug_macro   0x00000000000066db       0xd7 /home/agustinoli/Documents/MCUXpresso/workspace/CMSISv2p00_LPC17xx/Debug/libCMSISv2p00_LPC17xx.a(lpc17xx_libcfg_default.o)

.debug_line     0x0000000000000000     0x8d30
 .debug_line    0x0000000000000000      0x164 ./src/cr_startup_lpc175x_6x_bkp.o
 .debug_line    0x0000000000000164      0x62e ./src/heap_4.o
 .debug_line    0x0000000000000792      0x479 ./src/list.o
 .debug_line    0x0000000000000c0b      0x51b ./src/port.o
 .debug_line    0x0000000000001126      0x493 ./src/printf-stdarg.o
 .debug_line    0x00000000000015b9     0x1096 ./src/queue.o
 .debug_line    0x000000000000264f     0x18df ./src/tasks.o
 .debug_line    0x0000000000003f2e      0x69d ./src/tp4_olivaarias_p2.o
 .debug_line    0x00000000000045cb      0x6a8 ./src/trcKernelPort.o
 .debug_line    0x0000000000004c73     0x17dd ./src/trcSnapshotRecorder.o
 .debug_line    0x0000000000006450      0x434 /home/agustinoli/Documents/MCUXpresso/workspace/CMSISv2p00_LPC17xx/Debug/libCMSISv2p00_LPC17xx.a(system_LPC17xx.o)
 .debug_line    0x0000000000006884      0x8d2 /home/agustinoli/Documents/MCUXpresso/workspace/CMSISv2p00_LPC17xx/Debug/libCMSISv2p00_LPC17xx.a(lpc17xx_gpio.o)
 .debug_line    0x0000000000007156      0x36e /home/agustinoli/Documents/MCUXpresso/workspace/CMSISv2p00_LPC17xx/Debug/libCMSISv2p00_LPC17xx.a(lpc17xx_pinsel.o)
 .debug_line    0x00000000000074c4     0x11ed /home/agustinoli/Documents/MCUXpresso/workspace/CMSISv2p00_LPC17xx/Debug/libCMSISv2p00_LPC17xx.a(lpc17xx_uart.o)
 .debug_line    0x00000000000086b1      0x466 /home/agustinoli/Documents/MCUXpresso/workspace/CMSISv2p00_LPC17xx/Debug/libCMSISv2p00_LPC17xx.a(lpc17xx_clkpwr.o)
 .debug_line    0x0000000000008b17      0x219 /home/agustinoli/Documents/MCUXpresso/workspace/CMSISv2p00_LPC17xx/Debug/libCMSISv2p00_LPC17xx.a(lpc17xx_libcfg_default.o)

.debug_str      0x0000000000000000    0x20351
 .debug_str     0x0000000000000000     0x2f88 ./src/cr_startup_lpc175x_6x_bkp.o
                                       0x2fc6 (size before relaxing)
 .debug_str     0x0000000000002f88    0x13f1d ./src/heap_4.o
                                      0x16ded (size before relaxing)
 .debug_str     0x0000000000016ea5      0x119 ./src/list.o
                                      0x1653c (size before relaxing)
 .debug_str     0x0000000000016fbe      0x64d ./src/port.o
                                      0x170b9 (size before relaxing)
 .debug_str     0x000000000001760b       0xbd ./src/printf-stdarg.o
                                       0x2f6e (size before relaxing)
 .debug_str     0x00000000000176c8      0xf78 ./src/queue.o
                                      0x17ba4 (size before relaxing)
 .debug_str     0x0000000000018640     0x2007 ./src/tasks.o
                                      0x18dcc (size before relaxing)
 .debug_str     0x000000000001a647     0x2583 ./src/tp4_olivaarias_p2.o
                                      0x19a77 (size before relaxing)
 .debug_str     0x000000000001cbca      0x20a ./src/trcKernelPort.o
                                      0x1732e (size before relaxing)
 .debug_str     0x000000000001cdd4      0xf0e ./src/trcSnapshotRecorder.o
                                      0x16bd4 (size before relaxing)
 .debug_str     0x000000000001dce2      0x434 /home/agustinoli/Documents/MCUXpresso/workspace/CMSISv2p00_LPC17xx/Debug/libCMSISv2p00_LPC17xx.a(system_LPC17xx.o)
                                       0x89cd (size before relaxing)
 .debug_str     0x000000000001e116      0x592 /home/agustinoli/Documents/MCUXpresso/workspace/CMSISv2p00_LPC17xx/Debug/libCMSISv2p00_LPC17xx.a(lpc17xx_gpio.o)
                                       0x8f47 (size before relaxing)
 .debug_str     0x000000000001e6a8      0x21a /home/agustinoli/Documents/MCUXpresso/workspace/CMSISv2p00_LPC17xx/Debug/libCMSISv2p00_LPC17xx.a(lpc17xx_pinsel.o)
                                       0x8e60 (size before relaxing)
 .debug_str     0x000000000001e8c2     0x1967 /home/agustinoli/Documents/MCUXpresso/workspace/CMSISv2p00_LPC17xx/Debug/libCMSISv2p00_LPC17xx.a(lpc17xx_uart.o)
                                       0xbc8b (size before relaxing)
 .debug_str     0x0000000000020229      0x100 /home/agustinoli/Documents/MCUXpresso/workspace/CMSISv2p00_LPC17xx/Debug/libCMSISv2p00_LPC17xx.a(lpc17xx_clkpwr.o)
                                       0x9bd8 (size before relaxing)
 .debug_str     0x0000000000020329       0x28 /home/agustinoli/Documents/MCUXpresso/workspace/CMSISv2p00_LPC17xx/Debug/libCMSISv2p00_LPC17xx.a(lpc17xx_libcfg_default.o)
                                       0x47f2 (size before relaxing)

.comment        0x0000000000000000       0x76
 .comment       0x0000000000000000       0x76 ./src/cr_startup_lpc175x_6x_bkp.o
                                         0x77 (size before relaxing)
 .comment       0x0000000000000076       0x77 ./src/heap_4.o
 .comment       0x0000000000000076       0x77 ./src/list.o
 .comment       0x0000000000000076       0x77 ./src/port.o
 .comment       0x0000000000000076       0x77 ./src/printf-stdarg.o
 .comment       0x0000000000000076       0x77 ./src/queue.o
 .comment       0x0000000000000076       0x77 ./src/tasks.o
 .comment       0x0000000000000076       0x77 ./src/tp4_olivaarias_p2.o
 .comment       0x0000000000000076       0x77 ./src/trcKernelPort.o
 .comment       0x0000000000000076       0x77 ./src/trcSnapshotRecorder.o
 .comment       0x0000000000000076       0x77 /home/agustinoli/Documents/MCUXpresso/workspace/CMSISv2p00_LPC17xx/Debug/libCMSISv2p00_LPC17xx.a(system_LPC17xx.o)
 .comment       0x0000000000000076       0x77 /home/agustinoli/Documents/MCUXpresso/workspace/CMSISv2p00_LPC17xx/Debug/libCMSISv2p00_LPC17xx.a(lpc17xx_gpio.o)
 .comment       0x0000000000000076       0x77 /home/agustinoli/Documents/MCUXpresso/workspace/CMSISv2p00_LPC17xx/Debug/libCMSISv2p00_LPC17xx.a(lpc17xx_pinsel.o)
 .comment       0x0000000000000076       0x77 /home/agustinoli/Documents/MCUXpresso/workspace/CMSISv2p00_LPC17xx/Debug/libCMSISv2p00_LPC17xx.a(lpc17xx_uart.o)
 .comment       0x0000000000000076       0x77 /home/agustinoli/Documents/MCUXpresso/workspace/CMSISv2p00_LPC17xx/Debug/libCMSISv2p00_LPC17xx.a(lpc17xx_clkpwr.o)
 .comment       0x0000000000000076       0x77 /home/agustinoli/Documents/MCUXpresso/workspace/CMSISv2p00_LPC17xx/Debug/libCMSISv2p00_LPC17xx.a(lpc17xx_libcfg_default.o)
 .comment       0x0000000000000076       0x77 /usr/local/mcuxpressoide-11.1.0_3209/ide/plugins/com.nxp.mcuxpresso.tools.linux_11.1.0.201909161352/tools/bin/../lib/gcc/arm-none-eabi/8.3.1/../../../../arm-none-eabi/lib/thumb/v7-m/nofp/libcr_c.a(memcpy.o)
 .comment       0x0000000000000076       0x77 /usr/local/mcuxpressoide-11.1.0_3209/ide/plugins/com.nxp.mcuxpresso.tools.linux_11.1.0.201909161352/tools/bin/../lib/gcc/arm-none-eabi/8.3.1/../../../../arm-none-eabi/lib/thumb/v7-m/nofp/libcr_c.a(memset.o)
 .comment       0x0000000000000076       0x77 /usr/local/mcuxpressoide-11.1.0_3209/ide/plugins/com.nxp.mcuxpresso.tools.linux_11.1.0.201909161352/tools/bin/../lib/gcc/arm-none-eabi/8.3.1/../../../../arm-none-eabi/lib/thumb/v7-m/nofp/libcr_c.a(__weak__main.o)
 .comment       0x0000000000000076       0x77 /usr/local/mcuxpressoide-11.1.0_3209/ide/plugins/com.nxp.mcuxpresso.tools.linux_11.1.0.201909161352/tools/bin/../lib/gcc/arm-none-eabi/8.3.1/../../../../arm-none-eabi/lib/thumb/v7-m/nofp/libcr_c.a(stdlib.o)
 .comment       0x0000000000000076       0x77 /usr/local/mcuxpressoide-11.1.0_3209/ide/plugins/com.nxp.mcuxpresso.tools.linux_11.1.0.201909161352/tools/bin/../lib/gcc/arm-none-eabi/8.3.1/../../../../arm-none-eabi/lib/thumb/v7-m/nofp/libcr_c.a(strncmp.o)
 .comment       0x0000000000000076       0x77 /usr/local/mcuxpressoide-11.1.0_3209/ide/plugins/com.nxp.mcuxpresso.tools.linux_11.1.0.201909161352/tools/bin/../lib/gcc/arm-none-eabi/8.3.1/thumb/v7-m/nofp/libcr_eabihelpers.a(double.o)

.ARM.attributes
                0x0000000000000000       0x2b
 .ARM.attributes
                0x0000000000000000       0x2d ./src/cr_startup_lpc175x_6x_bkp.o
 .ARM.attributes
                0x000000000000002d       0x2d ./src/heap_4.o
 .ARM.attributes
                0x000000000000005a       0x2d ./src/list.o
 .ARM.attributes
                0x0000000000000087       0x2d ./src/port.o
 .ARM.attributes
                0x00000000000000b4       0x2d ./src/printf-stdarg.o
 .ARM.attributes
                0x00000000000000e1       0x2d ./src/queue.o
 .ARM.attributes
                0x000000000000010e       0x2d ./src/tasks.o
 .ARM.attributes
                0x000000000000013b       0x2d ./src/tp4_olivaarias_p2.o
 .ARM.attributes
                0x0000000000000168       0x2d ./src/trcKernelPort.o
 .ARM.attributes
                0x0000000000000195       0x2d ./src/trcSnapshotRecorder.o
 .ARM.attributes
                0x00000000000001c2       0x2d /home/agustinoli/Documents/MCUXpresso/workspace/CMSISv2p00_LPC17xx/Debug/libCMSISv2p00_LPC17xx.a(system_LPC17xx.o)
 .ARM.attributes
                0x00000000000001ef       0x2d /home/agustinoli/Documents/MCUXpresso/workspace/CMSISv2p00_LPC17xx/Debug/libCMSISv2p00_LPC17xx.a(lpc17xx_gpio.o)
 .ARM.attributes
                0x000000000000021c       0x2d /home/agustinoli/Documents/MCUXpresso/workspace/CMSISv2p00_LPC17xx/Debug/libCMSISv2p00_LPC17xx.a(lpc17xx_pinsel.o)
 .ARM.attributes
                0x0000000000000249       0x2d /home/agustinoli/Documents/MCUXpresso/workspace/CMSISv2p00_LPC17xx/Debug/libCMSISv2p00_LPC17xx.a(lpc17xx_uart.o)
 .ARM.attributes
                0x0000000000000276       0x2d /home/agustinoli/Documents/MCUXpresso/workspace/CMSISv2p00_LPC17xx/Debug/libCMSISv2p00_LPC17xx.a(lpc17xx_clkpwr.o)
 .ARM.attributes
                0x00000000000002a3       0x2d /home/agustinoli/Documents/MCUXpresso/workspace/CMSISv2p00_LPC17xx/Debug/libCMSISv2p00_LPC17xx.a(lpc17xx_libcfg_default.o)
 .ARM.attributes
                0x00000000000002d0       0x2d /usr/local/mcuxpressoide-11.1.0_3209/ide/plugins/com.nxp.mcuxpresso.tools.linux_11.1.0.201909161352/tools/bin/../lib/gcc/arm-none-eabi/8.3.1/../../../../arm-none-eabi/lib/thumb/v7-m/nofp/libcr_c.a(memcpy.o)
 .ARM.attributes
                0x00000000000002fd       0x2d /usr/local/mcuxpressoide-11.1.0_3209/ide/plugins/com.nxp.mcuxpresso.tools.linux_11.1.0.201909161352/tools/bin/../lib/gcc/arm-none-eabi/8.3.1/../../../../arm-none-eabi/lib/thumb/v7-m/nofp/libcr_c.a(memset.o)
 .ARM.attributes
                0x000000000000032a       0x2d /usr/local/mcuxpressoide-11.1.0_3209/ide/plugins/com.nxp.mcuxpresso.tools.linux_11.1.0.201909161352/tools/bin/../lib/gcc/arm-none-eabi/8.3.1/../../../../arm-none-eabi/lib/thumb/v7-m/nofp/libcr_c.a(__weak__main.o)
 .ARM.attributes
                0x0000000000000357       0x2d /usr/local/mcuxpressoide-11.1.0_3209/ide/plugins/com.nxp.mcuxpresso.tools.linux_11.1.0.201909161352/tools/bin/../lib/gcc/arm-none-eabi/8.3.1/../../../../arm-none-eabi/lib/thumb/v7-m/nofp/libcr_c.a(stdlib.o)
 .ARM.attributes
                0x0000000000000384       0x2d /usr/local/mcuxpressoide-11.1.0_3209/ide/plugins/com.nxp.mcuxpresso.tools.linux_11.1.0.201909161352/tools/bin/../lib/gcc/arm-none-eabi/8.3.1/../../../../arm-none-eabi/lib/thumb/v7-m/nofp/libcr_c.a(strncmp.o)
 .ARM.attributes
                0x00000000000003b1       0x2d /usr/local/mcuxpressoide-11.1.0_3209/ide/plugins/com.nxp.mcuxpresso.tools.linux_11.1.0.201909161352/tools/bin/../lib/gcc/arm-none-eabi/8.3.1/thumb/v7-m/nofp/libcr_eabihelpers.a(double.o)
 .ARM.attributes
                0x00000000000003de       0x1b /usr/local/mcuxpressoide-11.1.0_3209/ide/plugins/com.nxp.mcuxpresso.tools.linux_11.1.0.201909161352/tools/bin/../lib/gcc/arm-none-eabi/8.3.1/thumb/v7-m/nofp/libcr_eabihelpers.a(memcpy.o)

.debug_frame    0x0000000000000000     0x2720
 .debug_frame   0x0000000000000000      0x170 ./src/cr_startup_lpc175x_6x_bkp.o
 .debug_frame   0x0000000000000170      0x12c ./src/heap_4.o
 .debug_frame   0x000000000000029c       0xd8 ./src/list.o
 .debug_frame   0x0000000000000374      0x160 ./src/port.o
 .debug_frame   0x00000000000004d4      0x194 ./src/printf-stdarg.o
 .debug_frame   0x0000000000000668      0x53c ./src/queue.o
 .debug_frame   0x0000000000000ba4      0x900 ./src/tasks.o
 .debug_frame   0x00000000000014a4      0x184 ./src/tp4_olivaarias_p2.o
 .debug_frame   0x0000000000001628      0x28c ./src/trcKernelPort.o
 .debug_frame   0x00000000000018b4      0x828 ./src/trcSnapshotRecorder.o
 .debug_frame   0x00000000000020dc       0x3c /home/agustinoli/Documents/MCUXpresso/workspace/CMSISv2p00_LPC17xx/Debug/libCMSISv2p00_LPC17xx.a(system_LPC17xx.o)
 .debug_frame   0x0000000000002118      0x1c0 /home/agustinoli/Documents/MCUXpresso/workspace/CMSISv2p00_LPC17xx/Debug/libCMSISv2p00_LPC17xx.a(lpc17xx_gpio.o)
 .debug_frame   0x00000000000022d8       0x50 /home/agustinoli/Documents/MCUXpresso/workspace/CMSISv2p00_LPC17xx/Debug/libCMSISv2p00_LPC17xx.a(lpc17xx_pinsel.o)
 .debug_frame   0x0000000000002328      0x338 /home/agustinoli/Documents/MCUXpresso/workspace/CMSISv2p00_LPC17xx/Debug/libCMSISv2p00_LPC17xx.a(lpc17xx_uart.o)
 .debug_frame   0x0000000000002660       0xa0 /home/agustinoli/Documents/MCUXpresso/workspace/CMSISv2p00_LPC17xx/Debug/libCMSISv2p00_LPC17xx.a(lpc17xx_clkpwr.o)
 .debug_frame   0x0000000000002700       0x20 /home/agustinoli/Documents/MCUXpresso/workspace/CMSISv2p00_LPC17xx/Debug/libCMSISv2p00_LPC17xx.a(lpc17xx_libcfg_default.o)

.debug_loc      0x0000000000000000     0x269a
 .debug_loc     0x0000000000000000      0xbe4 /home/agustinoli/Documents/MCUXpresso/workspace/CMSISv2p00_LPC17xx/Debug/libCMSISv2p00_LPC17xx.a(lpc17xx_gpio.o)
 .debug_loc     0x0000000000000be4      0x17d /home/agustinoli/Documents/MCUXpresso/workspace/CMSISv2p00_LPC17xx/Debug/libCMSISv2p00_LPC17xx.a(lpc17xx_pinsel.o)
 .debug_loc     0x0000000000000d61     0x1715 /home/agustinoli/Documents/MCUXpresso/workspace/CMSISv2p00_LPC17xx/Debug/libCMSISv2p00_LPC17xx.a(lpc17xx_uart.o)
 .debug_loc     0x0000000000002476      0x1fa /home/agustinoli/Documents/MCUXpresso/workspace/CMSISv2p00_LPC17xx/Debug/libCMSISv2p00_LPC17xx.a(lpc17xx_clkpwr.o)
 .debug_loc     0x0000000000002670       0x2a /home/agustinoli/Documents/MCUXpresso/workspace/CMSISv2p00_LPC17xx/Debug/libCMSISv2p00_LPC17xx.a(lpc17xx_libcfg_default.o)

Cross Reference Table

Symbol                                            File
ADC_IRQHandler                                    ./src/cr_startup_lpc175x_6x_bkp.o
BOD_IRQHandler                                    ./src/cr_startup_lpc175x_6x_bkp.o
BusFault_Handler                                  ./src/cr_startup_lpc175x_6x_bkp.o
CANActivity_IRQHandler                            ./src/cr_startup_lpc175x_6x_bkp.o
CAN_IRQHandler                                    ./src/cr_startup_lpc175x_6x_bkp.o
CLKPWR_ConfigPPWR                                 /home/agustinoli/Documents/MCUXpresso/workspace/CMSISv2p00_LPC17xx/Debug/libCMSISv2p00_LPC17xx.a(lpc17xx_clkpwr.o)
                                                  /home/agustinoli/Documents/MCUXpresso/workspace/CMSISv2p00_LPC17xx/Debug/libCMSISv2p00_LPC17xx.a(lpc17xx_uart.o)
CLKPWR_DeepPowerDown                              /home/agustinoli/Documents/MCUXpresso/workspace/CMSISv2p00_LPC17xx/Debug/libCMSISv2p00_LPC17xx.a(lpc17xx_clkpwr.o)
CLKPWR_DeepSleep                                  /home/agustinoli/Documents/MCUXpresso/workspace/CMSISv2p00_LPC17xx/Debug/libCMSISv2p00_LPC17xx.a(lpc17xx_clkpwr.o)
CLKPWR_GetPCLK                                    /home/agustinoli/Documents/MCUXpresso/workspace/CMSISv2p00_LPC17xx/Debug/libCMSISv2p00_LPC17xx.a(lpc17xx_clkpwr.o)
                                                  /home/agustinoli/Documents/MCUXpresso/workspace/CMSISv2p00_LPC17xx/Debug/libCMSISv2p00_LPC17xx.a(lpc17xx_uart.o)
CLKPWR_GetPCLKSEL                                 /home/agustinoli/Documents/MCUXpresso/workspace/CMSISv2p00_LPC17xx/Debug/libCMSISv2p00_LPC17xx.a(lpc17xx_clkpwr.o)
CLKPWR_PowerDown                                  /home/agustinoli/Documents/MCUXpresso/workspace/CMSISv2p00_LPC17xx/Debug/libCMSISv2p00_LPC17xx.a(lpc17xx_clkpwr.o)
CLKPWR_SetPCLKDiv                                 /home/agustinoli/Documents/MCUXpresso/workspace/CMSISv2p00_LPC17xx/Debug/libCMSISv2p00_LPC17xx.a(lpc17xx_clkpwr.o)
CLKPWR_Sleep                                      /home/agustinoli/Documents/MCUXpresso/workspace/CMSISv2p00_LPC17xx/Debug/libCMSISv2p00_LPC17xx.a(lpc17xx_clkpwr.o)
CurrentFilterGroup                                ./src/trcSnapshotRecorder.o
                                                  ./src/tasks.o
                                                  ./src/queue.o
CurrentFilterMask                                 ./src/trcSnapshotRecorder.o
                                                  ./src/tasks.o
                                                  ./src/queue.o
DMA_IRQHandler                                    ./src/cr_startup_lpc175x_6x_bkp.o
DebugMon_Handler                                  ./src/cr_startup_lpc175x_6x_bkp.o
EINT0_IRQHandler                                  ./src/cr_startup_lpc175x_6x_bkp.o
EINT1_IRQHandler                                  ./src/cr_startup_lpc175x_6x_bkp.o
EINT2_IRQHandler                                  ./src/cr_startup_lpc175x_6x_bkp.o
EINT3_IRQHandler                                  ./src/cr_startup_lpc175x_6x_bkp.o
ENET_IRQHandler                                   ./src/cr_startup_lpc175x_6x_bkp.o
FIO_ByteClearValue                                /home/agustinoli/Documents/MCUXpresso/workspace/CMSISv2p00_LPC17xx/Debug/libCMSISv2p00_LPC17xx.a(lpc17xx_gpio.o)
FIO_ByteReadValue                                 /home/agustinoli/Documents/MCUXpresso/workspace/CMSISv2p00_LPC17xx/Debug/libCMSISv2p00_LPC17xx.a(lpc17xx_gpio.o)
FIO_ByteSetDir                                    /home/agustinoli/Documents/MCUXpresso/workspace/CMSISv2p00_LPC17xx/Debug/libCMSISv2p00_LPC17xx.a(lpc17xx_gpio.o)
FIO_ByteSetMask                                   /home/agustinoli/Documents/MCUXpresso/workspace/CMSISv2p00_LPC17xx/Debug/libCMSISv2p00_LPC17xx.a(lpc17xx_gpio.o)
FIO_ByteSetValue                                  /home/agustinoli/Documents/MCUXpresso/workspace/CMSISv2p00_LPC17xx/Debug/libCMSISv2p00_LPC17xx.a(lpc17xx_gpio.o)
FIO_ClearInt                                      /home/agustinoli/Documents/MCUXpresso/workspace/CMSISv2p00_LPC17xx/Debug/libCMSISv2p00_LPC17xx.a(lpc17xx_gpio.o)
FIO_ClearValue                                    /home/agustinoli/Documents/MCUXpresso/workspace/CMSISv2p00_LPC17xx/Debug/libCMSISv2p00_LPC17xx.a(lpc17xx_gpio.o)
FIO_GetIntStatus                                  /home/agustinoli/Documents/MCUXpresso/workspace/CMSISv2p00_LPC17xx/Debug/libCMSISv2p00_LPC17xx.a(lpc17xx_gpio.o)
FIO_HalfWordClearValue                            /home/agustinoli/Documents/MCUXpresso/workspace/CMSISv2p00_LPC17xx/Debug/libCMSISv2p00_LPC17xx.a(lpc17xx_gpio.o)
FIO_HalfWordReadValue                             /home/agustinoli/Documents/MCUXpresso/workspace/CMSISv2p00_LPC17xx/Debug/libCMSISv2p00_LPC17xx.a(lpc17xx_gpio.o)
FIO_HalfWordSetDir                                /home/agustinoli/Documents/MCUXpresso/workspace/CMSISv2p00_LPC17xx/Debug/libCMSISv2p00_LPC17xx.a(lpc17xx_gpio.o)
FIO_HalfWordSetMask                               /home/agustinoli/Documents/MCUXpresso/workspace/CMSISv2p00_LPC17xx/Debug/libCMSISv2p00_LPC17xx.a(lpc17xx_gpio.o)
FIO_HalfWordSetValue                              /home/agustinoli/Documents/MCUXpresso/workspace/CMSISv2p00_LPC17xx/Debug/libCMSISv2p00_LPC17xx.a(lpc17xx_gpio.o)
FIO_IntCmd                                        /home/agustinoli/Documents/MCUXpresso/workspace/CMSISv2p00_LPC17xx/Debug/libCMSISv2p00_LPC17xx.a(lpc17xx_gpio.o)
FIO_ReadValue                                     /home/agustinoli/Documents/MCUXpresso/workspace/CMSISv2p00_LPC17xx/Debug/libCMSISv2p00_LPC17xx.a(lpc17xx_gpio.o)
FIO_SetDir                                        /home/agustinoli/Documents/MCUXpresso/workspace/CMSISv2p00_LPC17xx/Debug/libCMSISv2p00_LPC17xx.a(lpc17xx_gpio.o)
FIO_SetMask                                       /home/agustinoli/Documents/MCUXpresso/workspace/CMSISv2p00_LPC17xx/Debug/libCMSISv2p00_LPC17xx.a(lpc17xx_gpio.o)
FIO_SetValue                                      /home/agustinoli/Documents/MCUXpresso/workspace/CMSISv2p00_LPC17xx/Debug/libCMSISv2p00_LPC17xx.a(lpc17xx_gpio.o)
GPIO_ClearInt                                     /home/agustinoli/Documents/MCUXpresso/workspace/CMSISv2p00_LPC17xx/Debug/libCMSISv2p00_LPC17xx.a(lpc17xx_gpio.o)
GPIO_ClearValue                                   /home/agustinoli/Documents/MCUXpresso/workspace/CMSISv2p00_LPC17xx/Debug/libCMSISv2p00_LPC17xx.a(lpc17xx_gpio.o)
GPIO_GetIntStatus                                 /home/agustinoli/Documents/MCUXpresso/workspace/CMSISv2p00_LPC17xx/Debug/libCMSISv2p00_LPC17xx.a(lpc17xx_gpio.o)
GPIO_IntCmd                                       /home/agustinoli/Documents/MCUXpresso/workspace/CMSISv2p00_LPC17xx/Debug/libCMSISv2p00_LPC17xx.a(lpc17xx_gpio.o)
GPIO_ReadValue                                    /home/agustinoli/Documents/MCUXpresso/workspace/CMSISv2p00_LPC17xx/Debug/libCMSISv2p00_LPC17xx.a(lpc17xx_gpio.o)
GPIO_SetDir                                       /home/agustinoli/Documents/MCUXpresso/workspace/CMSISv2p00_LPC17xx/Debug/libCMSISv2p00_LPC17xx.a(lpc17xx_gpio.o)
                                                  ./src/tp4_olivaarias_p2.o
GPIO_SetValue                                     /home/agustinoli/Documents/MCUXpresso/workspace/CMSISv2p00_LPC17xx/Debug/libCMSISv2p00_LPC17xx.a(lpc17xx_gpio.o)
HardFault_Handler                                 ./src/cr_startup_lpc175x_6x_bkp.o
I2C0_IRQHandler                                   ./src/cr_startup_lpc175x_6x_bkp.o
I2C1_IRQHandler                                   ./src/cr_startup_lpc175x_6x_bkp.o
I2C2_IRQHandler                                   ./src/cr_startup_lpc175x_6x_bkp.o
I2S_IRQHandler                                    ./src/cr_startup_lpc175x_6x_bkp.o
IntDefaultHandler                                 ./src/cr_startup_lpc175x_6x_bkp.o
MCPWM_IRQHandler                                  ./src/cr_startup_lpc175x_6x_bkp.o
MemManage_Handler                                 ./src/cr_startup_lpc175x_6x_bkp.o
MyWrapper                                         ./src/queue.o
NMI_Handler                                       ./src/cr_startup_lpc175x_6x_bkp.o
PINSEL_ConfigPin                                  /home/agustinoli/Documents/MCUXpresso/workspace/CMSISv2p00_LPC17xx/Debug/libCMSISv2p00_LPC17xx.a(lpc17xx_pinsel.o)
                                                  ./src/tp4_olivaarias_p2.o
PINSEL_ConfigTraceFunc                            /home/agustinoli/Documents/MCUXpresso/workspace/CMSISv2p00_LPC17xx/Debug/libCMSISv2p00_LPC17xx.a(lpc17xx_pinsel.o)
PINSEL_SetI2C0Pins                                /home/agustinoli/Documents/MCUXpresso/workspace/CMSISv2p00_LPC17xx/Debug/libCMSISv2p00_LPC17xx.a(lpc17xx_pinsel.o)
PLL0_IRQHandler                                   ./src/cr_startup_lpc175x_6x_bkp.o
PLL1_IRQHandler                                   ./src/cr_startup_lpc175x_6x_bkp.o
PWM1_IRQHandler                                   ./src/cr_startup_lpc175x_6x_bkp.o
PendSV_Handler                                    ./src/port.o
                                                  ./src/cr_startup_lpc175x_6x_bkp.o
QEI_IRQHandler                                    ./src/cr_startup_lpc175x_6x_bkp.o
RIT_IRQHandler                                    ./src/cr_startup_lpc175x_6x_bkp.o
RTC_IRQHandler                                    ./src/cr_startup_lpc175x_6x_bkp.o
RecorderData                                      ./src/trcSnapshotRecorder.o
RecorderDataPtr                                   ./src/trcSnapshotRecorder.o
                                                  ./src/trcKernelPort.o
ResetISR                                          ./src/cr_startup_lpc175x_6x_bkp.o
SPI_IRQHandler                                    ./src/cr_startup_lpc175x_6x_bkp.o
SSP0_IRQHandler                                   ./src/cr_startup_lpc175x_6x_bkp.o
SSP1_IRQHandler                                   ./src/cr_startup_lpc175x_6x_bkp.o
SVC_Handler                                       ./src/port.o
                                                  ./src/cr_startup_lpc175x_6x_bkp.o
SysTick_Handler                                   ./src/port.o
                                                  ./src/cr_startup_lpc175x_6x_bkp.o
SystemCoreClock                                   /home/agustinoli/Documents/MCUXpresso/workspace/CMSISv2p00_LPC17xx/Debug/libCMSISv2p00_LPC17xx.a(system_LPC17xx.o)
                                                  /home/agustinoli/Documents/MCUXpresso/workspace/CMSISv2p00_LPC17xx/Debug/libCMSISv2p00_LPC17xx.a(lpc17xx_clkpwr.o)
SystemCoreClockUpdate                             /home/agustinoli/Documents/MCUXpresso/workspace/CMSISv2p00_LPC17xx/Debug/libCMSISv2p00_LPC17xx.a(system_LPC17xx.o)
SystemInit                                        /home/agustinoli/Documents/MCUXpresso/workspace/CMSISv2p00_LPC17xx/Debug/libCMSISv2p00_LPC17xx.a(system_LPC17xx.o)
                                                  ./src/cr_startup_lpc175x_6x_bkp.o
TIMER0_IRQHandler                                 ./src/cr_startup_lpc175x_6x_bkp.o
TIMER1_IRQHandler                                 ./src/cr_startup_lpc175x_6x_bkp.o
TIMER2_IRQHandler                                 ./src/cr_startup_lpc175x_6x_bkp.o
TIMER3_IRQHandler                                 ./src/cr_startup_lpc175x_6x_bkp.o
TraceQueueClassTable                              ./src/trcKernelPort.o
                                                  ./src/queue.o
UART0_IRQHandler                                  ./src/cr_startup_lpc175x_6x_bkp.o
UART1_IRQHandler                                  ./src/cr_startup_lpc175x_6x_bkp.o
UART2_IRQHandler                                  ./src/cr_startup_lpc175x_6x_bkp.o
UART3_IRQHandler                                  ./src/cr_startup_lpc175x_6x_bkp.o
UART_ABClearIntPending                            /home/agustinoli/Documents/MCUXpresso/workspace/CMSISv2p00_LPC17xx/Debug/libCMSISv2p00_LPC17xx.a(lpc17xx_uart.o)
UART_ABCmd                                        /home/agustinoli/Documents/MCUXpresso/workspace/CMSISv2p00_LPC17xx/Debug/libCMSISv2p00_LPC17xx.a(lpc17xx_uart.o)
UART_CheckBusy                                    /home/agustinoli/Documents/MCUXpresso/workspace/CMSISv2p00_LPC17xx/Debug/libCMSISv2p00_LPC17xx.a(lpc17xx_uart.o)
UART_ConfigStructInit                             /home/agustinoli/Documents/MCUXpresso/workspace/CMSISv2p00_LPC17xx/Debug/libCMSISv2p00_LPC17xx.a(lpc17xx_uart.o)
                                                  ./src/tp4_olivaarias_p2.o
UART_DeInit                                       /home/agustinoli/Documents/MCUXpresso/workspace/CMSISv2p00_LPC17xx/Debug/libCMSISv2p00_LPC17xx.a(lpc17xx_uart.o)
UART_FIFOConfig                                   /home/agustinoli/Documents/MCUXpresso/workspace/CMSISv2p00_LPC17xx/Debug/libCMSISv2p00_LPC17xx.a(lpc17xx_uart.o)
                                                  ./src/tp4_olivaarias_p2.o
UART_FIFOConfigStructInit                         /home/agustinoli/Documents/MCUXpresso/workspace/CMSISv2p00_LPC17xx/Debug/libCMSISv2p00_LPC17xx.a(lpc17xx_uart.o)
                                                  ./src/tp4_olivaarias_p2.o
UART_ForceBreak                                   /home/agustinoli/Documents/MCUXpresso/workspace/CMSISv2p00_LPC17xx/Debug/libCMSISv2p00_LPC17xx.a(lpc17xx_uart.o)
UART_FullModemConfigMode                          /home/agustinoli/Documents/MCUXpresso/workspace/CMSISv2p00_LPC17xx/Debug/libCMSISv2p00_LPC17xx.a(lpc17xx_uart.o)
UART_FullModemForcePinState                       /home/agustinoli/Documents/MCUXpresso/workspace/CMSISv2p00_LPC17xx/Debug/libCMSISv2p00_LPC17xx.a(lpc17xx_uart.o)
UART_FullModemGetStatus                           /home/agustinoli/Documents/MCUXpresso/workspace/CMSISv2p00_LPC17xx/Debug/libCMSISv2p00_LPC17xx.a(lpc17xx_uart.o)
UART_GetIntId                                     /home/agustinoli/Documents/MCUXpresso/workspace/CMSISv2p00_LPC17xx/Debug/libCMSISv2p00_LPC17xx.a(lpc17xx_uart.o)
UART_GetLineStatus                                /home/agustinoli/Documents/MCUXpresso/workspace/CMSISv2p00_LPC17xx/Debug/libCMSISv2p00_LPC17xx.a(lpc17xx_uart.o)
UART_Init                                         /home/agustinoli/Documents/MCUXpresso/workspace/CMSISv2p00_LPC17xx/Debug/libCMSISv2p00_LPC17xx.a(lpc17xx_uart.o)
                                                  ./src/tp4_olivaarias_p2.o
UART_IntConfig                                    /home/agustinoli/Documents/MCUXpresso/workspace/CMSISv2p00_LPC17xx/Debug/libCMSISv2p00_LPC17xx.a(lpc17xx_uart.o)
                                                  ./src/tp4_olivaarias_p2.o
UART_IrDACmd                                      /home/agustinoli/Documents/MCUXpresso/workspace/CMSISv2p00_LPC17xx/Debug/libCMSISv2p00_LPC17xx.a(lpc17xx_uart.o)
UART_IrDAInvtInputCmd                             /home/agustinoli/Documents/MCUXpresso/workspace/CMSISv2p00_LPC17xx/Debug/libCMSISv2p00_LPC17xx.a(lpc17xx_uart.o)
UART_IrDAPulseDivConfig                           /home/agustinoli/Documents/MCUXpresso/workspace/CMSISv2p00_LPC17xx/Debug/libCMSISv2p00_LPC17xx.a(lpc17xx_uart.o)
UART_RS485Config                                  /home/agustinoli/Documents/MCUXpresso/workspace/CMSISv2p00_LPC17xx/Debug/libCMSISv2p00_LPC17xx.a(lpc17xx_uart.o)
UART_RS485ReceiverCmd                             /home/agustinoli/Documents/MCUXpresso/workspace/CMSISv2p00_LPC17xx/Debug/libCMSISv2p00_LPC17xx.a(lpc17xx_uart.o)
UART_RS485Send                                    /home/agustinoli/Documents/MCUXpresso/workspace/CMSISv2p00_LPC17xx/Debug/libCMSISv2p00_LPC17xx.a(lpc17xx_uart.o)
UART_RS485SendData                                /home/agustinoli/Documents/MCUXpresso/workspace/CMSISv2p00_LPC17xx/Debug/libCMSISv2p00_LPC17xx.a(lpc17xx_uart.o)
UART_RS485SendSlvAddr                             /home/agustinoli/Documents/MCUXpresso/workspace/CMSISv2p00_LPC17xx/Debug/libCMSISv2p00_LPC17xx.a(lpc17xx_uart.o)
UART_Receive                                      /home/agustinoli/Documents/MCUXpresso/workspace/CMSISv2p00_LPC17xx/Debug/libCMSISv2p00_LPC17xx.a(lpc17xx_uart.o)